Component: Arm Compiler for Embedded 6.19 Tool: armlink [5e73cb00]

==============================================================================

Section Cross References

    main.o(.text.HAL_GetTick) refers to rtx_kernel.o(.text.osKernelGetState) for osKernelGetState
    main.o(.text.HAL_GetTick) refers to rtx_kernel.o(.text.osKernelGetTickCount) for osKernelGetTickCount
    main.o(.text.HAL_GetTick) refers to system_stm32f4xx.o(.data.SystemCoreClock) for SystemCoreClock
    main.o(.text.HAL_GetTick) refers to main.o(.bss.HAL_GetTick.ticks) for HAL_GetTick.ticks
    main.o(.ARM.exidx.text.HAL_GetTick) refers to main.o(.text.HAL_GetTick) for [Anonymous Symbol]
    main.o(.ARM.exidx.text.HAL_InitTick) refers to main.o(.text.HAL_InitTick) for [Anonymous Symbol]
    main.o(.text.main) refers to stm32f4xx_hal.o(.text.HAL_Init) for HAL_Init
    main.o(.text.main) refers to stm32f4xx_hal_rcc.o(.text.HAL_RCC_OscConfig) for HAL_RCC_OscConfig
    main.o(.text.main) refers to stm32f4xx_hal_rcc.o(.text.HAL_RCC_ClockConfig) for HAL_RCC_ClockConfig
    main.o(.text.main) refers to stm32f4xx_hal.o(.text.HAL_GetREVID) for HAL_GetREVID
    main.o(.text.main) refers to system_stm32f4xx.o(.text.SystemCoreClockUpdate) for SystemCoreClockUpdate
    main.o(.text.main) refers to rtx_kernel.o(.text.osKernelInitialize) for osKernelInitialize
    main.o(.text.main) refers to blinky.o(.text.app_main) for app_main
    main.o(.text.main) refers to rtx_thread.o(.text.osThreadNew) for osThreadNew
    main.o(.text.main) refers to rtx_kernel.o(.text.osKernelStart) for osKernelStart
    main.o(.ARM.exidx.text.main) refers to main.o(.text.main) for [Anonymous Symbol]
    blinky.o(.text.thrLED) refers to rtx_delay.o(.text.osDelay) for osDelay
    blinky.o(.text.thrLED) refers to rtx_thread.o(.text.osThreadFlagsWait) for osThreadFlagsWait
    blinky.o(.text.thrLED) refers to led_f429discovery.o(.text.LED_On) for LED_On
    blinky.o(.text.thrLED) refers to led_f429discovery.o(.text.LED_Off) for LED_Off
    blinky.o(.ARM.exidx.text.thrLED) refers to blinky.o(.text.thrLED) for [Anonymous Symbol]
    blinky.o(.text.app_main) refers to led_f429discovery.o(.text.LED_Initialize) for LED_Initialize
    blinky.o(.text.app_main) refers to buttons_f429discovery.o(.text.Buttons_Initialize) for Buttons_Initialize
    blinky.o(.text.app_main) refers to blinky.o(.text.thrLED) for thrLED
    blinky.o(.text.app_main) refers to rtx_thread.o(.text.osThreadNew) for osThreadNew
    blinky.o(.text.app_main) refers to blinky.o(.bss..L_MergedGlobals) for .L_MergedGlobals
    blinky.o(.text.app_main) refers to blinky.o(.text.thrBUT) for thrBUT
    blinky.o(.text.app_main) refers to rtx_thread.o(.text.osThreadExit) for osThreadExit
    blinky.o(.ARM.exidx.text.app_main) refers to blinky.o(.text.app_main) for [Anonymous Symbol]
    blinky.o(.text.thrBUT) refers to blinky.o(.bss..L_MergedGlobals) for .L_MergedGlobals
    blinky.o(.text.thrBUT) refers to rtx_delay.o(.text.osDelay) for osDelay
    blinky.o(.text.thrBUT) refers to buttons_f429discovery.o(.text.Buttons_GetState) for Buttons_GetState
    blinky.o(.text.thrBUT) refers to rtx_thread.o(.text.osThreadFlagsSet) for osThreadFlagsSet
    blinky.o(.ARM.exidx.text.thrBUT) refers to blinky.o(.text.thrBUT) for [Anonymous Symbol]
    buttons_f429discovery.o(.text.Buttons_Initialize) refers to stm32f4xx_hal_gpio.o(.text.HAL_GPIO_Init) for HAL_GPIO_Init
    buttons_f429discovery.o(.ARM.exidx.text.Buttons_Initialize) refers to buttons_f429discovery.o(.text.Buttons_Initialize) for [Anonymous Symbol]
    buttons_f429discovery.o(.text.Buttons_Uninitialize) refers to stm32f4xx_hal_gpio.o(.text.HAL_GPIO_DeInit) for HAL_GPIO_DeInit
    buttons_f429discovery.o(.ARM.exidx.text.Buttons_Uninitialize) refers to buttons_f429discovery.o(.text.Buttons_Uninitialize) for [Anonymous Symbol]
    buttons_f429discovery.o(.text.Buttons_GetState) refers to stm32f4xx_hal_gpio.o(.text.HAL_GPIO_ReadPin) for HAL_GPIO_ReadPin
    buttons_f429discovery.o(.ARM.exidx.text.Buttons_GetState) refers to buttons_f429discovery.o(.text.Buttons_GetState) for [Anonymous Symbol]
    buttons_f429discovery.o(.ARM.exidx.text.Buttons_GetCount) refers to buttons_f429discovery.o(.text.Buttons_GetCount) for [Anonymous Symbol]
    led_f429discovery.o(.text.LED_Initialize) refers to stm32f4xx_hal_gpio.o(.text.HAL_GPIO_Init) for HAL_GPIO_Init
    led_f429discovery.o(.ARM.exidx.text.LED_Initialize) refers to led_f429discovery.o(.text.LED_Initialize) for [Anonymous Symbol]
    led_f429discovery.o(.text.LED_Uninitialize) refers to stm32f4xx_hal_gpio.o(.text.HAL_GPIO_DeInit) for HAL_GPIO_DeInit
    led_f429discovery.o(.ARM.exidx.text.LED_Uninitialize) refers to led_f429discovery.o(.text.LED_Uninitialize) for [Anonymous Symbol]
    led_f429discovery.o(.text.LED_On) refers to led_f429discovery.o(.rodata.cst16) for LED_PIN
    led_f429discovery.o(.text.LED_On) refers to stm32f4xx_hal_gpio.o(.text.HAL_GPIO_WritePin) for HAL_GPIO_WritePin
[...]
    Removing rtx_thread.o(.text.osRtxThreadListUnlink), (32 bytes).
    Removing rtx_thread.o(.ARM.exidx.text.osRtxThreadListUnlink), (8 bytes).
    Removing rtx_thread.o(.ARM.exidx.text.osRtxThreadFree), (8 bytes).
    Removing rtx_thread.o(.text.svcRtxThreadJoin), (84 bytes).
    Removing rtx_thread.o(.ARM.exidx.text.svcRtxThreadJoin), (8 bytes).
    Removing rtx_thread.o(.ARM.exidx.text.svcRtxThreadExit), (8 bytes).
    Removing rtx_thread.o(.ARM.exidx.text.osRtxThreadJoinWakeup), (8 bytes).
    Removing rtx_thread.o(.ARM.exidx.text.osRtxThreadDestroy), (8 bytes).
    Removing rtx_thread.o(.text.svcRtxThreadTerminate), (136 bytes).
    Removing rtx_thread.o(.ARM.exidx.text.svcRtxThreadTerminate), (8 bytes).
    Removing rtx_thread.o(.text.svcRtxThreadGetCount), (52 bytes).
    Removing rtx_thread.o(.ARM.exidx.text.svcRtxThreadGetCount), (8 bytes).
    Removing rtx_thread.o(.text.svcRtxThreadEnumerate), (92 bytes).
    Removing rtx_thread.o(.ARM.exidx.text.svcRtxThreadEnumerate), (8 bytes).
    Removing rtx_thread.o(.ARM.exidx.text.svcRtxThreadFlagsSet), (8 bytes).
    Removing rtx_thread.o(.text.svcRtxThreadFlagsClear), (52 bytes).
    Removing rtx_thread.o(.ARM.exidx.text.svcRtxThreadFlagsClear), (8 bytes).
    Removing rtx_thread.o(.text.svcRtxThreadFlagsGet), (20 bytes).
    Removing rtx_thread.o(.ARM.exidx.text.svcRtxThreadFlagsGet), (8 bytes).
    Removing rtx_thread.o(.ARM.exidx.text.svcRtxThreadFlagsWait), (8 bytes).
    Removing rtx_thread.o(.ARM.exidx.text.OUTLINED_FUNCTION_0), (8 bytes).
    Removing rtx_thread.o(.text.OUTLINED_FUNCTION_1), (6 bytes).
    Removing rtx_thread.o(.ARM.exidx.text.OUTLINED_FUNCTION_1), (8 bytes).
    Removing rtx_thread.o(.text.OUTLINED_FUNCTION_2), (20 bytes).
    Removing rtx_thread.o(.ARM.exidx.text.OUTLINED_FUNCTION_2), (8 bytes).
    Removing rtx_thread.o(.text.OUTLINED_FUNCTION_3), (8 bytes).
    Removing rtx_thread.o(.ARM.exidx.text.OUTLINED_FUNCTION_3), (8 bytes).
    Removing rtx_thread.o(.text.OUTLINED_FUNCTION_4), (6 bytes).
    Removing rtx_thread.o(.ARM.exidx.text.OUTLINED_FUNCTION_4), (8 bytes).
    Removing rtx_delay.o(.text), (0 bytes).
    Removing rtx_delay.o(.ARM.exidx.text.osDelay), (8 bytes).
    Removing rtx_delay.o(.text.osDelayUntil), (36 bytes).
    Removing rtx_delay.o(.ARM.exidx.text.osDelayUntil), (8 bytes).
    Removing rtx_delay.o(.ARM.exidx.text.svcRtxDelay), (8 bytes).
    Removing rtx_delay.o(.text.svcRtxDelayUntil), (36 bytes).
    Removing rtx_delay.o(.ARM.exidx.text.svcRtxDelayUntil), (8 bytes).
    Removing rtx_timer.o(.text), (0 bytes).
    Removing rtx_timer.o(.ARM.exidx.text.osRtxTimerSetup), (8 bytes).
    Removing rtx_timer.o(.ARM.exidx.text.osRtxTimerTick), (8 bytes).
    Removing rtx_timer.o(.ARM.exidx.text.osRtxTimerThread), (8 bytes).
    Removing rtx_timer.o(.text.osTimerNew), (36 bytes).
    Removing rtx_timer.o(.ARM.exidx.text.osTimerNew), (8 bytes).
    Removing rtx_timer.o(.text.osTimerGetName), (36 bytes).
    Removing rtx_timer.o(.ARM.exidx.text.osTimerGetName), (8 bytes).
    Removing rtx_timer.o(.text.osTimerStart), (36 bytes).
    Removing rtx_timer.o(.ARM.exidx.text.osTimerStart), (8 bytes).
    Removing rtx_timer.o(.text.osTimerStop), (36 bytes).
    Removing rtx_timer.o(.ARM.exidx.text.osTimerStop), (8 bytes).
    Removing rtx_timer.o(.text.osTimerIsRunning), (36 bytes).
    Removing rtx_timer.o(.ARM.exidx.text.osTimerIsRunning), (8 bytes).
    Removing rtx_timer.o(.text.osTimerDelete), (36 bytes).
    Removing rtx_timer.o(.ARM.exidx.text.osTimerDelete), (8 bytes).
    Removing rtx_timer.o(.ARM.exidx.text.TimerInsert), (8 bytes).
    Removing rtx_timer.o(.text.svcRtxTimerNew), (120 bytes).
    Removing rtx_timer.o(.ARM.exidx.text.svcRtxTimerNew), (8 bytes).
    Removing rtx_timer.o(.text.svcRtxTimerGetName), (16 bytes).
    Removing rtx_timer.o(.ARM.exidx.text.svcRtxTimerGetName), (8 bytes).
    Removing rtx_timer.o(.text.svcRtxTimerStart), (72 bytes).
    Removing rtx_timer.o(.ARM.exidx.text.svcRtxTimerStart), (8 bytes).
    Removing rtx_timer.o(.text.TimerRemove), (40 bytes).
    Removing rtx_timer.o(.ARM.exidx.text.TimerRemove), (8 bytes).
    Removing rtx_timer.o(.text.svcRtxTimerStop), (40 bytes).
    Removing rtx_timer.o(.ARM.exidx.text.svcRtxTimerStop), (8 bytes).
    Removing rtx_timer.o(.text.svcRtxTimerIsRunning), (24 bytes).
    Removing rtx_timer.o(.ARM.exidx.text.svcRtxTimerIsRunning), (8 bytes).
    Removing rtx_timer.o(.text.svcRtxTimerDelete), (76 bytes).
    Removing rtx_timer.o(.ARM.exidx.text.svcRtxTimerDelete), (8 bytes).
    Removing irq_armv7m.o(.rodata), (1 bytes).
    Removing irq_armv7m.o(.ARM.exidx), (24 bytes).
    Removing rtx_mutex.o(.text), (0 bytes).
    Removing rtx_mutex.o(.ARM.exidx.text.osRtxMutexOwnerRelease), (8 bytes).
    Removing rtx_mutex.o(.ARM.exidx.text.osRtxMutexOwnerRestore), (8 bytes).
    Removing rtx_mutex.o(.text.osMutexNew), (36 bytes).
    Removing rtx_mutex.o(.ARM.exidx.text.osMutexNew), (8 bytes).
    Removing rtx_mutex.o(.text.osMutexGetName), (36 bytes).
    Removing rtx_mutex.o(.ARM.exidx.text.osMutexGetName), (8 bytes).
    Removing rtx_mutex.o(.text.osMutexAcquire), (36 bytes).
    Removing rtx_mutex.o(.ARM.exidx.text.osMutexAcquire), (8 bytes).
    Removing rtx_mutex.o(.text.osMutexRelease), (36 bytes).
    Removing rtx_mutex.o(.ARM.exidx.text.osMutexRelease), (8 bytes).
    Removing rtx_mutex.o(.text.osMutexGetOwner), (36 bytes).
    Removing rtx_mutex.o(.ARM.exidx.text.osMutexGetOwner), (8 bytes).
    Removing rtx_mutex.o(.text.osMutexDelete), (36 bytes).
    Removing rtx_mutex.o(.ARM.exidx.text.osMutexDelete), (8 bytes).
    Removing rtx_mutex.o(.text.svcRtxMutexNew), (104 bytes).
    Removing rtx_mutex.o(.ARM.exidx.text.svcRtxMutexNew), (8 bytes).
    Removing rtx_mutex.o(.text.svcRtxMutexGetName), (16 bytes).
    Removing rtx_mutex.o(.ARM.exidx.text.svcRtxMutexGetName), (8 bytes).
    Removing rtx_mutex.o(.text.svcRtxMutexAcquire), (144 bytes).
    Removing rtx_mutex.o(.ARM.exidx.text.svcRtxMutexAcquire), (8 bytes).
    Removing rtx_mutex.o(.text.svcRtxMutexRelease), (180 bytes).
    Removing rtx_mutex.o(.ARM.exidx.text.svcRtxMutexRelease), (8 bytes).
    Removing rtx_mutex.o(.text.svcRtxMutexGetOwner), (20 bytes).
    Removing rtx_mutex.o(.ARM.exidx.text.svcRtxMutexGetOwner), (8 bytes).
    Removing rtx_mutex.o(.text.svcRtxMutexDelete), (176 bytes).
    Removing rtx_mutex.o(.ARM.exidx.text.svcRtxMutexDelete), (8 bytes).
    Removing rtx_memory.o(.text), (0 bytes).
    Removing rtx_memory.o(.ARM.exidx.text.osRtxMemoryInit), (8 bytes).
    Removing rtx_memory.o(.ARM.exidx.text.osRtxMemoryAlloc), (8 bytes).
    Removing rtx_memory.o(.ARM.exidx.text.osRtxMemoryFree), (8 bytes).
    Removing rtx_mempool.o(.text), (0 bytes).
    Removing rtx_mempool.o(.ARM.exidx.text.osRtxMemoryPoolInit), (8 bytes).
    Removing rtx_mempool.o(.ARM.exidx.text.osRtxMemoryPoolAlloc), (8 bytes).
    Removing rtx_mempool.o(.ARM.exidx.text.osRtxMemoryPoolFree), (8 bytes).
    Removing rtx_mempool.o(.text.osMemoryPoolNew), (36 bytes).
    Removing rtx_mempool.o(.ARM.exidx.text.osMemoryPoolNew), (8 bytes).
    Removing rtx_mempool.o(.text.osMemoryPoolGetName), (36 bytes).
    Removing rtx_mempool.o(.ARM.exidx.text.osMemoryPoolGetName), (8 bytes).
    Removing rtx_mempool.o(.text.osMemoryPoolAlloc), (104 bytes).
    Removing rtx_mempool.o(.ARM.exidx.text.osMemoryPoolAlloc), (8 bytes).
    Removing rtx_mempool.o(.text.osMemoryPoolFree), (72 bytes).
    Removing rtx_mempool.o(.ARM.exidx.text.osMemoryPoolFree), (8 bytes).
    Removing rtx_mempool.o(.text.osMemoryPoolGetCapacity), (48 bytes).
    Removing rtx_mempool.o(.ARM.exidx.text.osMemoryPoolGetCapacity), (8 bytes).
    Removing rtx_mempool.o(.text.svcRtxMemoryPoolGetCapacity), (16 bytes).
    Removing rtx_mempool.o(.ARM.exidx.text.svcRtxMemoryPoolGetCapacity), (8 bytes).
    Removing rtx_mempool.o(.text.osMemoryPoolGetBlockSize), (48 bytes).
    Removing rtx_mempool.o(.ARM.exidx.text.osMemoryPoolGetBlockSize), (8 bytes).
    Removing rtx_mempool.o(.text.svcRtxMemoryPoolGetBlockSize), (16 bytes).
    Removing rtx_mempool.o(.ARM.exidx.text.svcRtxMemoryPoolGetBlockSize), (8 bytes).
    Removing rtx_mempool.o(.text.osMemoryPoolGetCount), (48 bytes).
    Removing rtx_mempool.o(.ARM.exidx.text.osMemoryPoolGetCount), (8 bytes).
    Removing rtx_mempool.o(.text.svcRtxMemoryPoolGetCount), (16 bytes).
    Removing rtx_mempool.o(.ARM.exidx.text.svcRtxMemoryPoolGetCount), (8 bytes).
    Removing rtx_mempool.o(.text.osMemoryPoolGetSpace), (36 bytes).
    Removing rtx_mempool.o(.ARM.exidx.text.osMemoryPoolGetSpace), (8 bytes).
    Removing rtx_mempool.o(.text.svcRtxMemoryPoolGetSpace), (20 bytes).
    Removing rtx_mempool.o(.ARM.exidx.text.svcRtxMemoryPoolGetSpace), (8 bytes).
    Removing rtx_mempool.o(.text.osMemoryPoolDelete), (36 bytes).
    Removing rtx_mempool.o(.ARM.exidx.text.osMemoryPoolDelete), (8 bytes).
    Removing rtx_mempool.o(.text.svcRtxMemoryPoolNew), (312 bytes).
    Removing rtx_mempool.o(.ARM.exidx.text.svcRtxMemoryPoolNew), (8 bytes).
    Removing rtx_mempool.o(.text.osRtxMemoryPoolPostProcess), (72 bytes).
    Removing rtx_mempool.o(.ARM.exidx.text.osRtxMemoryPoolPostProcess), (8 bytes).
    Removing rtx_mempool.o(.text.svcRtxMemoryPoolGetName), (16 bytes).
    Removing rtx_mempool.o(.ARM.exidx.text.svcRtxMemoryPoolGetName), (8 bytes).
    Removing rtx_mempool.o(.text.svcRtxMemoryPoolAlloc), (92 bytes).
    Removing rtx_mempool.o(.ARM.exidx.text.svcRtxMemoryPoolAlloc), (8 bytes).
    Removing rtx_mempool.o(.text.svcRtxMemoryPoolFree), (100 bytes).
    Removing rtx_mempool.o(.ARM.exidx.text.svcRtxMemoryPoolFree), (8 bytes).
    Removing rtx_mempool.o(.text.svcRtxMemoryPoolDelete), (108 bytes).
    Removing rtx_mempool.o(.ARM.exidx.text.svcRtxMemoryPoolDelete), (8 bytes).
    Removing rtx_msgqueue.o(.text), (0 bytes).
    Removing rtx_msgqueue.o(.ARM.exidx.text.osRtxMessageQueueTimerSetup), (8 bytes).
    Removing rtx_msgqueue.o(.ARM.exidx.text.svcRtxMessageQueueNew), (8 bytes).
    Removing rtx_msgqueue.o(.text.osMessageQueueNew), (36 bytes).
    Removing rtx_msgqueue.o(.ARM.exidx.text.osMessageQueueNew), (8 bytes).
    Removing rtx_msgqueue.o(.text.osMessageQueueGetName), (36 bytes).
    Removing rtx_msgqueue.o(.ARM.exidx.text.osMessageQueueGetName), (8 bytes).
    Removing rtx_msgqueue.o(.ARM.exidx.text.osMessageQueuePut), (8 bytes).
    Removing rtx_msgqueue.o(.ARM.exidx.text.osMessageQueueGet), (8 bytes).
    Removing rtx_msgqueue.o(.text.osMessageQueueGetCapacity), (48 bytes).
    Removing rtx_msgqueue.o(.ARM.exidx.text.osMessageQueueGetCapacity), (8 bytes).
    Removing rtx_msgqueue.o(.text.svcRtxMessageQueueGetCapacity), (16 bytes).
    Removing rtx_msgqueue.o(.ARM.exidx.text.svcRtxMessageQueueGetCapacity), (8 bytes).
    Removing rtx_msgqueue.o(.text.osMessageQueueGetMsgSize), (48 bytes).
    Removing rtx_msgqueue.o(.ARM.exidx.text.osMessageQueueGetMsgSize), (8 bytes).
    Removing rtx_msgqueue.o(.text.svcRtxMessageQueueGetMsgSize), (16 bytes).
    Removing rtx_msgqueue.o(.ARM.exidx.text.svcRtxMessageQueueGetMsgSize), (8 bytes).
    Removing rtx_msgqueue.o(.text.osMessageQueueGetCount), (48 bytes).
    Removing rtx_msgqueue.o(.ARM.exidx.text.osMessageQueueGetCount), (8 bytes).
    Removing rtx_msgqueue.o(.text.svcRtxMessageQueueGetCount), (16 bytes).
    Removing rtx_msgqueue.o(.ARM.exidx.text.svcRtxMessageQueueGetCount), (8 bytes).
    Removing rtx_msgqueue.o(.text.osMessageQueueGetSpace), (36 bytes).
    Removing rtx_msgqueue.o(.ARM.exidx.text.osMessageQueueGetSpace), (8 bytes).
    Removing rtx_msgqueue.o(.text.svcRtxMessageQueueGetSpace), (20 bytes).
    Removing rtx_msgqueue.o(.ARM.exidx.text.svcRtxMessageQueueGetSpace), (8 bytes).
    Removing rtx_msgqueue.o(.text.osMessageQueueReset), (36 bytes).
    Removing rtx_msgqueue.o(.ARM.exidx.text.osMessageQueueReset), (8 bytes).
    Removing rtx_msgqueue.o(.text.osMessageQueueDelete), (36 bytes).
    Removing rtx_msgqueue.o(.ARM.exidx.text.osMessageQueueDelete), (8 bytes).
    Removing rtx_msgqueue.o(.ARM.exidx.text.osRtxMessageQueuePostProcess), (8 bytes).
    Removing rtx_msgqueue.o(.ARM.exidx.text.MessageQueueRemove), (8 bytes).
    Removing rtx_msgqueue.o(.ARM.exidx.text.MessageQueuePut), (8 bytes).
    Removing rtx_msgqueue.o(.text.svcRtxMessageQueueGetName), (16 bytes).
    Removing rtx_msgqueue.o(.ARM.exidx.text.svcRtxMessageQueueGetName), (8 bytes).
    Removing rtx_msgqueue.o(.ARM.exidx.text.svcRtxMessageQueuePut), (8 bytes).
    Removing rtx_msgqueue.o(.ARM.exidx.text.MessageQueueGet), (8 bytes).
    Removing rtx_msgqueue.o(.ARM.exidx.text.svcRtxMessageQueueGet), (8 bytes).
    Removing rtx_msgqueue.o(.text.svcRtxMessageQueueReset), (166 bytes).
    Removing rtx_msgqueue.o(.ARM.exidx.text.svcRtxMessageQueueReset), (8 bytes).
    Removing rtx_msgqueue.o(.text.svcRtxMessageQueueDelete), (108 bytes).
    Removing rtx_msgqueue.o(.ARM.exidx.text.svcRtxMessageQueueDelete), (8 bytes).
    Removing rtx_msgqueue.o(.ARM.exidx.text.OUTLINED_FUNCTION_0), (8 bytes).
    Removing rtx_msgqueue.o(.ARM.exidx.text.OUTLINED_FUNCTION_1), (8 bytes).
    Removing rtx_system.o(.text), (0 bytes).
    Removing rtx_system.o(.ARM.exidx.text.osRtxTick_Handler), (8 bytes).
    Removing rtx_system.o(.ARM.exidx.text.osRtxPendSV_Handler), (8 bytes).
    Removing rtx_system.o(.ARM.exidx.text.osRtxPostProcess), (8 bytes).
    Removing os_systick.o(.text), (0 bytes).
    Removing os_systick.o(.ARM.exidx.text.OS_Tick_Setup), (8 bytes).
    Removing os_systick.o(.ARM.exidx.text.OS_Tick_Enable), (8 bytes).
    Removing os_systick.o(.text.OS_Tick_Disable), (44 bytes).
    Removing os_systick.o(.ARM.exidx.text.OS_Tick_Disable), (8 bytes).
    Removing os_systick.o(.ARM.exidx.text.OS_Tick_AcknowledgeIRQ), (8 bytes).
    Removing os_systick.o(.ARM.exidx.text.OS_Tick_GetIRQn), (8 bytes).
    Removing os_systick.o(.text.OS_Tick_GetClock), (12 bytes).
    Removing os_systick.o(.ARM.exidx.text.OS_Tick_GetClock), (8 bytes).
    Removing os_systick.o(.text.OS_Tick_GetInterval), (12 bytes).
    Removing os_systick.o(.ARM.exidx.text.OS_Tick_GetInterval), (8 bytes).
    Removing os_systick.o(.text.OS_Tick_GetCount), (16 bytes).
    Removing os_systick.o(.ARM.exidx.text.OS_Tick_GetCount), (8 bytes).
    Removing os_systick.o(.text.OS_Tick_GetOverflow), (16 bytes).
    Removing os_systick.o(.ARM.exidx.text.OS_Tick_GetOverflow), (8 bytes).

576 unused section(s) (total 14137 bytes) removed from the image.

==============================================================================

Image Symbol Table

    Local Symbols

    Symbol Name                              Value     Ov Type        Size  Object(Section)

    ../clib/microlib/division.c              0x00000000   Number         0  uldiv.o ABSOLUTE
    ../clib/microlib/init/entry.s            0x00000000   Number         0  entry.o ABSOLUTE
    ../clib/microlib/init/entry.s            0x00000000   Number         0  entry2.o ABSOLUTE
    ../clib/microlib/init/entry.s            0x00000000   Number         0  entry5.o ABSOLUTE
    ../clib/microlib/init/entry.s            0x00000000   Number         0  entry7a.o ABSOLUTE
    ../clib/microlib/init/entry.s            0x00000000   Number         0  entry7b.o ABSOLUTE
    ../clib/microlib/init/entry.s            0x00000000   Number         0  entry8a.o ABSOLUTE
    ../clib/microlib/init/entry.s            0x00000000   Number         0  entry8b.o ABSOLUTE
    ../clib/microlib/init/entry.s            0x00000000   Number         0  entry9a.o ABSOLUTE
    ../clib/microlib/init/entry.s            0x00000000   Number         0  entry9b.o ABSOLUTE
    ../clib/microlib/init/entry.s            0x00000000   Number         0  entry10a.o ABSOLUTE
    ../clib/microlib/init/entry.s            0x00000000   Number         0  entry10b.o ABSOLUTE
    ../clib/microlib/init/entry.s            0x00000000   Number         0  entry11a.o ABSOLUTE
    ../clib/microlib/init/entry.s            0x00000000   Number         0  entry11b.o ABSOLUTE
    ../clib/microlib/longlong.c              0x00000000   Number         0  llshl.o ABSOLUTE
    ../clib/microlib/longlong.c              0x00000000   Number         0  llushr.o ABSOLUTE
    ../clib/microlib/string/memcpy.c         0x00000000   Number         0  memcpya.o ABSOLUTE
    ../clib/microlib/string/memcpy.c         0x00000000   Number         0  memcpyb.o ABSOLUTE
    ../clib/microlib/string/memset.c         0x00000000   Number         0  memseta.o ABSOLUTE
    Blinky.c                                 0x00000000   Number         0  blinky.o ABSOLUTE
    Buttons_F429Discovery.c                  0x00000000   Number         0  buttons_f429discovery.o ABSOLUTE
    LED_F429Discovery.c                      0x00000000   Number         0  led_f429discovery.o ABSOLUTE
    RTE/Device/STM32F429ZITx/startup_stm32f429xx.s 0x00000000   Number         0  startup_stm32f429xx.o ABSOLUTE
    RTX_Config.c                             0x00000000   Number         0  rtx_config.o ABSOLUTE
    dc.s                                     0x00000000   Number         0  dc.o ABSOLUTE
    handlers.s                               0x00000000   Number         0  handlers.o ABSOLUTE
    init.s                                   0x00000000   Number         0  init.o ABSOLUTE
    main.c                                   0x00000000   Number         0  main.o ABSOLUTE
    os_systick.c                             0x00000000   Number         0  os_systick.o ABSOLUTE
    rtx_delay.c                              0x00000000   Number         0  rtx_delay.o ABSOLUTE
    rtx_kernel.c                             0x00000000   Number         0  rtx_kernel.o ABSOLUTE
    rtx_lib.c                                0x00000000   Number         0  rtx_lib.o ABSOLUTE
    rtx_memory.c                             0x00000000   Number         0  rtx_memory.o ABSOLUTE
    rtx_mempool.c                            0x00000000   Number         0  rtx_mempool.o ABSOLUTE
    rtx_msgqueue.c                           0x00000000   Number         0  rtx_msgqueue.o ABSOLUTE
    rtx_mutex.c                              0x00000000   Number         0  rtx_mutex.o ABSOLUTE
    rtx_system.c                             0x00000000   Number         0  rtx_system.o ABSOLUTE
    rtx_thread.c                             0x00000000   Number         0  rtx_thread.o ABSOLUTE
    rtx_timer.c                              0x00000000   Number         0  rtx_timer.o ABSOLUTE
    stm32f4xx_hal.c                          0x00000000   Number         0  stm32f4xx_hal.o ABSOLUTE
    stm32f4xx_hal_cortex.c                   0x00000000   Number         0  stm32f4xx_hal_cortex.o ABSOLUTE
    stm32f4xx_hal_gpio.c                     0x00000000   Number         0  stm32f4xx_hal_gpio.o ABSOLUTE
    stm32f4xx_hal_pwr.c                      0x00000000   Number         0  stm32f4xx_hal_pwr.o ABSOLUTE
    stm32f4xx_hal_pwr_ex.c                   0x00000000   Number         0  stm32f4xx_hal_pwr_ex.o ABSOLUTE
    stm32f4xx_hal_rcc.c                      0x00000000   Number         0  stm32f4xx_hal_rcc.o ABSOLUTE
    stm32f4xx_hal_rcc_ex.c                   0x00000000   Number         0  stm32f4xx_hal_rcc_ex.o ABSOLUTE
    system_stm32f4xx.c                       0x00000000   Number         0  system_stm32f4xx.o ABSOLUTE
    FPU_USED                                 0x00000001   Number         0  irq_armv7m.o ABSOLUTE
    osRtxErrorStackOverflow                  0x00000001   Number         0  irq_armv7m.o ABSOLUTE
    I_T_RUN_OFS                              0x00000014   Number         0  irq_armv7m.o ABSOLUTE
    TCB_SF_OFS                               0x00000022   Number         0  irq_armv7m.o ABSOLUTE
    TCB_SP_OFS                               0x00000038   Number         0  irq_armv7m.o ABSOLUTE
    RESET                                    0x08000000   Section      428  startup_stm32f429xx.o(RESET)
    .ARM.Collect$$$$00000000                 0x080001ac   Section        0  entry.o(.ARM.Collect$$$$00000000)
    .ARM.Collect$$$$00000001                 0x080001ac   Section        4  entry2.o(.ARM.Collect$$$$00000001)
    .ARM.Collect$$$$00000004                 0x080001b0   Section        4  entry5.o(.ARM.Collect$$$$00000004)
    .ARM.Collect$$$$00000008                 0x080001b4   Section        0  entry7b.o(.ARM.Collect$$$$00000008)
    .ARM.Collect$$$$0000000A                 0x080001b4   Section        0  entry8b.o(.ARM.Collect$$$$0000000A)
    .ARM.Collect$$$$0000000B                 0x080001b4   Section        8  entry9a.o(.ARM.Collect$$$$0000000B)
    __lit__00000000                          0x080001bc   Data           4  entry2.o(.ARM.Collect$$$$00002712)
    .ARM.Collect$$$$0000000D                 0x080001bc   Section        0  entry10a.o(.ARM.Collect$$$$0000000D)
    .ARM.Collect$$$$0000000F                 0x080001bc   Section        0  entry11a.o(.ARM.Collect$$$$0000000F)
    .ARM.Collect$$$$00002712                 0x080001bc   Section        4  entry2.o(.ARM.Collect$$$$00002712)
    $v0                                      0x080001c0   Number         0  startup_stm32f429xx.o(.text)
    .text                                    0x080001c0   Section       36  startup_stm32f429xx.o(.text)
    [Anonymous Symbol]                       0x080001e4   Section        0  irq_armv7m.o(.text)
    SVC_Context                              0x0800020c   Number         0  irq_armv7m.o(.text)
    SVC_FP_LazyState                         0x0800021c   Number         0  irq_armv7m.o(.text)
    SVC_ContextSave                          0x0800022e   Number         0  irq_armv7m.o(.text)
    SVC_ContextRestore                       0x08000244   Number         0  irq_armv7m.o(.text)
    SVC_Exit                                 0x08000260   Number         0  irq_armv7m.o(.text)
    SVC_User                                 0x08000262   Number         0  irq_armv7m.o(.text)
    .text                                    0x080002ac   Section        0  uldiv.o(.text)
    .text                                    0x0800030e   Section        0  memcpya.o(.text)
    .text                                    0x08000332   Section        0  memseta.o(.text)
    .text                                    0x08000356   Section        0  llshl.o(.text)
    .text                                    0x08000374   Section        0  llushr.o(.text)
    .text                                    0x08000394   Section       36  init.o(.text)
    [Anonymous Symbol]                       0x080003b8   Section        0  buttons_f429discovery.o(.text.Buttons_GetState)
    [Anonymous Symbol]                       0x080003d0   Section        0  buttons_f429discovery.o(.text.Buttons_Initialize)
    [Anonymous Symbol]                       0x0800040c   Section        0  stm32f4xx_hal_gpio.o(.text.HAL_GPIO_Init)
    [Anonymous Symbol]                       0x080005b0   Section        0  stm32f4xx_hal_gpio.o(.text.HAL_GPIO_ReadPin)
    [Anonymous Symbol]                       0x080005bc   Section        0  stm32f4xx_hal_gpio.o(.text.HAL_GPIO_WritePin)
    [Anonymous Symbol]                       0x080005c8   Section        0  stm32f4xx_hal.o(.text.HAL_GetREVID)
    [Anonymous Symbol]                       0x080005d8   Section        0  main.o(.text.HAL_GetTick)
    [Anonymous Symbol]                       0x080006e4   Section        0  stm32f4xx_hal.o(.text.HAL_Init)
    [Anonymous Symbol]                       0x08000714   Section        0  main.o(.text.HAL_InitTick)
    [Anonymous Symbol]                       0x08000718   Section        0  stm32f4xx_hal.o(.text.HAL_MspInit)
    [Anonymous Symbol]                       0x0800071c   Section        0  stm32f4xx_hal_cortex.o(.text.HAL_NVIC_SetPriorityGrouping)
    [Anonymous Symbol]                       0x0800073c   Section        0  stm32f4xx_hal_rcc.o(.text.HAL_RCC_ClockConfig)
    [Anonymous Symbol]                       0x0800089c   Section        0  stm32f4xx_hal_rcc.o(.text.HAL_RCC_GetSysClockFreq)
    [Anonymous Symbol]                       0x08000908   Section        0  stm32f4xx_hal_rcc.o(.text.HAL_RCC_OscConfig)
    [Anonymous Symbol]                       0x08000c7c   Section        0  led_f429discovery.o(.text.LED_Initialize)
    [Anonymous Symbol]                       0x08000cc4   Section        0  led_f429discovery.o(.text.LED_Off)
    [Anonymous Symbol]                       0x08000cf0   Section        0  led_f429discovery.o(.text.LED_On)
    MessageQueueGet                          0x08000d19   Thumb Code    64  rtx_msgqueue.o(.text.MessageQueueGet)
    [Anonymous Symbol]                       0x08000d18   Section        0  rtx_msgqueue.o(.text.MessageQueueGet)
    MessageQueuePut                          0x08000d59   Thumb Code    88  rtx_msgqueue.o(.text.MessageQueuePut)
    [Anonymous Symbol]                       0x08000d58   Section        0  rtx_msgqueue.o(.text.MessageQueuePut)
    MessageQueueRemove                       0x08000db1   Thumb Code    28  rtx_msgqueue.o(.text.MessageQueueRemove)
    [Anonymous Symbol]                       0x08000db0   Section        0  rtx_msgqueue.o(.text.MessageQueueRemove)
    [Anonymous Symbol]                       0x08000dcc   Section        0  os_systick.o(.text.OS_Tick_AcknowledgeIRQ)
    [Anonymous Symbol]                       0x08000dd4   Section        0  os_systick.o(.text.OS_Tick_Enable)
    __arm_cp.1_1                             0x08000df4   Number         4  os_systick.o(.text.OS_Tick_Enable)
    [Anonymous Symbol]                       0x08000df8   Section        0  os_systick.o(.text.OS_Tick_GetIRQn)
    [Anonymous Symbol]                       0x08000e00   Section        0  os_systick.o(.text.OS_Tick_Setup)
    __arm_cp.0_0                             0x08000e30   Number         4  os_systick.o(.text.OS_Tick_Setup)
    __arm_cp.0_1                             0x08000e34   Number         4  os_systick.o(.text.OS_Tick_Setup)
    __arm_cp.0_2                             0x08000e38   Number         4  os_systick.o(.text.OS_Tick_Setup)
    __arm_cp.0_3                             0x08000e3c   Number         4  os_systick.o(.text.OS_Tick_Setup)
    OUTLINED_FUNCTION_0                      0x08000e41   Thumb Code    12  rtx_kernel.o(.text.OUTLINED_FUNCTION_0)
    [Anonymous Symbol]                       0x08000e40   Section        0  rtx_kernel.o(.text.OUTLINED_FUNCTION_0)
    OUTLINED_FUNCTION_0                      0x08000e4d   Thumb Code     6  rtx_thread.o(.text.OUTLINED_FUNCTION_0)
    [Anonymous Symbol]                       0x08000e4c   Section        0  rtx_thread.o(.text.OUTLINED_FUNCTION_0)
    OUTLINED_FUNCTION_0                      0x08000e53   Thumb Code    12  rtx_msgqueue.o(.text.OUTLINED_FUNCTION_0)
    [Anonymous Symbol]                       0x08000e52   Section        0  rtx_msgqueue.o(.text.OUTLINED_FUNCTION_0)
    OUTLINED_FUNCTION_1                      0x08000e5f   Thumb Code     6  rtx_kernel.o(.text.OUTLINED_FUNCTION_1)
    [Anonymous Symbol]                       0x08000e5e   Section        0  rtx_kernel.o(.text.OUTLINED_FUNCTION_1)
    OUTLINED_FUNCTION_1                      0x08000e65   Thumb Code     6  rtx_msgqueue.o(.text.OUTLINED_FUNCTION_1)
    [Anonymous Symbol]                       0x08000e64   Section        0  rtx_msgqueue.o(.text.OUTLINED_FUNCTION_1)
    [Anonymous Symbol]                       0x08000e6c   Section        0  system_stm32f4xx.o(.text.SystemCoreClockUpdate)
    [Anonymous Symbol]                       0x08000ef4   Section        0  system_stm32f4xx.o(.text.SystemInit)
    ThreadFlagsCheck                         0x08000f3d   Thumb Code   100  rtx_thread.o(.text.ThreadFlagsCheck)
    [Anonymous Symbol]                       0x08000f3c   Section        0  rtx_thread.o(.text.ThreadFlagsCheck)
    TimerInsert                              0x08000fa1   Thumb Code    68  rtx_timer.o(.text.TimerInsert)
    [Anonymous Symbol]                       0x08000fa0   Section        0  rtx_timer.o(.text.TimerInsert)
    [Anonymous Symbol]                       0x08000fe4   Section        0  blinky.o(.text.app_main)
    [Anonymous Symbol]                       0x0800101c   Section        0  main.o(.text.main)
    [Anonymous Symbol]                       0x080010e8   Section        0  rtx_delay.o(.text.osDelay)
    __arm_cp.0_0                             0x08001108   Number         4  rtx_delay.o(.text.osDelay)
    [Anonymous Symbol]                       0x0800110c   Section        0  rtx_kernel.o(.text.osKernelGetState)
    __arm_cp.5_0                             0x08001134   Number         4  rtx_kernel.o(.text.osKernelGetState)
    [Anonymous Symbol]                       0x08001138   Section        0  rtx_kernel.o(.text.osKernelGetTickCount)
    __arm_cp.13_0                            0x08001158   Number         4  rtx_kernel.o(.text.osKernelGetTickCount)
    __arm_cp.13_1                            0x0800115c   Number         4  rtx_kernel.o(.text.osKernelGetTickCount)
    [Anonymous Symbol]                       0x08001160   Section        0  rtx_kernel.o(.text.osKernelInitialize)
    __arm_cp.2_0                             0x08001188   Number         4  rtx_kernel.o(.text.osKernelInitialize)
    [Anonymous Symbol]                       0x0800118c   Section        0  rtx_kernel.o(.text.osKernelStart)
    __arm_cp.7_0                             0x080011ac   Number         4  rtx_kernel.o(.text.osKernelStart)
    [Anonymous Symbol]                       0x080011b0   Section        0  rtx_msgqueue.o(.text.osMessageQueueGet)
    __arm_cp.5_0                             0x0800121c   Number         4  rtx_msgqueue.o(.text.osMessageQueueGet)
    [Anonymous Symbol]                       0x08001220   Section        0  rtx_msgqueue.o(.text.osMessageQueuePut)
    __arm_cp.4_0                             0x0800129c   Number         4  rtx_msgqueue.o(.text.osMessageQueuePut)
    [Anonymous Symbol]                       0x080012a0   Section        0  rtx_config.o(.text.osRtxErrorNotify)
    [Anonymous Symbol]                       0x080012a4   Section        0  rtx_config.o(.text.osRtxIdleThread)
    [Anonymous Symbol]                       0x080012a6   Section        0  rtx_kernel.o(.text.osRtxKernelErrorNotify)
    [Anonymous Symbol]                       0x080012aa   Section        0  rtx_kernel.o(.text.osRtxKernelPreInit)
    [Anonymous Symbol]                       0x080012ac   Section        0  rtx_memory.o(.text.osRtxMemoryAlloc)
    [Anonymous Symbol]                       0x08001318   Section        0  rtx_memory.o(.text.osRtxMemoryFree)
    [Anonymous Symbol]                       0x0800135a   Section        0  rtx_memory.o(.text.osRtxMemoryInit)
    [Anonymous Symbol]                       0x08001390   Section        0  rtx_mempool.o(.text.osRtxMemoryPoolAlloc)
    [Anonymous Symbol]                       0x080013ca   Section        0  rtx_mempool.o(.text.osRtxMemoryPoolFree)
    [Anonymous Symbol]                       0x08001414   Section        0  rtx_mempool.o(.text.osRtxMemoryPoolInit)
    osRtxMessageQueuePostProcess             0x0800144d   Thumb Code   170  rtx_msgqueue.o(.text.osRtxMessageQueuePostProcess)
    [Anonymous Symbol]                       0x0800144c   Section        0  rtx_msgqueue.o(.text.osRtxMessageQueuePostProcess)
    [Anonymous Symbol]                       0x080014f8   Section        0  rtx_msgqueue.o(.text.osRtxMessageQueueTimerSetup)
    __arm_cp.0_0                             0x08001518   Number         4  rtx_msgqueue.o(.text.osRtxMessageQueueTimerSetup)
    __arm_cp.0_1                             0x0800151c   Number         4  rtx_msgqueue.o(.text.osRtxMessageQueueTimerSetup)
    [Anonymous Symbol]                       0x08001520   Section        0  rtx_mutex.o(.text.osRtxMutexOwnerRelease)
    [Anonymous Symbol]                       0x08001568   Section        0  rtx_mutex.o(.text.osRtxMutexOwnerRestore)
    [Anonymous Symbol]                       0x080015b0   Section        0  rtx_system.o(.text.osRtxPendSV_Handler)
    [Anonymous Symbol]                       0x08001638   Section        0  rtx_system.o(.text.osRtxPostProcess)
    __arm_cp.2_1                             0x080016a4   Number         4  rtx_system.o(.text.osRtxPostProcess)
    osRtxThreadBlock                         0x080016a9   Thumb Code    52  rtx_thread.o(.text.osRtxThreadBlock)
    [Anonymous Symbol]                       0x080016a8   Section        0  rtx_thread.o(.text.osRtxThreadBlock)
    osRtxThreadDelayInsert                   0x080016dd   Thumb Code   124  rtx_thread.o(.text.osRtxThreadDelayInsert)
    [Anonymous Symbol]                       0x080016dc   Section        0  rtx_thread.o(.text.osRtxThreadDelayInsert)
    osRtxThreadDelayRemove                   0x08001759   Thumb Code    60  rtx_thread.o(.text.osRtxThreadDelayRemove)
    [Anonymous Symbol]                       0x08001758   Section        0  rtx_thread.o(.text.osRtxThreadDelayRemove)
    [Anonymous Symbol]                       0x08001794   Section        0  rtx_thread.o(.text.osRtxThreadDelayTick)
    osRtxThreadDestroy                       0x080017e5   Thumb Code    32  rtx_thread.o(.text.osRtxThreadDestroy)
    [Anonymous Symbol]                       0x080017e4   Section        0  rtx_thread.o(.text.osRtxThreadDestroy)
    [Anonymous Symbol]                       0x08001804   Section        0  rtx_thread.o(.text.osRtxThreadDispatch)
    osRtxThreadFree                          0x08001855   Thumb Code    84  rtx_thread.o(.text.osRtxThreadFree)
    [Anonymous Symbol]                       0x08001854   Section        0  rtx_thread.o(.text.osRtxThreadFree)
    __arm_cp.51_0                            0x080018a8   Number         4  rtx_thread.o(.text.osRtxThreadFree)
    osRtxThreadJoinWakeup                    0x080018ad   Thumb Code    30  rtx_thread.o(.text.osRtxThreadJoinWakeup)
    [Anonymous Symbol]                       0x080018ac   Section        0  rtx_thread.o(.text.osRtxThreadJoinWakeup)
    [Anonymous Symbol]                       0x080018ca   Section        0  rtx_thread.o(.text.osRtxThreadListGet)
    [Anonymous Symbol]                       0x080018dc   Section        0  rtx_thread.o(.text.osRtxThreadListPut)
    [Anonymous Symbol]                       0x08001908   Section        0  rtx_thread.o(.text.osRtxThreadListRemove)
    [Anonymous Symbol]                       0x0800191c   Section        0  rtx_thread.o(.text.osRtxThreadListSort)
    osRtxThreadPostProcess                   0x08001943   Thumb Code    40  rtx_thread.o(.text.osRtxThreadPostProcess)
    [Anonymous Symbol]                       0x08001942   Section        0  rtx_thread.o(.text.osRtxThreadPostProcess)
    [Anonymous Symbol]                       0x0800196c   Section        0  rtx_thread.o(.text.osRtxThreadReadyPut)
    __arm_cp.4_0                             0x0800197c   Number         4  rtx_thread.o(.text.osRtxThreadReadyPut)
    [Anonymous Symbol]                       0x08001980   Section        0  rtx_thread.o(.text.osRtxThreadRegPtr)
    [Anonymous Symbol]                       0x08001994   Section        0  rtx_thread.o(.text.osRtxThreadStartup)
    __arm_cp.14_1                            0x080019c4   Number         4  rtx_thread.o(.text.osRtxThreadStartup)
    [Anonymous Symbol]                       0x080019c8   Section        0  rtx_thread.o(.text.osRtxThreadSwitch)
    [Anonymous Symbol]                       0x080019d4   Section        0  rtx_thread.o(.text.osRtxThreadWaitEnter)
    __arm_cp.12_0                            0x08001a0c   Number         4  rtx_thread.o(.text.osRtxThreadWaitEnter)
    [Anonymous Symbol]                       0x08001a10   Section        0  rtx_thread.o(.text.osRtxThreadWaitExit)
    [Anonymous Symbol]                       0x08001a40   Section        0  rtx_system.o(.text.osRtxTick_Handler)
    __arm_cp.0_0                             0x08001ab4   Number         4  rtx_system.o(.text.osRtxTick_Handler)
    [Anonymous Symbol]                       0x08001ab8   Section        0  rtx_timer.o(.text.osRtxTimerSetup)
    __arm_cp.0_0                             0x08001ad0   Number         4  rtx_timer.o(.text.osRtxTimerSetup)
    __arm_cp.0_1                             0x08001ad4   Number         4  rtx_timer.o(.text.osRtxTimerSetup)
    [Anonymous Symbol]                       0x08001ad8   Section        0  rtx_timer.o(.text.osRtxTimerThread)
    osRtxTimerTick                           0x08001af9   Thumb Code   108  rtx_timer.o(.text.osRtxTimerTick)
    [Anonymous Symbol]                       0x08001af8   Section        0  rtx_timer.o(.text.osRtxTimerTick)
    __arm_cp.1_0                             0x08001b64   Number         4  rtx_timer.o(.text.osRtxTimerTick)
    [Anonymous Symbol]                       0x08001b68   Section        0  rtx_thread.o(.text.osThreadExit)
    __arm_cp.30_0                            0x08001b70   Number         4  rtx_thread.o(.text.osThreadExit)
    [Anonymous Symbol]                       0x08001b74   Section        0  rtx_thread.o(.text.osThreadFlagsSet)
    __arm_cp.34_0                            0x08001bc8   Number         4  rtx_thread.o(.text.osThreadFlagsSet)
    [Anonymous Symbol]                       0x08001bcc   Section        0  rtx_thread.o(.text.osThreadFlagsWait)
    __arm_cp.37_0                            0x08001bec   Number         4  rtx_thread.o(.text.osThreadFlagsWait)
    [Anonymous Symbol]                       0x08001bf0   Section        0  rtx_thread.o(.text.osThreadNew)
    __arm_cp.16_0                            0x08001c10   Number         4  rtx_thread.o(.text.osThreadNew)
    svcRtxDelay                              0x08001c15   Thumb Code    22  rtx_delay.o(.text.svcRtxDelay)
    [Anonymous Symbol]                       0x08001c14   Section        0  rtx_delay.o(.text.svcRtxDelay)
    svcRtxKernelGetState                     0x08001c2d   Thumb Code     8  rtx_kernel.o(.text.svcRtxKernelGetState)
    [Anonymous Symbol]                       0x08001c2c   Section        0  rtx_kernel.o(.text.svcRtxKernelGetState)
    svcRtxKernelGetTickCount                 0x08001c35   Thumb Code     8  rtx_kernel.o(.text.svcRtxKernelGetTickCount)
    [Anonymous Symbol]                       0x08001c34   Section        0  rtx_kernel.o(.text.svcRtxKernelGetTickCount)
    __arm_cp.14_0                            0x08001c3c   Number         4  rtx_kernel.o(.text.svcRtxKernelGetTickCount)
    svcRtxKernelInitialize                   0x08001c41   Thumb Code   244  rtx_kernel.o(.text.svcRtxKernelInitialize)
    [Anonymous Symbol]                       0x08001c40   Section        0  rtx_kernel.o(.text.svcRtxKernelInitialize)
    __arm_cp.21_0                            0x08001d34   Number         4  rtx_kernel.o(.text.svcRtxKernelInitialize)
    __arm_cp.21_1                            0x08001d38   Number         4  rtx_kernel.o(.text.svcRtxKernelInitialize)
    __arm_cp.21_2                            0x08001d3c   Number         4  rtx_kernel.o(.text.svcRtxKernelInitialize)
    svcRtxKernelStart                        0x08001d41   Thumb Code   124  rtx_kernel.o(.text.svcRtxKernelStart)
    [Anonymous Symbol]                       0x08001d40   Section        0  rtx_kernel.o(.text.svcRtxKernelStart)
    __arm_cp.22_0                            0x08001dbc   Number         4  rtx_kernel.o(.text.svcRtxKernelStart)
    __arm_cp.22_1                            0x08001dc0   Number         4  rtx_kernel.o(.text.svcRtxKernelStart)
    __arm_cp.22_2                            0x08001dc4   Number         4  rtx_kernel.o(.text.svcRtxKernelStart)
    __arm_cp.22_3                            0x08001dc8   Number         4  rtx_kernel.o(.text.svcRtxKernelStart)
    svcRtxMessageQueueGet                    0x08001dcd   Thumb Code   200  rtx_msgqueue.o(.text.svcRtxMessageQueueGet)
    [Anonymous Symbol]                       0x08001dcc   Section        0  rtx_msgqueue.o(.text.svcRtxMessageQueueGet)
    __arm_cp.22_0                            0x08001e94   Number         4  rtx_msgqueue.o(.text.svcRtxMessageQueueGet)
    svcRtxMessageQueueNew                    0x08001e99   Thumb Code   272  rtx_msgqueue.o(.text.svcRtxMessageQueueNew)
    [Anonymous Symbol]                       0x08001e98   Section        0  rtx_msgqueue.o(.text.svcRtxMessageQueueNew)
    __arm_cp.1_0                             0x08001fa8   Number         4  rtx_msgqueue.o(.text.svcRtxMessageQueueNew)
    __arm_cp.1_1                             0x08001fac   Number         4  rtx_msgqueue.o(.text.svcRtxMessageQueueNew)
    svcRtxMessageQueuePut                    0x08001fb1   Thumb Code   168  rtx_msgqueue.o(.text.svcRtxMessageQueuePut)
    [Anonymous Symbol]                       0x08001fb0   Section        0  rtx_msgqueue.o(.text.svcRtxMessageQueuePut)
    svcRtxThreadExit                         0x08002059   Thumb Code    72  rtx_thread.o(.text.svcRtxThreadExit)
    [Anonymous Symbol]                       0x08002058   Section        0  rtx_thread.o(.text.svcRtxThreadExit)
    __arm_cp.53_0                            0x080020a0   Number         4  rtx_thread.o(.text.svcRtxThreadExit)
    svcRtxThreadFlagsSet                     0x080020a5   Thumb Code   102  rtx_thread.o(.text.svcRtxThreadFlagsSet)
    [Anonymous Symbol]                       0x080020a4   Section        0  rtx_thread.o(.text.svcRtxThreadFlagsSet)
    svcRtxThreadFlagsWait                    0x0800210d   Thumb Code    72  rtx_thread.o(.text.svcRtxThreadFlagsWait)
    [Anonymous Symbol]                       0x0800210c   Section        0  rtx_thread.o(.text.svcRtxThreadFlagsWait)
    __arm_cp.62_0                            0x08002154   Number         4  rtx_thread.o(.text.svcRtxThreadFlagsWait)
    svcRtxThreadNew                          0x08002159   Thumb Code   472  rtx_thread.o(.text.svcRtxThreadNew)
    [Anonymous Symbol]                       0x08002158   Section        0  rtx_thread.o(.text.svcRtxThreadNew)
    __arm_cp.15_0                            0x08002330   Number         4  rtx_thread.o(.text.svcRtxThreadNew)
    __arm_cp.15_1                            0x08002334   Number         4  rtx_thread.o(.text.svcRtxThreadNew)
    __arm_cp.15_2                            0x08002338   Number         4  rtx_thread.o(.text.svcRtxThreadNew)
    __arm_cp.15_3                            0x0800233c   Number         4  rtx_thread.o(.text.svcRtxThreadNew)
    __arm_cp.15_4                            0x08002340   Number         4  rtx_thread.o(.text.svcRtxThreadNew)
    thrBUT                                   0x08002345   Thumb Code    46  blinky.o(.text.thrBUT)
    [Anonymous Symbol]                       0x08002344   Section        0  blinky.o(.text.thrBUT)
    [Anonymous Symbol]                       0x08002374   Section        0  blinky.o(.text.thrLED)
    i.__scatterload_copy                     0x080023ac   Section       14  handlers.o(i.__scatterload_copy)
    i.__scatterload_null                     0x080023ba   Section        2  handlers.o(i.__scatterload_null)
    i.__scatterload_zeroinit                 0x080023bc   Section       14  handlers.o(i.__scatterload_zeroinit)
    __tagsym$$used.0                         0x080023cc   Number         0  rtx_lib.o(.rodata)
    __tagsym$$used.1                         0x0800243c   Number         0  rtx_lib.o(.rodata)
    LED_PIN                                  0x08002484   Data          16  led_f429discovery.o(.rodata.cst16)
    [Anonymous Symbol]                       0x08002484   Section        0  led_f429discovery.o(.rodata.cst16)
    os_idle_thread_attr                      0x08002498   Data          36  rtx_lib.o(.rodata.os_idle_thread_attr)
    [Anonymous Symbol]                       0x08002498   Section        0  rtx_lib.o(.rodata.os_idle_thread_attr)
    os_timer_mq_attr                         0x080024bc   Data          24  rtx_lib.o(.rodata.os_timer_mq_attr)
    [Anonymous Symbol]                       0x080024bc   Section        0  rtx_lib.o(.rodata.os_timer_mq_attr)
    os_timer_thread_attr                     0x080024d4   Data          36  rtx_lib.o(.rodata.os_timer_thread_attr)
    [Anonymous Symbol]                       0x080024d4   Section        0  rtx_lib.o(.rodata.os_timer_thread_attr)
    [Anonymous Symbol]                       0x080024f8   Section        0  rtx_kernel.o(.rodata.str1.4)
    .L_MergedGlobals                         0x20000000   Data           8  stm32f4xx_hal.o(.data..L_MergedGlobals)
    [Anonymous Symbol]                       0x20000000   Section        0  stm32f4xx_hal.o(.data..L_MergedGlobals)
    .L_MergedGlobals                         0x200000b0   Data           8  blinky.o(.bss..L_MergedGlobals)
    tid_thrLED                               0x200000b0   Data           4  blinky.o(.bss..L_MergedGlobals)
    [Anonymous Symbol]                       0x200000b0   Section        0  blinky.o(.bss..L_MergedGlobals)
    tid_thrBUT                               0x200000b4   Data           4  blinky.o(.bss..L_MergedGlobals)
    HAL_GetTick.ticks                        0x200000b8   Data           4  main.o(.bss.HAL_GetTick.ticks)
    [Anonymous Symbol]                       0x200000b8   Section        0  main.o(.bss.HAL_GetTick.ticks)
    os_isr_queue                             0x200000c0   Data          64  rtx_lib.o(.bss.os)
    [Anonymous Symbol]                       0x200000c0   Section        0  rtx_lib.o(.bss.os)
    os_mem                                   0x20000100   Data       32768  rtx_lib.o(.bss.os)
    PendST                                   0x20008100   Data           1  os_systick.o(.bss.os)
    [Anonymous Symbol]                       0x20008100   Section        0  os_systick.o(.bss.os)
    os_timer_mq_cb                           0x20008104   Data          52  rtx_lib.o(.bss.os.msgqueue.cb)
    [Anonymous Symbol]                       0x20008104   Section        0  rtx_lib.o(.bss.os.msgqueue.cb)
    os_timer_mq_data                         0x20008138   Data          80  rtx_lib.o(.bss.os.msgqueue.mem)
    [Anonymous Symbol]                       0x20008138   Section        0  rtx_lib.o(.bss.os.msgqueue.mem)
    os_idle_thread_cb                        0x20008188   Data          68  rtx_lib.o(.bss.os.thread.cb)
    [Anonymous Symbol]                       0x20008188   Section        0  rtx_lib.o(.bss.os.thread.cb)
    os_timer_thread_cb                       0x200081cc   Data          68  rtx_lib.o(.bss.os.thread.cb)
    os_idle_thread_stack                     0x20008210   Data         512  rtx_lib.o(.bss.os.thread.idle.stack)
    [Anonymous Symbol]                       0x20008210   Section        0  rtx_lib.o(.bss.os.thread.idle.stack)
    os_timer_thread_stack                    0x20008410   Data         512  rtx_lib.o(.bss.os.thread.timer.stack)
    [Anonymous Symbol]                       0x20008410   Section        0  rtx_lib.o(.bss.os.thread.timer.stack)
    STACK                                    0x20008610   Section     1024  startup_stm32f429xx.o(STACK)
    FPCCR                                    0xe000ef34   Number         0  irq_armv7m.o ABSOLUTE

    Global Symbols

    Symbol Name                              Value     Ov Type        Size  Object(Section)

    BuildAttributes$$THM_ISAv4$E$P$D$K$B$S$7EM$VFPi3$EXTD16$VFPS$VFMA$PE$A:L22UL41UL21$X:L11$S22US41US21$IEEE1$IW$~IW$USESV6$~STKCKD$USESV7$~SHL$OTIME$EBA8$MICROLIB$REQ8$PRES8$EABIv2 0x00000000   Number         0  anon$$obj.o ABSOLUTE
    .bss.os.evflags.cb$$Base                  - Undefined Weak Reference
    .bss.os.evflags.cb$$Limit                 - Undefined Weak Reference
    .bss.os.mempool.cb$$Base                  - Undefined Weak Reference
    .bss.os.mempool.cb$$Limit                 - Undefined Weak Reference
    .bss.os.mutex.cb$$Base                    - Undefined Weak Reference
    .bss.os.mutex.cb$$Limit                   - Undefined Weak Reference
    .bss.os.semaphore.cb$$Base                - Undefined Weak Reference
    .bss.os.semaphore.cb$$Limit               - Undefined Weak Reference
    .bss.os.timer.cb$$Base                    - Undefined Weak Reference
    .bss.os.timer.cb$$Limit                   - Undefined Weak Reference
    __cpp_initialize__aeabi_                  - Undefined Weak Reference
    __cxa_finalize                            - Undefined Weak Reference
    __decompress                              - Undefined Weak Reference
    _clock_init                               - Undefined Weak Reference
    _microlib_exit                            - Undefined Weak Reference
    __Vectors_Size                           0x000001ac   Number         0  startup_stm32f429xx.o ABSOLUTE
    __Vectors                                0x08000000   Data           4  startup_stm32f429xx.o(RESET)
    __Vectors_End                            0x080001ac   Data           0  startup_stm32f429xx.o(RESET)
    __main                                   0x080001ad   Thumb Code     0  entry.o(.ARM.Collect$$$$00000000)
    _main_stk                                0x080001ad   Thumb Code     0  entry2.o(.ARM.Collect$$$$00000001)
    _main_scatterload                        0x080001b1   Thumb Code     0  entry5.o(.ARM.Collect$$$$00000004)
    __main_after_scatterload                 0x080001b5   Thumb Code     0  entry5.o(.ARM.Collect$$$$00000004)
    _main_clock                              0x080001b5   Thumb Code     0  entry7b.o(.ARM.Collect$$$$00000008)
    _main_cpp_init                           0x080001b5   Thumb Code     0  entry8b.o(.ARM.Collect$$$$0000000A)
    _main_init                               0x080001b5   Thumb Code     0  entry9a.o(.ARM.Collect$$$$0000000B)
    __rt_final_cpp                           0x080001bd   Thumb Code     0  entry10a.o(.ARM.Collect$$$$0000000D)
    __rt_final_exit                          0x080001bd   Thumb Code     0  entry11a.o(.ARM.Collect$$$$0000000F)
    Reset_Handler                            0x080001c1   Thumb Code     8  startup_stm32f429xx.o(.text)
    NMI_Handler                              0x080001c9   Thumb Code     2  startup_stm32f429xx.o(.text)
    HardFault_Handler                        0x080001cb   Thumb Code     2  startup_stm32f429xx.o(.text)
    MemManage_Handler                        0x080001cd   Thumb Code     2  startup_stm32f429xx.o(.text)
    BusFault_Handler                         0x080001cf   Thumb Code     2  startup_stm32f429xx.o(.text)
    UsageFault_Handler                       0x080001d1   Thumb Code     2  startup_stm32f429xx.o(.text)
    DebugMon_Handler                         0x080001d5   Thumb Code     2  startup_stm32f429xx.o(.text)
    ADC_IRQHandler                           0x080001db   Thumb Code     0  startup_stm32f429xx.o(.text)
    CAN1_RX0_IRQHandler                      0x080001db   Thumb Code     0  startup_stm32f429xx.o(.text)
    CAN1_RX1_IRQHandler                      0x080001db   Thumb Code     0  startup_stm32f429xx.o(.text)
    CAN1_SCE_IRQHandler                      0x080001db   Thumb Code     0  startup_stm32f429xx.o(.text)
    CAN1_TX_IRQHandler                       0x080001db   Thumb Code     0  startup_stm32f429xx.o(.text)
    CAN2_RX0_IRQHandler                      0x080001db   Thumb Code     0  startup_stm32f429xx.o(.text)
    CAN2_RX1_IRQHandler                      0x080001db   Thumb Code     0  startup_stm32f429xx.o(.text)
    CAN2_SCE_IRQHandler                      0x080001db   Thumb Code     0  startup_stm32f429xx.o(.text)
    CAN2_TX_IRQHandler                       0x080001db   Thumb Code     0  startup_stm32f429xx.o(.text)
    DCMI_IRQHandler                          0x080001db   Thumb Code     0  startup_stm32f429xx.o(.text)
    DMA1_Stream0_IRQHandler                  0x080001db   Thumb Code     0  startup_stm32f429xx.o(.text)
    DMA1_Stream1_IRQHandler                  0x080001db   Thumb Code     0  startup_stm32f429xx.o(.text)
    DMA1_Stream2_IRQHandler                  0x080001db   Thumb Code     0  startup_stm32f429xx.o(.text)
    DMA1_Stream3_IRQHandler                  0x080001db   Thumb Code     0  startup_stm32f429xx.o(.text)
    DMA1_Stream4_IRQHandler                  0x080001db   Thumb Code     0  startup_stm32f429xx.o(.text)
    DMA1_Stream5_IRQHandler                  0x080001db   Thumb Code     0  startup_stm32f429xx.o(.text)
    DMA1_Stream6_IRQHandler                  0x080001db   Thumb Code     0  startup_stm32f429xx.o(.text)
    DMA1_Stream7_IRQHandler                  0x080001db   Thumb Code     0  startup_stm32f429xx.o(.text)
    DMA2D_IRQHandler                         0x080001db   Thumb Code     0  startup_stm32f429xx.o(.text)
    DMA2_Stream0_IRQHandler                  0x080001db   Thumb Code     0  startup_stm32f429xx.o(.text)
    DMA2_Stream1_IRQHandler                  0x080001db   Thumb Code     0  startup_stm32f429xx.o(.text)
    DMA2_Stream2_IRQHandler                  0x080001db   Thumb Code     0  startup_stm32f429xx.o(.text)
    DMA2_Stream3_IRQHandler                  0x080001db   Thumb Code     0  startup_stm32f429xx.o(.text)
    DMA2_Stream4_IRQHandler                  0x080001db   Thumb Code     0  startup_stm32f429xx.o(.text)
    DMA2_Stream5_IRQHandler                  0x080001db   Thumb Code     0  startup_stm32f429xx.o(.text)
    DMA2_Stream6_IRQHandler                  0x080001db   Thumb Code     0  startup_stm32f429xx.o(.text)
    DMA2_Stream7_IRQHandler                  0x080001db   Thumb Code     0  startup_stm32f429xx.o(.text)
    ETH_IRQHandler                           0x080001db   Thumb Code     0  startup_stm32f429xx.o(.text)
    ETH_WKUP_IRQHandler                      0x080001db   Thumb Code     0  startup_stm32f429xx.o(.text)
    EXTI0_IRQHandler                         0x080001db   Thumb Code     0  startup_stm32f429xx.o(.text)
    EXTI15_10_IRQHandler                     0x080001db   Thumb Code     0  startup_stm32f429xx.o(.text)
    EXTI1_IRQHandler                         0x080001db   Thumb Code     0  startup_stm32f429xx.o(.text)
    EXTI2_IRQHandler                         0x080001db   Thumb Code     0  startup_stm32f429xx.o(.text)
    EXTI3_IRQHandler                         0x080001db   Thumb Code     0  startup_stm32f429xx.o(.text)
    EXTI4_IRQHandler                         0x080001db   Thumb Code     0  startup_stm32f429xx.o(.text)
    EXTI9_5_IRQHandler                       0x080001db   Thumb Code     0  startup_stm32f429xx.o(.text)
    FLASH_IRQHandler                         0x080001db   Thumb Code     0  startup_stm32f429xx.o(.text)
    FMC_IRQHandler                           0x080001db   Thumb Code     0  startup_stm32f429xx.o(.text)
    FPU_IRQHandler                           0x080001db   Thumb Code     0  startup_stm32f429xx.o(.text)
    HASH_RNG_IRQHandler                      0x080001db   Thumb Code     0  startup_stm32f429xx.o(.text)
    I2C1_ER_IRQHandler                       0x080001db   Thumb Code     0  startup_stm32f429xx.o(.text)
    I2C1_EV_IRQHandler                       0x080001db   Thumb Code     0  startup_stm32f429xx.o(.text)
    I2C2_ER_IRQHandler                       0x080001db   Thumb Code     0  startup_stm32f429xx.o(.text)
    I2C2_EV_IRQHandler                       0x080001db   Thumb Code     0  startup_stm32f429xx.o(.text)
    I2C3_ER_IRQHandler                       0x080001db   Thumb Code     0  startup_stm32f429xx.o(.text)
    I2C3_EV_IRQHandler                       0x080001db   Thumb Code     0  startup_stm32f429xx.o(.text)
    LTDC_ER_IRQHandler                       0x080001db   Thumb Code     0  startup_stm32f429xx.o(.text)
    LTDC_IRQHandler                          0x080001db   Thumb Code     0  startup_stm32f429xx.o(.text)
    OTG_FS_IRQHandler                        0x080001db   Thumb Code     0  startup_stm32f429xx.o(.text)
    OTG_FS_WKUP_IRQHandler                   0x080001db   Thumb Code     0  startup_stm32f429xx.o(.text)
    OTG_HS_EP1_IN_IRQHandler                 0x080001db   Thumb Code     0  startup_stm32f429xx.o(.text)
    OTG_HS_EP1_OUT_IRQHandler                0x080001db   Thumb Code     0  startup_stm32f429xx.o(.text)
    OTG_HS_IRQHandler                        0x080001db   Thumb Code     0  startup_stm32f429xx.o(.text)
    OTG_HS_WKUP_IRQHandler                   0x080001db   Thumb Code     0  startup_stm32f429xx.o(.text)
    PVD_IRQHandler                           0x080001db   Thumb Code     0  startup_stm32f429xx.o(.text)
    RCC_IRQHandler                           0x080001db   Thumb Code     0  startup_stm32f429xx.o(.text)
    RTC_Alarm_IRQHandler                     0x080001db   Thumb Code     0  startup_stm32f429xx.o(.text)
    RTC_WKUP_IRQHandler                      0x080001db   Thumb Code     0  startup_stm32f429xx.o(.text)
    SAI1_IRQHandler                          0x080001db   Thumb Code     0  startup_stm32f429xx.o(.text)
    SDIO_IRQHandler                          0x080001db   Thumb Code     0  startup_stm32f429xx.o(.text)
    SPI1_IRQHandler                          0x080001db   Thumb Code     0  startup_stm32f429xx.o(.text)
    SPI2_IRQHandler                          0x080001db   Thumb Code     0  startup_stm32f429xx.o(.text)
    SPI3_IRQHandler                          0x080001db   Thumb Code     0  startup_stm32f429xx.o(.text)
    SPI4_IRQHandler                          0x080001db   Thumb Code     0  startup_stm32f429xx.o(.text)
    SPI5_IRQHandler                          0x080001db   Thumb Code     0  startup_stm32f429xx.o(.text)
    SPI6_IRQHandler                          0x080001db   Thumb Code     0  startup_stm32f429xx.o(.text)
    TAMP_STAMP_IRQHandler                    0x080001db   Thumb Code     0  startup_stm32f429xx.o(.text)
    TIM1_BRK_TIM9_IRQHandler                 0x080001db   Thumb Code     0  startup_stm32f429xx.o(.text)
    TIM1_CC_IRQHandler                       0x080001db   Thumb Code     0  startup_stm32f429xx.o(.text)
    TIM1_TRG_COM_TIM11_IRQHandler            0x080001db   Thumb Code     0  startup_stm32f429xx.o(.text)
    TIM1_UP_TIM10_IRQHandler                 0x080001db   Thumb Code     0  startup_stm32f429xx.o(.text)
    TIM2_IRQHandler                          0x080001db   Thumb Code     0  startup_stm32f429xx.o(.text)
    TIM3_IRQHandler                          0x080001db   Thumb Code     0  startup_stm32f429xx.o(.text)
    TIM4_IRQHandler                          0x080001db   Thumb Code     0  startup_stm32f429xx.o(.text)
    TIM5_IRQHandler                          0x080001db   Thumb Code     0  startup_stm32f429xx.o(.text)
    TIM6_DAC_IRQHandler                      0x080001db   Thumb Code     0  startup_stm32f429xx.o(.text)
    TIM7_IRQHandler                          0x080001db   Thumb Code     0  startup_stm32f429xx.o(.text)
    TIM8_BRK_TIM12_IRQHandler                0x080001db   Thumb Code     0  startup_stm32f429xx.o(.text)
    TIM8_CC_IRQHandler                       0x080001db   Thumb Code     0  startup_stm32f429xx.o(.text)
    TIM8_TRG_COM_TIM14_IRQHandler            0x080001db   Thumb Code     0  startup_stm32f429xx.o(.text)
    TIM8_UP_TIM13_IRQHandler                 0x080001db   Thumb Code     0  startup_stm32f429xx.o(.text)
    UART4_IRQHandler                         0x080001db   Thumb Code     0  startup_stm32f429xx.o(.text)
    UART5_IRQHandler                         0x080001db   Thumb Code     0  startup_stm32f429xx.o(.text)
    UART7_IRQHandler                         0x080001db   Thumb Code     0  startup_stm32f429xx.o(.text)
    UART8_IRQHandler                         0x080001db   Thumb Code     0  startup_stm32f429xx.o(.text)
    USART1_IRQHandler                        0x080001db   Thumb Code     0  startup_stm32f429xx.o(.text)
    USART2_IRQHandler                        0x080001db   Thumb Code     0  startup_stm32f429xx.o(.text)
    USART3_IRQHandler                        0x080001db   Thumb Code     0  startup_stm32f429xx.o(.text)
    USART6_IRQHandler                        0x080001db   Thumb Code     0  startup_stm32f429xx.o(.text)
    WWDG_IRQHandler                          0x080001db   Thumb Code     0  startup_stm32f429xx.o(.text)
    SVC_Handler                              0x080001e5   Thumb Code   154  irq_armv7m.o(.text)
    PendSV_Handler                           0x0800027f   Thumb Code    16  irq_armv7m.o(.text)
    SysTick_Handler                          0x0800028f   Thumb Code    16  irq_armv7m.o(.text)
    __aeabi_uldivmod                         0x080002ad   Thumb Code    98  uldiv.o(.text)
    __aeabi_memcpy                           0x0800030f   Thumb Code    36  memcpya.o(.text)
    __aeabi_memcpy4                          0x0800030f   Thumb Code     0  memcpya.o(.text)
    __aeabi_memcpy8                          0x0800030f   Thumb Code     0  memcpya.o(.text)
    __aeabi_memset                           0x08000333   Thumb Code    14  memseta.o(.text)
    __aeabi_memset4                          0x08000333   Thumb Code     0  memseta.o(.text)
    __aeabi_memset8                          0x08000333   Thumb Code     0  memseta.o(.text)
    __aeabi_memclr                           0x08000341   Thumb Code     4  memseta.o(.text)
    __aeabi_memclr4                          0x08000341   Thumb Code     0  memseta.o(.text)
    __aeabi_memclr8                          0x08000341   Thumb Code     0  memseta.o(.text)
    _memset$wrapper                          0x08000345   Thumb Code    18  memseta.o(.text)
    __aeabi_llsl                             0x08000357   Thumb Code    30  llshl.o(.text)
    _ll_shift_l                              0x08000357   Thumb Code     0  llshl.o(.text)
    __aeabi_llsr                             0x08000375   Thumb Code    32  llushr.o(.text)
    _ll_ushift_r                             0x08000375   Thumb Code     0  llushr.o(.text)
    __scatterload                            0x08000395   Thumb Code    28  init.o(.text)
    __scatterload_rt2                        0x08000395   Thumb Code     0  init.o(.text)
    Buttons_GetState                         0x080003b9   Thumb Code    24  buttons_f429discovery.o(.text.Buttons_GetState)
    Buttons_Initialize                       0x080003d1   Thumb Code    60  buttons_f429discovery.o(.text.Buttons_Initialize)
    HAL_GPIO_Init                            0x0800040d   Thumb Code   418  stm32f4xx_hal_gpio.o(.text.HAL_GPIO_Init)
    HAL_GPIO_ReadPin                         0x080005b1   Thumb Code    10  stm32f4xx_hal_gpio.o(.text.HAL_GPIO_ReadPin)
    HAL_GPIO_WritePin                        0x080005bd   Thumb Code    10  stm32f4xx_hal_gpio.o(.text.HAL_GPIO_WritePin)
    HAL_GetREVID                             0x080005c9   Thumb Code    14  stm32f4xx_hal.o(.text.HAL_GetREVID)
    HAL_GetTick                              0x080005d9   Thumb Code   268  main.o(.text.HAL_GetTick)
    HAL_Init                                 0x080006e5   Thumb Code    46  stm32f4xx_hal.o(.text.HAL_Init)
    HAL_InitTick                             0x08000715   Thumb Code     4  main.o(.text.HAL_InitTick)
    HAL_MspInit                              0x08000719   Thumb Code     2  stm32f4xx_hal.o(.text.HAL_MspInit)
    HAL_NVIC_SetPriorityGrouping             0x0800071d   Thumb Code    32  stm32f4xx_hal_cortex.o(.text.HAL_NVIC_SetPriorityGrouping)
    HAL_RCC_ClockConfig                      0x0800073d   Thumb Code   352  stm32f4xx_hal_rcc.o(.text.HAL_RCC_ClockConfig)
    HAL_RCC_GetSysClockFreq                  0x0800089d   Thumb Code   108  stm32f4xx_hal_rcc.o(.text.HAL_RCC_GetSysClockFreq)
    HAL_RCC_OscConfig                        0x08000909   Thumb Code   884  stm32f4xx_hal_rcc.o(.text.HAL_RCC_OscConfig)
    LED_Initialize                           0x08000c7d   Thumb Code    70  led_f429discovery.o(.text.LED_Initialize)
    LED_Off                                  0x08000cc5   Thumb Code    42  led_f429discovery.o(.text.LED_Off)
    LED_On                                   0x08000cf1   Thumb Code    40  led_f429discovery.o(.text.LED_On)
    OS_Tick_AcknowledgeIRQ                   0x08000dcd   Thumb Code     8  os_systick.o(.text.OS_Tick_AcknowledgeIRQ)
    OS_Tick_Enable                           0x08000dd5   Thumb Code    32  os_systick.o(.text.OS_Tick_Enable)
    OS_Tick_GetIRQn                          0x08000df9   Thumb Code     6  os_systick.o(.text.OS_Tick_GetIRQn)
    OS_Tick_Setup                            0x08000e01   Thumb Code    48  os_systick.o(.text.OS_Tick_Setup)
    SystemCoreClockUpdate                    0x08000e6d   Thumb Code   134  system_stm32f4xx.o(.text.SystemCoreClockUpdate)
    SystemInit                               0x08000ef5   Thumb Code    72  system_stm32f4xx.o(.text.SystemInit)
    app_main                                 0x08000fe5   Thumb Code    56  blinky.o(.text.app_main)
    main                                     0x0800101d   Thumb Code   202  main.o(.text.main)
    osDelay                                  0x080010e9   Thumb Code    32  rtx_delay.o(.text.osDelay)
    osKernelGetState                         0x0800110d   Thumb Code    40  rtx_kernel.o(.text.osKernelGetState)
    osKernelGetTickCount                     0x08001139   Thumb Code    32  rtx_kernel.o(.text.osKernelGetTickCount)
    osKernelInitialize                       0x08001161   Thumb Code    40  rtx_kernel.o(.text.osKernelInitialize)
    osKernelStart                            0x0800118d   Thumb Code    32  rtx_kernel.o(.text.osKernelStart)
    osMessageQueueGet                        0x080011b1   Thumb Code   108  rtx_msgqueue.o(.text.osMessageQueueGet)
    osMessageQueuePut                        0x08001221   Thumb Code   124  rtx_msgqueue.o(.text.osMessageQueuePut)
    osRtxErrorNotify                         0x080012a1   Thumb Code     2  rtx_config.o(.text.osRtxErrorNotify)
    osRtxIdleThread                          0x080012a5   Thumb Code     2  rtx_config.o(.text.osRtxIdleThread)
    osRtxKernelErrorNotify                   0x080012a7   Thumb Code     4  rtx_kernel.o(.text.osRtxKernelErrorNotify)
    osRtxKernelPreInit                       0x080012ab   Thumb Code     2  rtx_kernel.o(.text.osRtxKernelPreInit)
    osRtxMemoryAlloc                         0x080012ad   Thumb Code   108  rtx_memory.o(.text.osRtxMemoryAlloc)
    osRtxMemoryFree                          0x08001319   Thumb Code    66  rtx_memory.o(.text.osRtxMemoryFree)
    osRtxMemoryInit                          0x0800135b   Thumb Code    54  rtx_memory.o(.text.osRtxMemoryInit)
    osRtxMemoryPoolAlloc                     0x08001391   Thumb Code    58  rtx_mempool.o(.text.osRtxMemoryPoolAlloc)
    osRtxMemoryPoolFree                      0x080013cb   Thumb Code    74  rtx_mempool.o(.text.osRtxMemoryPoolFree)
    osRtxMemoryPoolInit                      0x08001415   Thumb Code    56  rtx_mempool.o(.text.osRtxMemoryPoolInit)
    osRtxMessageQueueTimerSetup              0x080014f9   Thumb Code    32  rtx_msgqueue.o(.text.osRtxMessageQueueTimerSetup)
    osRtxMutexOwnerRelease                   0x08001521   Thumb Code    72  rtx_mutex.o(.text.osRtxMutexOwnerRelease)
    osRtxMutexOwnerRestore                   0x08001569   Thumb Code    72  rtx_mutex.o(.text.osRtxMutexOwnerRestore)
    osRtxPendSV_Handler                      0x080015b1   Thumb Code   136  rtx_system.o(.text.osRtxPendSV_Handler)
    osRtxPostProcess                         0x08001639   Thumb Code   108  rtx_system.o(.text.osRtxPostProcess)
    osRtxThreadDelayTick                     0x08001795   Thumb Code    80  rtx_thread.o(.text.osRtxThreadDelayTick)
    osRtxThreadDispatch                      0x08001805   Thumb Code    80  rtx_thread.o(.text.osRtxThreadDispatch)
    osRtxThreadListGet                       0x080018cb   Thumb Code    18  rtx_thread.o(.text.osRtxThreadListGet)
    osRtxThreadListPut                       0x080018dd   Thumb Code    44  rtx_thread.o(.text.osRtxThreadListPut)
    osRtxThreadListRemove                    0x08001909   Thumb Code    20  rtx_thread.o(.text.osRtxThreadListRemove)
    osRtxThreadListSort                      0x0800191d   Thumb Code    38  rtx_thread.o(.text.osRtxThreadListSort)
    osRtxThreadReadyPut                      0x0800196d   Thumb Code    16  rtx_thread.o(.text.osRtxThreadReadyPut)
    osRtxThreadRegPtr                        0x08001981   Thumb Code    20  rtx_thread.o(.text.osRtxThreadRegPtr)
    osRtxThreadStartup                       0x08001995   Thumb Code    48  rtx_thread.o(.text.osRtxThreadStartup)
    osRtxThreadSwitch                        0x080019c9   Thumb Code    12  rtx_thread.o(.text.osRtxThreadSwitch)
    osRtxThreadWaitEnter                     0x080019d5   Thumb Code    56  rtx_thread.o(.text.osRtxThreadWaitEnter)
    osRtxThreadWaitExit                      0x08001a11   Thumb Code    48  rtx_thread.o(.text.osRtxThreadWaitExit)
    osRtxTick_Handler                        0x08001a41   Thumb Code   116  rtx_system.o(.text.osRtxTick_Handler)
    osRtxTimerSetup                          0x08001ab9   Thumb Code    24  rtx_timer.o(.text.osRtxTimerSetup)
    osRtxTimerThread                         0x08001ad9   Thumb Code    32  rtx_timer.o(.text.osRtxTimerThread)
    osThreadExit                             0x08001b69   Thumb Code     8  rtx_thread.o(.text.osThreadExit)
    osThreadFlagsSet                         0x08001b75   Thumb Code    84  rtx_thread.o(.text.osThreadFlagsSet)
    osThreadFlagsWait                        0x08001bcd   Thumb Code    32  rtx_thread.o(.text.osThreadFlagsWait)
    osThreadNew                              0x08001bf1   Thumb Code    32  rtx_thread.o(.text.osThreadNew)
    thrLED                                   0x08002375   Thumb Code    56  blinky.o(.text.thrLED)
    __scatterload_copy                       0x080023ad   Thumb Code    14  handlers.o(i.__scatterload_copy)
    __scatterload_null                       0x080023bb   Thumb Code     2  handlers.o(i.__scatterload_null)
    __scatterload_zeroinit                   0x080023bd   Thumb Code    14  handlers.o(i.__scatterload_zeroinit)
    osRtxConfig                              0x080023cc   Data         112  rtx_lib.o(.rodata)
    os_cb_sections                           0x0800243c   Data          56  rtx_lib.o(.rodata)
    AHBPrescTable                            0x08002474   Data          16  system_stm32f4xx.o(.rodata.AHBPrescTable)
    osRtxUserSVC                             0x08002494   Data           4  rtx_lib.o(.rodata.osRtxUserSVC)
    Region$$Table$$Base                      0x08002504   Number         0  anon$$obj.o(Region$$Table)
    Region$$Table$$Limit                     0x08002524   Number         0  anon$$obj.o(Region$$Table)
    uwTickFreq                               0x20000000   Data           1  stm32f4xx_hal.o(.data..L_MergedGlobals)
    uwTickPrio                               0x20000004   Data           4  stm32f4xx_hal.o(.data..L_MergedGlobals)
    SystemCoreClock                          0x20000008   Data           4  system_stm32f4xx.o(.data.SystemCoreClock)
    osRtxInfo                                0x2000000c   Data         164  rtx_kernel.o(.data.os)
    .bss.os.msgqueue.cb$$Base                0x20008104   Number         0  rtx_lib.o(.bss.os.msgqueue.cb)
    .bss.os.msgqueue.cb$$Limit               0x20008138   Number         0  rtx_lib.o(.bss.os.msgqueue.cb)
    .bss.os.thread.cb$$Base                  0x20008188   Number         0  rtx_lib.o(.bss.os.thread.cb)
    .bss.os.thread.cb$$Limit                 0x20008210   Number         0  rtx_lib.o(.bss.os.thread.cb)
    __initial_sp                             0x20008a10   Data           0  startup_stm32f429xx.o(STACK)



==============================================================================

Memory Map of the image

  Image Entry point : 0x080001ad

  Load Region LR_IROM1 (Base: 0x08000000, Size: 0x000025d8, Max: 0x00200000, ABSOLUTE)

    Execution Region ER_IROM1 (Exec base: 0x08000000, Load base: 0x08000000, Size: 0x00002524, Max: 0x00200000, ABSOLUTE)

    Exec Addr    Load Addr    Size         Type   Attr      Idx    E Section Name        Object

    0x08000000   0x08000000   0x000001ac   Data   RO          366    RESET               startup_stm32f429xx.o
    0x080001ac   0x080001ac   0x00000000   Code   RO          874  * .ARM.Collect$$$$00000000  mc_w.l(entry.o)
    0x080001ac   0x080001ac   0x00000004   Code   RO          885    .ARM.Collect$$$$00000001  mc_w.l(entry2.o)
    0x080001b0   0x080001b0   0x00000004   Code   RO          888    .ARM.Collect$$$$00000004  mc_w.l(entry5.o)
    0x080001b4   0x080001b4   0x00000000   Code   RO          890    .ARM.Collect$$$$00000008  mc_w.l(entry7b.o)
    0x080001b4   0x080001b4   0x00000000   Code   RO          892    .ARM.Collect$$$$0000000A  mc_w.l(entry8b.o)
    0x080001b4   0x080001b4   0x00000008   Code   RO          893    .ARM.Collect$$$$0000000B  mc_w.l(entry9a.o)
    0x080001bc   0x080001bc   0x00000000   Code   RO          895    .ARM.Collect$$$$0000000D  mc_w.l(entry10a.o)
    0x080001bc   0x080001bc   0x00000000   Code   RO          897    .ARM.Collect$$$$0000000F  mc_w.l(entry11a.o)
    0x080001bc   0x080001bc   0x00000004   Code   RO          886    .ARM.Collect$$$$00002712  mc_w.l(entry2.o)
    0x080001c0   0x080001c0   0x00000024   Code   RO          367    .text               startup_stm32f429xx.o
    0x080001e4   0x080001e4   0x000000c8   Code   RO          662    .text               RTX_CM4F.lib(irq_armv7m.o)
    0x080002ac   0x080002ac   0x00000062   Code   RO          877    .text               mc_w.l(uldiv.o)
    0x0800030e   0x0800030e   0x00000024   Code   RO          879    .text               mc_w.l(memcpya.o)
    0x08000332   0x08000332   0x00000024   Code   RO          881    .text               mc_w.l(memseta.o)
    0x08000356   0x08000356   0x0000001e   Code   RO          899    .text               mc_w.l(llshl.o)
    0x08000374   0x08000374   0x00000020   Code   RO          901    .text               mc_w.l(llushr.o)
    0x08000394   0x08000394   0x00000024   Code   RO          903    .text               mc_w.l(init.o)
    0x080003b8   0x080003b8   0x00000018   Code   RO           37    .text.Buttons_GetState  buttons_f429discovery.o
    0x080003d0   0x080003d0   0x0000003c   Code   RO           33    .text.Buttons_Initialize  buttons_f429discovery.o
    0x0800040c   0x0800040c   0x000001a2   Code   RO          213    .text.HAL_GPIO_Init  stm32f4xx_hal_gpio.o
    0x080005ae   0x080005ae   0x00000002   PAD
    0x080005b0   0x080005b0   0x0000000a   Code   RO          217    .text.HAL_GPIO_ReadPin  stm32f4xx_hal_gpio.o
    0x080005ba   0x080005ba   0x00000002   PAD
    0x080005bc   0x080005bc   0x0000000a   Code   RO          219    .text.HAL_GPIO_WritePin  stm32f4xx_hal_gpio.o
    0x080005c6   0x080005c6   0x00000002   PAD
    0x080005c8   0x080005c8   0x0000000e   Code   RO          127    .text.HAL_GetREVID  stm32f4xx_hal.o
    0x080005d6   0x080005d6   0x00000002   PAD
    0x080005d8   0x080005d8   0x0000010c   Code   RO            2    .text.HAL_GetTick   main.o
    0x080006e4   0x080006e4   0x0000002e   Code   RO           99    .text.HAL_Init      stm32f4xx_hal.o
    0x08000712   0x08000712   0x00000002   PAD
    0x08000714   0x08000714   0x00000004   Code   RO            4    .text.HAL_InitTick  main.o
    0x08000718   0x08000718   0x00000002   Code   RO          103    .text.HAL_MspInit   stm32f4xx_hal.o
    0x0800071a   0x0800071a   0x00000002   PAD
    0x0800071c   0x0800071c   0x00000020   Code   RO          167    .text.HAL_NVIC_SetPriorityGrouping  stm32f4xx_hal_cortex.o
    0x0800073c   0x0800073c   0x00000160   Code   RO          309    .text.HAL_RCC_ClockConfig  stm32f4xx_hal_rcc.o
    0x0800089c   0x0800089c   0x0000006c   Code   RO          311    .text.HAL_RCC_GetSysClockFreq  stm32f4xx_hal_rcc.o
    0x08000908   0x08000908   0x00000374   Code   RO          307    .text.HAL_RCC_OscConfig  stm32f4xx_hal_rcc.o
    0x08000c7c   0x08000c7c   0x00000046   Code   RO           49    .text.LED_Initialize  led_f429discovery.o
    0x08000cc2   0x08000cc2   0x00000002   PAD
    0x08000cc4   0x08000cc4   0x0000002a   Code   RO           55    .text.LED_Off       led_f429discovery.o
    0x08000cee   0x08000cee   0x00000002   PAD
    0x08000cf0   0x08000cf0   0x00000028   Code   RO           53    .text.LED_On        led_f429discovery.o
    0x08000d18   0x08000d18   0x00000040   Code   RO          814    .text.MessageQueueGet  RTX_CM4F.lib(rtx_msgqueue.o)
    0x08000d58   0x08000d58   0x00000058   Code   RO          808    .text.MessageQueuePut  RTX_CM4F.lib(rtx_msgqueue.o)
    0x08000db0   0x08000db0   0x0000001c   Code   RO          806    .text.MessageQueueRemove  RTX_CM4F.lib(rtx_msgqueue.o)
    0x08000dcc   0x08000dcc   0x00000008   Code   RO          854    .text.OS_Tick_AcknowledgeIRQ  RTX_CM4F.lib(os_systick.o)
    0x08000dd4   0x08000dd4   0x00000024   Code   RO          850    .text.OS_Tick_Enable  RTX_CM4F.lib(os_systick.o)
    0x08000df8   0x08000df8   0x00000006   Code   RO          856    .text.OS_Tick_GetIRQn  RTX_CM4F.lib(os_systick.o)
    0x08000dfe   0x08000dfe   0x00000002   PAD
    0x08000e00   0x08000e00   0x00000040   Code   RO          848    .text.OS_Tick_Setup  RTX_CM4F.lib(os_systick.o)
    0x08000e40   0x08000e40   0x0000000c   Code   RO          447    .text.OUTLINED_FUNCTION_0  RTX_CM4F.lib(rtx_kernel.o)
    0x08000e4c   0x08000e4c   0x00000006   Code   RO          587    .text.OUTLINED_FUNCTION_0  RTX_CM4F.lib(rtx_thread.o)
    0x08000e52   0x08000e52   0x0000000c   Code   RO          822    .text.OUTLINED_FUNCTION_0  RTX_CM4F.lib(rtx_msgqueue.o)
    0x08000e5e   0x08000e5e   0x00000006   Code   RO          449    .text.OUTLINED_FUNCTION_1  RTX_CM4F.lib(rtx_kernel.o)
    0x08000e64   0x08000e64   0x00000006   Code   RO          824    .text.OUTLINED_FUNCTION_1  RTX_CM4F.lib(rtx_msgqueue.o)
    0x08000e6a   0x08000e6a   0x00000002   PAD
    0x08000e6c   0x08000e6c   0x00000086   Code   RO          376    .text.SystemCoreClockUpdate  system_stm32f4xx.o
    0x08000ef2   0x08000ef2   0x00000002   PAD
    0x08000ef4   0x08000ef4   0x00000048   Code   RO          374    .text.SystemInit    system_stm32f4xx.o
    0x08000f3c   0x08000f3c   0x00000064   Code   RO          539    .text.ThreadFlagsCheck  RTX_CM4F.lib(rtx_thread.o)
    0x08000fa0   0x08000fa0   0x00000044   Code   RO          639    .text.TimerInsert   RTX_CM4F.lib(rtx_timer.o)
    0x08000fe4   0x08000fe4   0x00000038   Code   RO           20    .text.app_main      blinky.o
    0x0800101c   0x0800101c   0x000000ca   Code   RO            6    .text.main          main.o
    0x080010e6   0x080010e6   0x00000002   PAD
    0x080010e8   0x080010e8   0x00000024   Code   RO          605    .text.osDelay       RTX_CM4F.lib(rtx_delay.o)
    0x0800110c   0x0800110c   0x0000002c   Code   RO          399    .text.osKernelGetState  RTX_CM4F.lib(rtx_kernel.o)
    0x08001138   0x08001138   0x00000028   Code   RO          415    .text.osKernelGetTickCount  RTX_CM4F.lib(rtx_kernel.o)
    0x08001160   0x08001160   0x0000002c   Code   RO          393    .text.osKernelInitialize  RTX_CM4F.lib(rtx_kernel.o)
    0x0800118c   0x0800118c   0x00000024   Code   RO          403    .text.osKernelStart  RTX_CM4F.lib(rtx_kernel.o)
    0x080011b0   0x080011b0   0x00000070   Code   RO          782    .text.osMessageQueueGet  RTX_CM4F.lib(rtx_msgqueue.o)
    0x08001220   0x08001220   0x00000080   Code   RO          780    .text.osMessageQueuePut  RTX_CM4F.lib(rtx_msgqueue.o)
    0x080012a0   0x080012a0   0x00000002   Code   RO           90    .text.osRtxErrorNotify  rtx_config.o
    0x080012a2   0x080012a2   0x00000002   PAD
    0x080012a4   0x080012a4   0x00000002   Code   RO           88    .text.osRtxIdleThread  rtx_config.o
    0x080012a6   0x080012a6   0x00000004   Code   RO          391    .text.osRtxKernelErrorNotify  RTX_CM4F.lib(rtx_kernel.o)
    0x080012aa   0x080012aa   0x00000002   Code   RO          389    .text.osRtxKernelPreInit  RTX_CM4F.lib(rtx_kernel.o)
    0x080012ac   0x080012ac   0x0000006c   Code   RO          708    .text.osRtxMemoryAlloc  RTX_CM4F.lib(rtx_memory.o)
    0x08001318   0x08001318   0x00000042   Code   RO          710    .text.osRtxMemoryFree  RTX_CM4F.lib(rtx_memory.o)
    0x0800135a   0x0800135a   0x00000036   Code   RO          706    .text.osRtxMemoryInit  RTX_CM4F.lib(rtx_memory.o)
    0x08001390   0x08001390   0x0000003a   Code   RO          722    .text.osRtxMemoryPoolAlloc  RTX_CM4F.lib(rtx_mempool.o)
    0x080013ca   0x080013ca   0x0000004a   Code   RO          724    .text.osRtxMemoryPoolFree  RTX_CM4F.lib(rtx_mempool.o)
    0x08001414   0x08001414   0x00000038   Code   RO          720    .text.osRtxMemoryPoolInit  RTX_CM4F.lib(rtx_mempool.o)
    0x0800144c   0x0800144c   0x000000aa   Code   RO          804    .text.osRtxMessageQueuePostProcess  RTX_CM4F.lib(rtx_msgqueue.o)
    0x080014f6   0x080014f6   0x00000002   PAD
    0x080014f8   0x080014f8   0x00000028   Code   RO          772    .text.osRtxMessageQueueTimerSetup  RTX_CM4F.lib(rtx_msgqueue.o)
    0x08001520   0x08001520   0x00000048   Code   RO          670    .text.osRtxMutexOwnerRelease  RTX_CM4F.lib(rtx_mutex.o)
    0x08001568   0x08001568   0x00000048   Code   RO          672    .text.osRtxMutexOwnerRestore  RTX_CM4F.lib(rtx_mutex.o)
    0x080015b0   0x080015b0   0x00000088   Code   RO          836    .text.osRtxPendSV_Handler  RTX_CM4F.lib(rtx_system.o)
    0x08001638   0x08001638   0x00000070   Code   RO          838    .text.osRtxPostProcess  RTX_CM4F.lib(rtx_system.o)
    0x080016a8   0x080016a8   0x00000034   Code   RO          479    .text.osRtxThreadBlock  RTX_CM4F.lib(rtx_thread.o)
    0x080016dc   0x080016dc   0x0000007c   Code   RO          487    .text.osRtxThreadDelayInsert  RTX_CM4F.lib(rtx_thread.o)
    0x08001758   0x08001758   0x0000003c   Code   RO          483    .text.osRtxThreadDelayRemove  RTX_CM4F.lib(rtx_thread.o)
    0x08001794   0x08001794   0x00000050   Code   RO          471    .text.osRtxThreadDelayTick  RTX_CM4F.lib(rtx_thread.o)
    0x080017e4   0x080017e4   0x00000020   Code   RO          571    .text.osRtxThreadDestroy  RTX_CM4F.lib(rtx_thread.o)
    0x08001804   0x08001804   0x00000050   Code   RO          477    .text.osRtxThreadDispatch  RTX_CM4F.lib(rtx_thread.o)
    0x08001854   0x08001854   0x00000058   Code   RO          563    .text.osRtxThreadFree  RTX_CM4F.lib(rtx_thread.o)
    0x080018ac   0x080018ac   0x0000001e   Code   RO          569    .text.osRtxThreadJoinWakeup  RTX_CM4F.lib(rtx_thread.o)
    0x080018ca   0x080018ca   0x00000012   Code   RO          463    .text.osRtxThreadListGet  RTX_CM4F.lib(rtx_thread.o)
    0x080018dc   0x080018dc   0x0000002c   Code   RO          461    .text.osRtxThreadListPut  RTX_CM4F.lib(rtx_thread.o)
    0x08001908   0x08001908   0x00000014   Code   RO          467    .text.osRtxThreadListRemove  RTX_CM4F.lib(rtx_thread.o)
    0x0800191c   0x0800191c   0x00000026   Code   RO          465    .text.osRtxThreadListSort  RTX_CM4F.lib(rtx_thread.o)
    0x08001942   0x08001942   0x00000028   Code   RO          537    .text.osRtxThreadPostProcess  RTX_CM4F.lib(rtx_thread.o)
    0x0800196a   0x0800196a   0x00000002   PAD
    0x0800196c   0x0800196c   0x00000014   Code   RO          469    .text.osRtxThreadReadyPut  RTX_CM4F.lib(rtx_thread.o)
    0x08001980   0x08001980   0x00000014   Code   RO          473    .text.osRtxThreadRegPtr  RTX_CM4F.lib(rtx_thread.o)
    0x08001994   0x08001994   0x00000034   Code   RO          489    .text.osRtxThreadStartup  RTX_CM4F.lib(rtx_thread.o)
    0x080019c8   0x080019c8   0x0000000c   Code   RO          475    .text.osRtxThreadSwitch  RTX_CM4F.lib(rtx_thread.o)
    0x080019d4   0x080019d4   0x0000003c   Code   RO          485    .text.osRtxThreadWaitEnter  RTX_CM4F.lib(rtx_thread.o)
    0x08001a10   0x08001a10   0x00000030   Code   RO          481    .text.osRtxThreadWaitExit  RTX_CM4F.lib(rtx_thread.o)
    0x08001a40   0x08001a40   0x00000078   Code   RO          834    .text.osRtxTick_Handler  RTX_CM4F.lib(rtx_system.o)
    0x08001ab8   0x08001ab8   0x00000020   Code   RO          621    .text.osRtxTimerSetup  RTX_CM4F.lib(rtx_timer.o)
    0x08001ad8   0x08001ad8   0x00000020   Code   RO          625    .text.osRtxTimerThread  RTX_CM4F.lib(rtx_timer.o)
    0x08001af8   0x08001af8   0x00000070   Code   RO          623    .text.osRtxTimerTick  RTX_CM4F.lib(rtx_timer.o)
    0x08001b68   0x08001b68   0x0000000c   Code   RO          521    .text.osThreadExit  RTX_CM4F.lib(rtx_thread.o)
    0x08001b74   0x08001b74   0x00000058   Code   RO          529    .text.osThreadFlagsSet  RTX_CM4F.lib(rtx_thread.o)
    0x08001bcc   0x08001bcc   0x00000024   Code   RO          535    .text.osThreadFlagsWait  RTX_CM4F.lib(rtx_thread.o)
    0x08001bf0   0x08001bf0   0x00000024   Code   RO          493    .text.osThreadNew   RTX_CM4F.lib(rtx_thread.o)
    0x08001c14   0x08001c14   0x00000016   Code   RO          609    .text.svcRtxDelay   RTX_CM4F.lib(rtx_delay.o)
    0x08001c2a   0x08001c2a   0x00000002   PAD
    0x08001c2c   0x08001c2c   0x00000008   Code   RO          401    .text.svcRtxKernelGetState  RTX_CM4F.lib(rtx_kernel.o)
    0x08001c34   0x08001c34   0x0000000c   Code   RO          417    .text.svcRtxKernelGetTickCount  RTX_CM4F.lib(rtx_kernel.o)
    0x08001c40   0x08001c40   0x00000100   Code   RO          431    .text.svcRtxKernelInitialize  RTX_CM4F.lib(rtx_kernel.o)
    0x08001d40   0x08001d40   0x0000008c   Code   RO          433    .text.svcRtxKernelStart  RTX_CM4F.lib(rtx_kernel.o)
    0x08001dcc   0x08001dcc   0x000000cc   Code   RO          816    .text.svcRtxMessageQueueGet  RTX_CM4F.lib(rtx_msgqueue.o)
    0x08001e98   0x08001e98   0x00000118   Code   RO          774    .text.svcRtxMessageQueueNew  RTX_CM4F.lib(rtx_msgqueue.o)
    0x08001fb0   0x08001fb0   0x000000a8   Code   RO          812    .text.svcRtxMessageQueuePut  RTX_CM4F.lib(rtx_msgqueue.o)
    0x08002058   0x08002058   0x0000004c   Code   RO          567    .text.svcRtxThreadExit  RTX_CM4F.lib(rtx_thread.o)
    0x080020a4   0x080020a4   0x00000066   Code   RO          579    .text.svcRtxThreadFlagsSet  RTX_CM4F.lib(rtx_thread.o)
    0x0800210a   0x0800210a   0x00000002   PAD
    0x0800210c   0x0800210c   0x0000004c   Code   RO          585    .text.svcRtxThreadFlagsWait  RTX_CM4F.lib(rtx_thread.o)
    0x08002158   0x08002158   0x000001ec   Code   RO          491    .text.svcRtxThreadNew  RTX_CM4F.lib(rtx_thread.o)
    0x08002344   0x08002344   0x0000002e   Code   RO           22    .text.thrBUT        blinky.o
    0x08002372   0x08002372   0x00000002   PAD
    0x08002374   0x08002374   0x00000038   Code   RO           18    .text.thrLED        blinky.o
    0x080023ac   0x080023ac   0x0000000e   Code   RO          907    i.__scatterload_copy  mc_w.l(handlers.o)
    0x080023ba   0x080023ba   0x00000002   Code   RO          908    i.__scatterload_null  mc_w.l(handlers.o)
    0x080023bc   0x080023bc   0x0000000e   Code   RO          909    i.__scatterload_zeroinit  mc_w.l(handlers.o)
    0x080023ca   0x080023ca   0x00000002   PAD
    0x080023cc   0x080023cc   0x00000070   Data   RO           74    .rodata             rtx_lib.o
    0x0800243c   0x0800243c   0x00000038   Data   RO           77    .rodata             rtx_lib.o
    0x08002474   0x08002474   0x00000010   Data   RO          379    .rodata.AHBPrescTable  system_stm32f4xx.o
    0x08002484   0x08002484   0x00000010   Data   RO           61    .rodata.cst16       led_f429discovery.o
    0x08002494   0x08002494   0x00000004   Data   RO           76    .rodata.osRtxUserSVC  rtx_lib.o
    0x08002498   0x08002498   0x00000024   Data   RO           71    .rodata.os_idle_thread_attr  rtx_lib.o
    0x080024bc   0x080024bc   0x00000018   Data   RO           73    .rodata.os_timer_mq_attr  rtx_lib.o
    0x080024d4   0x080024d4   0x00000024   Data   RO           72    .rodata.os_timer_thread_attr  rtx_lib.o
    0x080024f8   0x080024f8   0x0000000b   Data   RO          451    .rodata.str1.4      RTX_CM4F.lib(rtx_kernel.o)
    0x08002503   0x08002503   0x00000001   PAD
    0x08002504   0x08002504   0x00000020   Data   RO          906    Region$$Table       anon$$obj.o


    Execution Region RW_IRAM1 (Exec base: 0x20000000, Load base: 0x08002528, Size: 0x00008a10, Max: 0x00030000, ABSOLUTE)

    Exec Addr    Load Addr    Size         Type   Attr      Idx    E Section Name        Object

    0x20000000   0x08002528   0x00000008   Data   RW          158    .data..L_MergedGlobals  stm32f4xx_hal.o
    0x20000008   0x08002530   0x00000004   Data   RW          378    .data.SystemCoreClock  system_stm32f4xx.o
    0x2000000c   0x08002534   0x000000a4   Data   RW          452    .data.os            RTX_CM4F.lib(rtx_kernel.o)
    0x200000b0        -       0x00000008   Zero   RW           24    .bss..L_MergedGlobals  blinky.o
    0x200000b8        -       0x00000004   Zero   RW            8    .bss.HAL_GetTick.ticks  main.o
    0x200000bc   0x080025d8   0x00000004   PAD
    0x200000c0        -       0x00008040   Zero   RW           70    .bss.os             rtx_lib.o
    0x20008100        -       0x00000001   Zero   RW          866    .bss.os             RTX_CM4F.lib(os_systick.o)
    0x20008101   0x080025d8   0x00000003   PAD
    0x20008104        -       0x00000034   Zero   RW           81    .bss.os.msgqueue.cb  rtx_lib.o
    0x20008138        -       0x00000050   Zero   RW           82    .bss.os.msgqueue.mem  rtx_lib.o
    0x20008188        -       0x00000088   Zero   RW           78    .bss.os.thread.cb   rtx_lib.o
    0x20008210        -       0x00000200   Zero   RW           79    .bss.os.thread.idle.stack  rtx_lib.o
    0x20008410        -       0x00000200   Zero   RW           80    .bss.os.thread.timer.stack  rtx_lib.o
    0x20008610        -       0x00000400   Zero   RW          364    STACK               startup_stm32f429xx.o


==============================================================================

Image component sizes


      Code (inc. data)   RO Data    RW Data    ZI Data      Debug   Object Name

       158          0          0          0          8       2846   blinky.o
        84          0          0          0          0       2917   buttons_f429discovery.o
       152          0         16          0          0       3616   led_f429discovery.o
       474          0          0          0          4       5701   main.o
         4          0          0          0          0        777   rtx_config.o
         0          0        268          0      34124       5674   rtx_lib.o
        36          8        428          0       1024        972   startup_stm32f429xx.o
        62          0          0          8          0       8070   stm32f4xx_hal.o
        32          0          0          0          0      11068   stm32f4xx_hal_cortex.o
       438          0          0          0          0       5618   stm32f4xx_hal_gpio.o
      1344          0          0          0          0       7794   stm32f4xx_hal_rcc.o
       206          0         16          4          0       2927   system_stm32f4xx.o

    ----------------------------------------------------------------------
      3014          8        760         12      35164      57980   Object Totals
         0          0         32          0          0          0   (incl. Generated)
        24          0          0          0          4          0   (incl. Padding)

    ----------------------------------------------------------------------

      Code (inc. data)   RO Data    RW Data    ZI Data      Debug   Library Member Name

       200         12          0          0          0        634   irq_armv7m.o
       114         20          0          0          1       3199   os_systick.o
        58          4          0          0          0       2797   rtx_delay.o
       604         52         11        164          0      16781   rtx_kernel.o
       228          0          0          0          0       2590   rtx_memory.o
       188          0          0          0          0      16188   rtx_mempool.o
      1300         28          0          0          0      18765   rtx_msgqueue.o
       144          0          0          0          0      10068   rtx_mutex.o
       368         18          0          0          0       5444   rtx_system.o
      1942         60          0          0          0      32486   rtx_thread.o
       244         12          0          0          0      10433   rtx_timer.o
         0          0          0          0          0          0   entry.o
         0          0          0          0          0          0   entry10a.o
         0          0          0          0          0          0   entry11a.o
         8          4          0          0          0          0   entry2.o
         4          0          0          0          0          0   entry5.o
         0          0          0          0          0          0   entry7b.o
         0          0          0          0          0          0   entry8b.o
         8          4          0          0          0          0   entry9a.o
        30          0          0          0          0          0   handlers.o
        36          8          0          0          0         68   init.o
        30          0          0          0          0         68   llshl.o
        32          0          0          0          0         68   llushr.o
        36          0          0          0          0         68   memcpya.o
        36          0          0          0          0        108   memseta.o
        98          0          0          0          0         92   uldiv.o

    ----------------------------------------------------------------------
      5722        222         12        164          4     119857   Library Totals
        14          0          1          0          3          0   (incl. Padding)

    ----------------------------------------------------------------------

      Code (inc. data)   RO Data    RW Data    ZI Data      Debug   Library Name

      5390        206         11        164          1     119385   RTX_CM4F.lib
       318         16          0          0          0        472   mc_w.l

    ----------------------------------------------------------------------
      5722        222         12        164          4     119857   Library Totals

    ----------------------------------------------------------------------

==============================================================================


      Code (inc. data)   RO Data    RW Data    ZI Data      Debug   

      8736        230        772        176      35168     177505   Grand Totals
      8736        230        772        176      35168     177505   ELF Image Totals
      8736        230        772        176          0          0   ROM Totals

==============================================================================

    Total RO  Size (Code + RO Data)                 9508 (   9.29kB)
    Total RW  Size (RW Data + ZI Data)             35344 (  34.52kB)
    Total ROM Size (Code + RO Data + RW Data)       9684 (   9.46kB)

==============================================================================

