Component: Arm Compiler for Embedded 6.19 Tool: armlink [5e73cb00]

==============================================================================

Section Cross References

    main.o(.text.HAL_GetTick) refers to rtx_kernel.o(.text.osKernelGetState) for osKernelGetState
    main.o(.text.HAL_GetTick) refers to rtx_kernel.o(.text.osKernelGetTickCount) for osKernelGetTickCount
    main.o(.text.HAL_GetTick) refers to system_stm32f4xx.o(.data.SystemCoreClock) for SystemCoreClock
    main.o(.text.HAL_GetTick) refers to main.o(.bss.HAL_GetTick.ticks) for HAL_GetTick.ticks
    main.o(.ARM.exidx.text.HAL_GetTick) refers to main.o(.text.HAL_GetTick) for [Anonymous Symbol]
    main.o(.ARM.exidx.text.HAL_InitTick) refers to main.o(.text.HAL_InitTick) for [Anonymous Symbol]
    main.o(.text.main) refers to stm32f4xx_hal.o(.text.HAL_Init) for HAL_Init
    main.o(.text.main) refers to stm32f4xx_hal_rcc.o(.text.HAL_RCC_OscConfig) for HAL_RCC_OscConfig
    main.o(.text.main) refers to stm32f4xx_hal_rcc.o(.text.HAL_RCC_ClockConfig) for HAL_RCC_ClockConfig
    main.o(.text.main) refers to stm32f4xx_hal.o(.text.HAL_GetREVID) for HAL_GetREVID
    main.o(.text.main) refers to system_stm32f4xx.o(.text.SystemCoreClockUpdate) for SystemCoreClockUpdate
    main.o(.text.main) refers to rtx_kernel.o(.text.osKernelInitialize) for osKernelInitialize
    main.o(.text.main) refers to blinky.o(.text.app_main) for app_main
    main.o(.text.main) refers to rtx_thread.o(.text.osThreadNew) for osThreadNew
    main.o(.text.main) refers to rtx_kernel.o(.text.osKernelStart) for osKernelStart
    main.o(.ARM.exidx.text.main) refers to main.o(.text.main) for [Anonymous Symbol]
    blinky.o(.text.thrLED) refers to rtx_delay.o(.text.osDelay) for osDelay
    blinky.o(.text.thrLED) refers to rtx_thread.o(.text.osThreadFlagsWait) for osThreadFlagsWait
    blinky.o(.text.thrLED) refers to led_f429discovery.o(.text.LED_On) for LED_On
    blinky.o(.ARM.exidx.text.thrLED) refers to blinky.o(.text.thrLED) for [Anonymous Symbol]
    blinky.o(.text.app_main) refers to led_f429discovery.o(.text.LED_Initialize) for LED_Initialize
    blinky.o(.text.app_main) refers to buttons_f429discovery.o(.text.Buttons_Initialize) for Buttons_Initialize
    blinky.o(.text.app_main) refers to blinky.o(.text.thrLED) for thrLED
    blinky.o(.text.app_main) refers to rtx_thread.o(.text.osThreadNew) for osThreadNew
    blinky.o(.text.app_main) refers to blinky.o(.bss.tid_thrLED) for tid_thrLED
    blinky.o(.text.app_main) refers to blinky.o(.text.thrBUT) for thrBUT
    blinky.o(.text.app_main) refers to blinky.o(.bss.tid_thrBUT) for tid_thrBUT
    blinky.o(.text.app_main) refers to rtx_thread.o(.text.osThreadExit) for osThreadExit
    blinky.o(.ARM.exidx.text.app_main) refers to blinky.o(.text.app_main) for [Anonymous Symbol]
    blinky.o(.text.thrBUT) refers to blinky.o(.bss.tid_thrLED) for tid_thrLED
    blinky.o(.text.thrBUT) refers to rtx_delay.o(.text.osDelay) for osDelay
    blinky.o(.text.thrBUT) refers to buttons_f429discovery.o(.text.Buttons_GetState) for Buttons_GetState
    blinky.o(.text.thrBUT) refers to rtx_thread.o(.text.osThreadFlagsSet) for osThreadFlagsSet
    blinky.o(.ARM.exidx.text.thrBUT) refers to blinky.o(.text.thrBUT) for [Anonymous Symbol]
    buttons_f429discovery.o(.text.Buttons_Initialize) refers to stm32f4xx_hal_gpio.o(.text.HAL_GPIO_Init) for HAL_GPIO_Init
    buttons_f429discovery.o(.ARM.exidx.text.Buttons_Initialize) refers to buttons_f429discovery.o(.text.Buttons_Initialize) for [Anonymous Symbol]
    buttons_f429discovery.o(.text.Buttons_Uninitialize) refers to stm32f4xx_hal_gpio.o(.text.HAL_GPIO_DeInit) for HAL_GPIO_DeInit
    buttons_f429discovery.o(.ARM.exidx.text.Buttons_Uninitialize) refers to buttons_f429discovery.o(.text.Buttons_Uninitialize) for [Anonymous Symbol]
    buttons_f429discovery.o(.text.Buttons_GetState) refers to stm32f4xx_hal_gpio.o(.text.HAL_GPIO_ReadPin) for HAL_GPIO_ReadPin
    buttons_f429discovery.o(.ARM.exidx.text.Buttons_GetState) refers to buttons_f429discovery.o(.text.Buttons_GetState) for [Anonymous Symbol]
    buttons_f429discovery.o(.ARM.exidx.text.Buttons_GetCount) refers to buttons_f429discovery.o(.text.Buttons_GetCount) for [Anonymous Symbol]
    led_f429discovery.o(.text.LED_Initialize) refers to stm32f4xx_hal_gpio.o(.text.HAL_GPIO_Init) for HAL_GPIO_Init
    led_f429discovery.o(.ARM.exidx.text.LED_Initialize) refers to led_f429discovery.o(.text.LED_Initialize) for [Anonymous Symbol]
    led_f429discovery.o(.text.LED_Uninitialize) refers to stm32f4xx_hal_gpio.o(.text.HAL_GPIO_DeInit) for HAL_GPIO_DeInit
    led_f429discovery.o(.ARM.exidx.text.LED_Uninitialize) refers to led_f429discovery.o(.text.LED_Uninitialize) for [Anonymous Symbol]
    led_f429discovery.o(.text.LED_On) refers to led_f429discovery.o(.rodata.cst16) for LED_PIN
    led_f429discovery.o(.text.LED_On) refers to stm32f4xx_hal_gpio.o(.text.HAL_GPIO_WritePin) for HAL_GPIO_WritePin
[...]
    Removing startup_stm32f429xx.o(HEAP), (512 bytes).
    Removing system_stm32f4xx.o(.text), (0 bytes).
    Removing system_stm32f4xx.o(.ARM.exidx.text.SystemInit), (8 bytes).
    Removing system_stm32f4xx.o(.ARM.exidx.text.SystemCoreClockUpdate), (8 bytes).
    Removing system_stm32f4xx.o(.rodata.APBPrescTable), (8 bytes).

916 unused section(s) (total 27172 bytes) removed from the image.

==============================================================================

Image Symbol Table

    Local Symbols

    Symbol Name                              Value     Ov Type        Size  Object(Section)

    ../clib/microlib/division.c              0x00000000   Number         0  uldiv.o ABSOLUTE
    ../clib/microlib/init/entry.s            0x00000000   Number         0  entry.o ABSOLUTE
    ../clib/microlib/init/entry.s            0x00000000   Number         0  entry2.o ABSOLUTE
    ../clib/microlib/init/entry.s            0x00000000   Number         0  entry5.o ABSOLUTE
    ../clib/microlib/init/entry.s            0x00000000   Number         0  entry7a.o ABSOLUTE
    ../clib/microlib/init/entry.s            0x00000000   Number         0  entry7b.o ABSOLUTE
    ../clib/microlib/init/entry.s            0x00000000   Number         0  entry8a.o ABSOLUTE
    ../clib/microlib/init/entry.s            0x00000000   Number         0  entry8b.o ABSOLUTE
    ../clib/microlib/init/entry.s            0x00000000   Number         0  entry9a.o ABSOLUTE
    ../clib/microlib/init/entry.s            0x00000000   Number         0  entry9b.o ABSOLUTE
    ../clib/microlib/init/entry.s            0x00000000   Number         0  entry10a.o ABSOLUTE
    ../clib/microlib/init/entry.s            0x00000000   Number         0  entry10b.o ABSOLUTE
    ../clib/microlib/init/entry.s            0x00000000   Number         0  entry11a.o ABSOLUTE
    ../clib/microlib/init/entry.s            0x00000000   Number         0  entry11b.o ABSOLUTE
    ../clib/microlib/longlong.c              0x00000000   Number         0  llshl.o ABSOLUTE
    ../clib/microlib/longlong.c              0x00000000   Number         0  llushr.o ABSOLUTE
    ../clib/microlib/string/memcpy.c         0x00000000   Number         0  memcpya.o ABSOLUTE
    ../clib/microlib/string/memcpy.c         0x00000000   Number         0  memcpyb.o ABSOLUTE
    ../clib/microlib/string/memset.c         0x00000000   Number         0  memseta.o ABSOLUTE
    Blinky.c                                 0x00000000   Number         0  blinky.o ABSOLUTE
    Buttons_F429Discovery.c                  0x00000000   Number         0  buttons_f429discovery.o ABSOLUTE
    EventRecorder.c                          0x00000000   Number         0  eventrecorder.o ABSOLUTE
    LED_F429Discovery.c                      0x00000000   Number         0  led_f429discovery.o ABSOLUTE
    RTE/Device/STM32F429ZITx/startup_stm32f429xx.s 0x00000000   Number         0  startup_stm32f429xx.o ABSOLUTE
    RTX_Config.c                             0x00000000   Number         0  rtx_config.o ABSOLUTE
    dc.s                                     0x00000000   Number         0  dc.o ABSOLUTE
    handlers.s                               0x00000000   Number         0  handlers.o ABSOLUTE
    init.s                                   0x00000000   Number         0  init.o ABSOLUTE
    main.c                                   0x00000000   Number         0  main.o ABSOLUTE
    os_systick.c                             0x00000000   Number         0  os_systick.o ABSOLUTE
    rtx_delay.c                              0x00000000   Number         0  rtx_delay.o ABSOLUTE
    rtx_evflags.c                            0x00000000   Number         0  rtx_evflags.o ABSOLUTE
    rtx_evr.c                                0x00000000   Number         0  rtx_evr.o ABSOLUTE
    rtx_kernel.c                             0x00000000   Number         0  rtx_kernel.o ABSOLUTE
    rtx_lib.c                                0x00000000   Number         0  rtx_lib.o ABSOLUTE
    rtx_memory.c                             0x00000000   Number         0  rtx_memory.o ABSOLUTE
    rtx_mempool.c                            0x00000000   Number         0  rtx_mempool.o ABSOLUTE
    rtx_msgqueue.c                           0x00000000   Number         0  rtx_msgqueue.o ABSOLUTE
    rtx_mutex.c                              0x00000000   Number         0  rtx_mutex.o ABSOLUTE
    rtx_semaphore.c                          0x00000000   Number         0  rtx_semaphore.o ABSOLUTE
    rtx_system.c                             0x00000000   Number         0  rtx_system.o ABSOLUTE
    rtx_thread.c                             0x00000000   Number         0  rtx_thread.o ABSOLUTE
    rtx_timer.c                              0x00000000   Number         0  rtx_timer.o ABSOLUTE
    stm32f4xx_hal.c                          0x00000000   Number         0  stm32f4xx_hal.o ABSOLUTE
    stm32f4xx_hal_cortex.c                   0x00000000   Number         0  stm32f4xx_hal_cortex.o ABSOLUTE
    stm32f4xx_hal_gpio.c                     0x00000000   Number         0  stm32f4xx_hal_gpio.o ABSOLUTE
    stm32f4xx_hal_pwr.c                      0x00000000   Number         0  stm32f4xx_hal_pwr.o ABSOLUTE
    stm32f4xx_hal_pwr_ex.c                   0x00000000   Number         0  stm32f4xx_hal_pwr_ex.o ABSOLUTE
    stm32f4xx_hal_rcc.c                      0x00000000   Number         0  stm32f4xx_hal_rcc.o ABSOLUTE
    stm32f4xx_hal_rcc_ex.c                   0x00000000   Number         0  stm32f4xx_hal_rcc_ex.o ABSOLUTE
    system_stm32f4xx.c                       0x00000000   Number         0  system_stm32f4xx.o ABSOLUTE
    FPU_USED                                 0x00000001   Number         0  irq_armv7m.o ABSOLUTE
    osRtxErrorStackOverflow                  0x00000001   Number         0  irq_armv7m.o ABSOLUTE
    I_T_RUN_OFS                              0x00000014   Number         0  irq_armv7m.o ABSOLUTE
    TCB_SF_OFS                               0x00000022   Number         0  irq_armv7m.o ABSOLUTE
    TCB_SP_OFS                               0x00000038   Number         0  irq_armv7m.o ABSOLUTE
    RESET                                    0x08000000   Section      428  startup_stm32f429xx.o(RESET)
    .ARM.Collect$$$$00000000                 0x080001ac   Section        0  entry.o(.ARM.Collect$$$$00000000)
    .ARM.Collect$$$$00000001                 0x080001ac   Section        4  entry2.o(.ARM.Collect$$$$00000001)
    .ARM.Collect$$$$00000004                 0x080001b0   Section        4  entry5.o(.ARM.Collect$$$$00000004)
    .ARM.Collect$$$$00000008                 0x080001b4   Section        0  entry7b.o(.ARM.Collect$$$$00000008)
    .ARM.Collect$$$$0000000A                 0x080001b4   Section        0  entry8b.o(.ARM.Collect$$$$0000000A)
    .ARM.Collect$$$$0000000B                 0x080001b4   Section        8  entry9a.o(.ARM.Collect$$$$0000000B)
    __lit__00000000                          0x080001bc   Data           4  entry2.o(.ARM.Collect$$$$00002712)
    .ARM.Collect$$$$0000000D                 0x080001bc   Section        0  entry10a.o(.ARM.Collect$$$$0000000D)
    .ARM.Collect$$$$0000000F                 0x080001bc   Section        0  entry11a.o(.ARM.Collect$$$$0000000F)
    .ARM.Collect$$$$00002712                 0x080001bc   Section        4  entry2.o(.ARM.Collect$$$$00002712)
    [Anonymous Symbol]                       0x080001c0   Section        0  irq_armv7m.o(.text)
    SVC_Context                              0x080001e8   Number         0  irq_armv7m.o(.text)
    SVC_FP_LazyState                         0x080001f8   Number         0  irq_armv7m.o(.text)
    SVC_ContextSave                          0x0800020a   Number         0  irq_armv7m.o(.text)
    SVC_ContextSaveRegs                      0x08000242   Number         0  irq_armv7m.o(.text)
    SVC_ContextRestore                       0x08000258   Number         0  irq_armv7m.o(.text)
    SVC_Exit                                 0x08000274   Number         0  irq_armv7m.o(.text)
    SVC_User                                 0x08000276   Number         0  irq_armv7m.o(.text)
    $v0                                      0x080002c4   Number         0  startup_stm32f429xx.o(.text)
    .text                                    0x080002c4   Section       36  startup_stm32f429xx.o(.text)
    .text                                    0x080002e8   Section        0  uldiv.o(.text)
    .text                                    0x0800034a   Section        0  memcpya.o(.text)
    .text                                    0x0800036e   Section        0  memseta.o(.text)
    .text                                    0x08000392   Section        0  llshl.o(.text)
    .text                                    0x080003b0   Section        0  llushr.o(.text)
    .text                                    0x080003d0   Section       36  init.o(.text)
    [Anonymous Symbol]                       0x080003f4   Section        0  buttons_f429discovery.o(.text.Buttons_GetState)
    [Anonymous Symbol]                       0x0800040c   Section        0  buttons_f429discovery.o(.text.Buttons_Initialize)
    [Anonymous Symbol]                       0x08000448   Section        0  eventrecorder.o(.text.EventRecord2)
    [Anonymous Symbol]                       0x080005e0   Section        0  eventrecorder.o(.text.EventRecord4)
    [Anonymous Symbol]                       0x0800088c   Section        0  eventrecorder.o(.text.EventRecorderDisable)
    [Anonymous Symbol]                       0x080008f8   Section        0  eventrecorder.o(.text.EventRecorderEnable)
    [Anonymous Symbol]                       0x08000964   Section        0  eventrecorder.o(.text.EventRecorderInitialize)
    [Anonymous Symbol]                       0x08000c40   Section        0  eventrecorder.o(.text.EventRecorderStart)
    [Anonymous Symbol]                       0x08000d88   Section        0  eventrecorder.o(.text.EventRecorderTimerGetCount)
    [Anonymous Symbol]                       0x08000d94   Section        0  eventrecorder.o(.text.EventRecorderTimerGetFreq)
    [Anonymous Symbol]                       0x08000da0   Section        0  eventrecorder.o(.text.EventRecorderTimerSetup)
    [Anonymous Symbol]                       0x08000dc4   Section        0  rtx_evr.o(.text.EvrRtxDelay)
    [Anonymous Symbol]                       0x08000dd4   Section        0  rtx_evr.o(.text.EvrRtxDelayCompleted)
    [Anonymous Symbol]                       0x08000de4   Section        0  rtx_evr.o(.text.EvrRtxDelayError)
    [Anonymous Symbol]                       0x08000df0   Section        0  rtx_evr.o(.text.EvrRtxDelayStarted)
    [Anonymous Symbol]                       0x08000e00   Section        0  rtx_evr.o(.text.EvrRtxEventFlagsWaitTimeout)
    [Anonymous Symbol]                       0x08000e10   Section        0  rtx_evr.o(.text.EvrRtxKernelError)
    [Anonymous Symbol]                       0x08000e1c   Section        0  rtx_evr.o(.text.EvrRtxKernelErrorNotify)
    [Anonymous Symbol]                       0x08000e28   Section        0  rtx_evr.o(.text.EvrRtxKernelGetTickCount)
    [Anonymous Symbol]                       0x08000e38   Section        0  rtx_evr.o(.text.EvrRtxKernelInitialize)
    [Anonymous Symbol]                       0x08000e48   Section        0  rtx_evr.o(.text.EvrRtxKernelInitialized)
    [Anonymous Symbol]                       0x08000e58   Section        0  rtx_evr.o(.text.EvrRtxKernelStart)
    [Anonymous Symbol]                       0x08000e68   Section        0  rtx_evr.o(.text.EvrRtxKernelStarted)
    [Anonymous Symbol]                       0x08000e78   Section        0  rtx_evr.o(.text.EvrRtxMemoryAlloc)
    [Anonymous Symbol]                       0x08000e98   Section        0  rtx_evr.o(.text.EvrRtxMemoryBlockAlloc)
    [Anonymous Symbol]                       0x08000ea8   Section        0  rtx_evr.o(.text.EvrRtxMemoryBlockFree)
    [Anonymous Symbol]                       0x08000ecc   Section        0  rtx_evr.o(.text.EvrRtxMemoryBlockInit)
    [Anonymous Symbol]                       0x08000eec   Section        0  rtx_evr.o(.text.EvrRtxMemoryFree)
    [Anonymous Symbol]                       0x08000f10   Section        0  rtx_evr.o(.text.EvrRtxMemoryInit)
    [Anonymous Symbol]                       0x08000f30   Section        0  rtx_evr.o(.text.EvrRtxMemoryPoolAllocTimeout)
    [Anonymous Symbol]                       0x08000f40   Section        0  rtx_evr.o(.text.EvrRtxMessageQueueCreated)
    [Anonymous Symbol]                       0x08000f50   Section        0  rtx_evr.o(.text.EvrRtxMessageQueueError)
    [Anonymous Symbol]                       0x08000f5c   Section        0  rtx_evr.o(.text.EvrRtxMessageQueueGet)
    [Anonymous Symbol]                       0x08000f7c   Section        0  rtx_evr.o(.text.EvrRtxMessageQueueGetPending)
    [Anonymous Symbol]                       0x08000fa0   Section        0  rtx_evr.o(.text.EvrRtxMessageQueueGetTimeout)
    [Anonymous Symbol]                       0x08000fb0   Section        0  rtx_evr.o(.text.EvrRtxMessageQueueInsertPending)
    [Anonymous Symbol]                       0x08000fc0   Section        0  rtx_evr.o(.text.EvrRtxMessageQueueInserted)
    [Anonymous Symbol]                       0x08000fd0   Section        0  rtx_evr.o(.text.EvrRtxMessageQueueNotInserted)
    [Anonymous Symbol]                       0x08000fe0   Section        0  rtx_evr.o(.text.EvrRtxMessageQueueNotRetrieved)
    [Anonymous Symbol]                       0x08000ff0   Section        0  rtx_evr.o(.text.EvrRtxMessageQueuePut)
    [Anonymous Symbol]                       0x08001010   Section        0  rtx_evr.o(.text.EvrRtxMessageQueuePutPending)
    [Anonymous Symbol]                       0x08001034   Section        0  rtx_evr.o(.text.EvrRtxMessageQueuePutTimeout)
    [Anonymous Symbol]                       0x08001044   Section        0  rtx_evr.o(.text.EvrRtxMessageQueueRetrieved)
    [Anonymous Symbol]                       0x08001054   Section        0  rtx_evr.o(.text.EvrRtxMutexAcquireTimeout)
    [Anonymous Symbol]                       0x08001064   Section        0  rtx_evr.o(.text.EvrRtxMutexAcquired)
    [Anonymous Symbol]                       0x08001074   Section        0  rtx_evr.o(.text.EvrRtxMutexReleased)
    [Anonymous Symbol]                       0x08001084   Section        0  rtx_evr.o(.text.EvrRtxSemaphoreAcquireTimeout)
    [Anonymous Symbol]                       0x08001094   Section        0  rtx_evr.o(.text.EvrRtxThreadBlocked)
    [Anonymous Symbol]                       0x080010a4   Section        0  rtx_evr.o(.text.EvrRtxThreadCreated)
    [Anonymous Symbol]                       0x080010bc   Section        0  rtx_evr.o(.text.EvrRtxThreadDestroyed)
    [Anonymous Symbol]                       0x080010cc   Section        0  rtx_evr.o(.text.EvrRtxThreadError)
    [Anonymous Symbol]                       0x080010d8   Section        0  rtx_evr.o(.text.EvrRtxThreadExit)
    [Anonymous Symbol]                       0x080010e8   Section        0  rtx_evr.o(.text.EvrRtxThreadFlagsError)
    [Anonymous Symbol]                       0x080010f4   Section        0  rtx_evr.o(.text.EvrRtxThreadFlagsSet)
    [Anonymous Symbol]                       0x08001104   Section        0  rtx_evr.o(.text.EvrRtxThreadFlagsSetDone)
    [Anonymous Symbol]                       0x08001114   Section        0  rtx_evr.o(.text.EvrRtxThreadFlagsWait)
    [Anonymous Symbol]                       0x08001138   Section        0  rtx_evr.o(.text.EvrRtxThreadFlagsWaitCompleted)
    [Anonymous Symbol]                       0x08001158   Section        0  rtx_evr.o(.text.EvrRtxThreadFlagsWaitNotCompleted)
    [Anonymous Symbol]                       0x08001168   Section        0  rtx_evr.o(.text.EvrRtxThreadFlagsWaitPending)
    [Anonymous Symbol]                       0x0800118c   Section        0  rtx_evr.o(.text.EvrRtxThreadFlagsWaitTimeout)
    [Anonymous Symbol]                       0x0800119c   Section        0  rtx_evr.o(.text.EvrRtxThreadJoined)
    [Anonymous Symbol]                       0x080011ac   Section        0  rtx_evr.o(.text.EvrRtxThreadNew)
    [Anonymous Symbol]                       0x080011d0   Section        0  rtx_evr.o(.text.EvrRtxThreadPreempted)
    [Anonymous Symbol]                       0x080011e0   Section        0  rtx_evr.o(.text.EvrRtxThreadSwitched)
    [Anonymous Symbol]                       0x080011f0   Section        0  rtx_evr.o(.text.EvrRtxThreadUnblocked)
    [Anonymous Symbol]                       0x08001200   Section        0  rtx_evr.o(.text.EvrRtxTimerCallback)
    [Anonymous Symbol]                       0x08001210   Section        0  stm32f4xx_hal_gpio.o(.text.HAL_GPIO_Init)
    [Anonymous Symbol]                       0x080013ac   Section        0  stm32f4xx_hal_gpio.o(.text.HAL_GPIO_ReadPin)
    [Anonymous Symbol]                       0x080013b8   Section        0  stm32f4xx_hal_gpio.o(.text.HAL_GPIO_WritePin)
    [Anonymous Symbol]                       0x080013c4   Section        0  stm32f4xx_hal.o(.text.HAL_GetREVID)
    [Anonymous Symbol]                       0x080013d4   Section        0  main.o(.text.HAL_GetTick)
    [Anonymous Symbol]                       0x08001420   Section        0  stm32f4xx_hal.o(.text.HAL_Init)
    [Anonymous Symbol]                       0x08001450   Section        0  main.o(.text.HAL_InitTick)
    [Anonymous Symbol]                       0x08001454   Section        0  stm32f4xx_hal.o(.text.HAL_MspInit)
    [Anonymous Symbol]                       0x08001458   Section        0  stm32f4xx_hal_cortex.o(.text.HAL_NVIC_SetPriorityGrouping)
    [Anonymous Symbol]                       0x08001478   Section        0  stm32f4xx_hal_rcc.o(.text.HAL_RCC_ClockConfig)
    [Anonymous Symbol]                       0x080015d8   Section        0  stm32f4xx_hal_rcc.o(.text.HAL_RCC_GetSysClockFreq)
    [Anonymous Symbol]                       0x08001644   Section        0  stm32f4xx_hal_rcc.o(.text.HAL_RCC_OscConfig)
    [Anonymous Symbol]                       0x08001988   Section        0  led_f429discovery.o(.text.LED_Initialize)
    [Anonymous Symbol]                       0x080019d0   Section        0  led_f429discovery.o(.text.LED_On)
    [Anonymous Symbol]                       0x080019f8   Section        0  os_systick.o(.text.OS_Tick_AcknowledgeIRQ)
    [Anonymous Symbol]                       0x08001a04   Section        0  os_systick.o(.text.OS_Tick_Enable)
    [Anonymous Symbol]                       0x08001a38   Section        0  os_systick.o(.text.OS_Tick_GetIRQn)
    [Anonymous Symbol]                       0x08001a40   Section        0  os_systick.o(.text.OS_Tick_Setup)
    [Anonymous Symbol]                       0x08001a88   Section        0  system_stm32f4xx.o(.text.SystemCoreClockUpdate)
    [Anonymous Symbol]                       0x08001b10   Section        0  system_stm32f4xx.o(.text.SystemInit)
    [Anonymous Symbol]                       0x08001b58   Section        0  blinky.o(.text.app_main)
    [Anonymous Symbol]                       0x08001b98   Section        0  main.o(.text.main)
    [Anonymous Symbol]                       0x08001c60   Section        0  rtx_delay.o(.text.osDelay)
    [Anonymous Symbol]                       0x08001c98   Section        0  rtx_kernel.o(.text.osKernelGetState)
    [Anonymous Symbol]                       0x08001ccc   Section        0  rtx_kernel.o(.text.osKernelGetTickCount)
    [Anonymous Symbol]                       0x08001d00   Section        0  rtx_kernel.o(.text.osKernelInitialize)
    [Anonymous Symbol]                       0x08001d38   Section        0  rtx_kernel.o(.text.osKernelStart)
    [Anonymous Symbol]                       0x08001d6c   Section        0  rtx_msgqueue.o(.text.osMessageQueueGet)
    [Anonymous Symbol]                       0x08001e40   Section        0  rtx_msgqueue.o(.text.osMessageQueuePut)
    [Anonymous Symbol]                       0x08001ee4   Section        0  rtx_config.o(.text.osRtxErrorNotify)
    [Anonymous Symbol]                       0x08001ee8   Section        0  rtx_config.o(.text.osRtxIdleThread)
    [Anonymous Symbol]                       0x08001eec   Section        0  rtx_kernel.o(.text.osRtxKernelErrorNotify)
    [Anonymous Symbol]                       0x08001f04   Section        0  rtx_lib.o(.text.osRtxKernelPreInit)
    [Anonymous Symbol]                       0x08001ff8   Section        0  rtx_memory.o(.text.osRtxMemoryAlloc)
    [Anonymous Symbol]                       0x08002078   Section        0  rtx_memory.o(.text.osRtxMemoryFree)
    [Anonymous Symbol]                       0x080020d4   Section        0  rtx_memory.o(.text.osRtxMemoryInit)
    [Anonymous Symbol]                       0x08002114   Section        0  rtx_mempool.o(.text.osRtxMemoryPoolAlloc)
    [Anonymous Symbol]                       0x08002158   Section        0  rtx_mempool.o(.text.osRtxMemoryPoolFree)
    [Anonymous Symbol]                       0x080021b0   Section        0  rtx_mempool.o(.text.osRtxMemoryPoolInit)
    osRtxMessageQueuePostProcess             0x08002211   Thumb Code   442  rtx_msgqueue.o(.text.osRtxMessageQueuePostProcess)
    [Anonymous Symbol]                       0x08002210   Section        0  rtx_msgqueue.o(.text.osRtxMessageQueuePostProcess)
    [Anonymous Symbol]                       0x080023cc   Section        0  rtx_msgqueue.o(.text.osRtxMessageQueueTimerSetup)
    [Anonymous Symbol]                       0x080023f8   Section        0  rtx_mutex.o(.text.osRtxMutexOwnerRelease)
    [Anonymous Symbol]                       0x08002460   Section        0  rtx_mutex.o(.text.osRtxMutexOwnerRestore)
    [Anonymous Symbol]                       0x080024b0   Section        0  rtx_system.o(.text.osRtxPendSV_Handler)
    [Anonymous Symbol]                       0x0800255c   Section        0  rtx_system.o(.text.osRtxPostProcess)
    [Anonymous Symbol]                       0x080025d4   Section        0  rtx_thread.o(.text.osRtxThreadDelayTick)
    [Anonymous Symbol]                       0x08002738   Section        0  rtx_thread.o(.text.osRtxThreadDispatch)
    osRtxThreadFree                          0x08002825   Thumb Code    98  rtx_thread.o(.text.osRtxThreadFree)
    [Anonymous Symbol]                       0x08002824   Section        0  rtx_thread.o(.text.osRtxThreadFree)
    [Anonymous Symbol]                       0x08002888   Section        0  rtx_thread.o(.text.osRtxThreadListGet)
    [Anonymous Symbol]                       0x0800289c   Section        0  rtx_thread.o(.text.osRtxThreadListPut)
    [Anonymous Symbol]                       0x080028c8   Section        0  rtx_thread.o(.text.osRtxThreadListRemove)
    [Anonymous Symbol]                       0x080028e4   Section        0  rtx_thread.o(.text.osRtxThreadListSort)
    osRtxThreadPostProcess                   0x08002955   Thumb Code   158  rtx_thread.o(.text.osRtxThreadPostProcess)
    [Anonymous Symbol]                       0x08002954   Section        0  rtx_thread.o(.text.osRtxThreadPostProcess)
    [Anonymous Symbol]                       0x080029f4   Section        0  rtx_thread.o(.text.osRtxThreadReadyPut)
    [Anonymous Symbol]                       0x08002a30   Section        0  rtx_thread.o(.text.osRtxThreadRegPtr)
    [Anonymous Symbol]                       0x08002a44   Section        0  rtx_thread.o(.text.osRtxThreadStackCheck)
    [Anonymous Symbol]                       0x08002a64   Section        0  rtx_thread.o(.text.osRtxThreadStartup)
    [Anonymous Symbol]                       0x08002ab0   Section        0  rtx_thread.o(.text.osRtxThreadSwitch)
    [Anonymous Symbol]                       0x08002ac4   Section        0  rtx_thread.o(.text.osRtxThreadWaitEnter)
    [Anonymous Symbol]                       0x08002b9c   Section        0  rtx_thread.o(.text.osRtxThreadWaitExit)
    [Anonymous Symbol]                       0x08002c40   Section        0  rtx_system.o(.text.osRtxTick_Handler)
    [Anonymous Symbol]                       0x08002cc4   Section        0  rtx_timer.o(.text.osRtxTimerSetup)
    [Anonymous Symbol]                       0x08002cec   Section        0  rtx_timer.o(.text.osRtxTimerThread)
    osRtxTimerTick                           0x08002d19   Thumb Code   198  rtx_timer.o(.text.osRtxTimerTick)
    [Anonymous Symbol]                       0x08002d18   Section        0  rtx_timer.o(.text.osRtxTimerTick)
    [Anonymous Symbol]                       0x08002de0   Section        0  rtx_thread.o(.text.osThreadExit)
    [Anonymous Symbol]                       0x08002dfc   Section        0  rtx_thread.o(.text.osThreadFlagsSet)
    [Anonymous Symbol]                       0x08002e80   Section        0  rtx_thread.o(.text.osThreadFlagsWait)
    [Anonymous Symbol]                       0x08002ec0   Section        0  rtx_thread.o(.text.osThreadNew)
    svcRtxDelay                              0x08002f01   Thumb Code    52  rtx_delay.o(.text.svcRtxDelay)
    [Anonymous Symbol]                       0x08002f00   Section        0  rtx_delay.o(.text.svcRtxDelay)
    svcRtxKernelGetState                     0x08002f35   Thumb Code    12  rtx_kernel.o(.text.svcRtxKernelGetState)
    [Anonymous Symbol]                       0x08002f34   Section        0  rtx_kernel.o(.text.svcRtxKernelGetState)
    svcRtxKernelGetTickCount                 0x08002f41   Thumb Code    20  rtx_kernel.o(.text.svcRtxKernelGetTickCount)
    [Anonymous Symbol]                       0x08002f40   Section        0  rtx_kernel.o(.text.svcRtxKernelGetTickCount)
    svcRtxKernelInitialize                   0x08002f55   Thumb Code   336  rtx_kernel.o(.text.svcRtxKernelInitialize)
    [Anonymous Symbol]                       0x08002f54   Section        0  rtx_kernel.o(.text.svcRtxKernelInitialize)
    svcRtxKernelStart                        0x080030a5   Thumb Code   176  rtx_kernel.o(.text.svcRtxKernelStart)
    [Anonymous Symbol]                       0x080030a4   Section        0  rtx_kernel.o(.text.svcRtxKernelStart)
    svcRtxMessageQueueGet                    0x08003155   Thumb Code   452  rtx_msgqueue.o(.text.svcRtxMessageQueueGet)
    [Anonymous Symbol]                       0x08003154   Section        0  rtx_msgqueue.o(.text.svcRtxMessageQueueGet)
    svcRtxMessageQueueNew                    0x08003319   Thumb Code   396  rtx_msgqueue.o(.text.svcRtxMessageQueueNew)
    [Anonymous Symbol]                       0x08003318   Section        0  rtx_msgqueue.o(.text.svcRtxMessageQueueNew)
    svcRtxMessageQueuePut                    0x080034a5   Thumb Code   322  rtx_msgqueue.o(.text.svcRtxMessageQueuePut)
    [Anonymous Symbol]                       0x080034a4   Section        0  rtx_msgqueue.o(.text.svcRtxMessageQueuePut)
    svcRtxThreadExit                         0x080035e9   Thumb Code   178  rtx_thread.o(.text.svcRtxThreadExit)
    [Anonymous Symbol]                       0x080035e8   Section        0  rtx_thread.o(.text.svcRtxThreadExit)
    svcRtxThreadFlagsSet                     0x0800369d   Thumb Code   338  rtx_thread.o(.text.svcRtxThreadFlagsSet)
    [Anonymous Symbol]                       0x0800369c   Section        0  rtx_thread.o(.text.svcRtxThreadFlagsSet)
    svcRtxThreadFlagsWait                    0x080037f1   Thumb Code   266  rtx_thread.o(.text.svcRtxThreadFlagsWait)
    [Anonymous Symbol]                       0x080037f0   Section        0  rtx_thread.o(.text.svcRtxThreadFlagsWait)
    svcRtxThreadNew                          0x080038fd   Thumb Code   580  rtx_thread.o(.text.svcRtxThreadNew)
    [Anonymous Symbol]                       0x080038fc   Section        0  rtx_thread.o(.text.svcRtxThreadNew)
    thrBUT                                   0x08003b41   Thumb Code    46  blinky.o(.text.thrBUT)
    [Anonymous Symbol]                       0x08003b40   Section        0  blinky.o(.text.thrBUT)
    [Anonymous Symbol]                       0x08003b70   Section        0  blinky.o(.text.thrLED)
    i.__scatterload_copy                     0x08003b9a   Section       14  handlers.o(i.__scatterload_copy)
    i.__scatterload_null                     0x08003ba8   Section        2  handlers.o(i.__scatterload_null)
    i.__scatterload_zeroinit                 0x08003baa   Section       14  handlers.o(i.__scatterload_zeroinit)
    __tagsym$$used.0                         0x08003bb8   Number         0  rtx_lib.o(.rodata)
    __tagsym$$used.1                         0x08003c28   Number         0  rtx_lib.o(.rodata)
    __tagsym$$used.0                         0x08003c70   Number         0  eventrecorder.o(.rodata.EventRecorderInfo)
    LED_PIN                                  0x08003c88   Data          16  led_f429discovery.o(.rodata.cst16)
    [Anonymous Symbol]                       0x08003c88   Section        0  led_f429discovery.o(.rodata.cst16)
    os_idle_thread_attr                      0x08003c9c   Data          36  rtx_lib.o(.rodata.os_idle_thread_attr)
    [Anonymous Symbol]                       0x08003c9c   Section        0  rtx_lib.o(.rodata.os_idle_thread_attr)
    os_timer_mq_attr                         0x08003cc0   Data          24  rtx_lib.o(.rodata.os_timer_mq_attr)
    [Anonymous Symbol]                       0x08003cc0   Section        0  rtx_lib.o(.rodata.os_timer_mq_attr)
    os_timer_thread_attr                     0x08003cd8   Data          36  rtx_lib.o(.rodata.os_timer_thread_attr)
    [Anonymous Symbol]                       0x08003cd8   Section        0  rtx_lib.o(.rodata.os_timer_thread_attr)
    .L.str                                   0x08003cfc   Data          11  rtx_kernel.o(.rodata.str1.4)
    [Anonymous Symbol]                       0x08003cfc   Section        0  rtx_kernel.o(.rodata.str1.4)
    TS_OverflowLock                          0x10000000   Data           1  eventrecorder.o(.bss.TS_OverflowLock)
    [Anonymous Symbol]                       0x10000000   Section        0  eventrecorder.o(.bss.TS_OverflowLock)
    EventBuffer                              0x10000040   Data        1024  eventrecorder.o(.bss.noinit)
    [Anonymous Symbol]                       0x10000040   Section        0  eventrecorder.o(.bss.noinit)
    EventFilter                              0x10000440   Data         128  eventrecorder.o(.bss.noinit)
    EventStatus                              0x100004c0   Data          36  eventrecorder.o(.bss.noinit)
    HAL_GetTick.ticks                        0x200000b0   Data           4  main.o(.bss.HAL_GetTick.ticks)
    [Anonymous Symbol]                       0x200000b0   Section        0  main.o(.bss.HAL_GetTick.ticks)
    os_isr_queue                             0x200000b8   Data          64  rtx_lib.o(.bss.os)
    [Anonymous Symbol]                       0x200000b8   Section        0  rtx_lib.o(.bss.os)
    os_mem                                   0x200000f8   Data       32768  rtx_lib.o(.bss.os)
    PendST                                   0x200080f8   Data           1  os_systick.o(.bss.os)
    [Anonymous Symbol]                       0x200080f8   Section        0  os_systick.o(.bss.os)
    os_timer_mq_cb                           0x200080fc   Data          52  rtx_lib.o(.bss.os.msgqueue.cb)
    [Anonymous Symbol]                       0x200080fc   Section        0  rtx_lib.o(.bss.os.msgqueue.cb)
    os_timer_mq_data                         0x20008130   Data          80  rtx_lib.o(.bss.os.msgqueue.mem)
    [Anonymous Symbol]                       0x20008130   Section        0  rtx_lib.o(.bss.os.msgqueue.mem)
    os_idle_thread_cb                        0x20008180   Data          68  rtx_lib.o(.bss.os.thread.cb)
    [Anonymous Symbol]                       0x20008180   Section        0  rtx_lib.o(.bss.os.thread.cb)
    os_timer_thread_cb                       0x200081c4   Data          68  rtx_lib.o(.bss.os.thread.cb)
    os_idle_thread_stack                     0x20008208   Data         512  rtx_lib.o(.bss.os.thread.idle.stack)
    [Anonymous Symbol]                       0x20008208   Section        0  rtx_lib.o(.bss.os.thread.idle.stack)
    os_timer_thread_stack                    0x20008408   Data         512  rtx_lib.o(.bss.os.thread.timer.stack)
    [Anonymous Symbol]                       0x20008408   Section        0  rtx_lib.o(.bss.os.thread.timer.stack)
    tid_thrBUT                               0x20008608   Data           4  blinky.o(.bss.tid_thrBUT)
    [Anonymous Symbol]                       0x20008608   Section        0  blinky.o(.bss.tid_thrBUT)
    tid_thrLED                               0x2000860c   Data           4  blinky.o(.bss.tid_thrLED)
    [Anonymous Symbol]                       0x2000860c   Section        0  blinky.o(.bss.tid_thrLED)
    STACK                                    0x20008610   Section     1024  startup_stm32f429xx.o(STACK)
    FPCCR                                    0xe000ef34   Number         0  irq_armv7m.o ABSOLUTE

    Global Symbols

    Symbol Name                              Value     Ov Type        Size  Object(Section)

    BuildAttributes$$THM_ISAv4$E$P$D$K$B$S$7EM$VFPi3$EXTD16$VFPS$VFMA$PE$A:L22UL41UL21$X:L11$S22US41US21$IEEE1$IW$~IW$USESV6$~STKCKD$USESV7$~SHL$OTIME$EBA8$MICROLIB$REQ8$PRES8$EABIv2 0x00000000   Number         0  anon$$obj.o ABSOLUTE
    .bss.os.evflags.cb$$Base                  - Undefined Weak Reference
    .bss.os.evflags.cb$$Limit                 - Undefined Weak Reference
    .bss.os.mempool.cb$$Base                  - Undefined Weak Reference
    .bss.os.mempool.cb$$Limit                 - Undefined Weak Reference
    .bss.os.mutex.cb$$Base                    - Undefined Weak Reference
    .bss.os.mutex.cb$$Limit                   - Undefined Weak Reference
    .bss.os.semaphore.cb$$Base                - Undefined Weak Reference
    .bss.os.semaphore.cb$$Limit               - Undefined Weak Reference
    .bss.os.timer.cb$$Base                    - Undefined Weak Reference
    .bss.os.timer.cb$$Limit                   - Undefined Weak Reference
    __cpp_initialize__aeabi_                  - Undefined Weak Reference
    __cxa_finalize                            - Undefined Weak Reference
    __decompress                              - Undefined Weak Reference
    _clock_init                               - Undefined Weak Reference
    _microlib_exit                            - Undefined Weak Reference
    __Vectors_Size                           0x000001ac   Number         0  startup_stm32f429xx.o ABSOLUTE
    __Vectors                                0x08000000   Data           4  startup_stm32f429xx.o(RESET)
    __Vectors_End                            0x080001ac   Data           0  startup_stm32f429xx.o(RESET)
    __main                                   0x080001ad   Thumb Code     0  entry.o(.ARM.Collect$$$$00000000)
    _main_stk                                0x080001ad   Thumb Code     0  entry2.o(.ARM.Collect$$$$00000001)
    _main_scatterload                        0x080001b1   Thumb Code     0  entry5.o(.ARM.Collect$$$$00000004)
    __main_after_scatterload                 0x080001b5   Thumb Code     0  entry5.o(.ARM.Collect$$$$00000004)
    _main_clock                              0x080001b5   Thumb Code     0  entry7b.o(.ARM.Collect$$$$00000008)
    _main_cpp_init                           0x080001b5   Thumb Code     0  entry8b.o(.ARM.Collect$$$$0000000A)
    _main_init                               0x080001b5   Thumb Code     0  entry9a.o(.ARM.Collect$$$$0000000B)
    __rt_final_cpp                           0x080001bd   Thumb Code     0  entry10a.o(.ARM.Collect$$$$0000000D)
    __rt_final_exit                          0x080001bd   Thumb Code     0  entry11a.o(.ARM.Collect$$$$0000000F)
    SVC_Handler                              0x080001c1   Thumb Code   210  irq_armv7m.o(.text)
    PendSV_Handler                           0x08000293   Thumb Code    16  irq_armv7m.o(.text)
    SysTick_Handler                          0x080002a3   Thumb Code    16  irq_armv7m.o(.text)
    Reset_Handler                            0x080002c5   Thumb Code     8  startup_stm32f429xx.o(.text)
    NMI_Handler                              0x080002cd   Thumb Code     2  startup_stm32f429xx.o(.text)
    HardFault_Handler                        0x080002cf   Thumb Code     2  startup_stm32f429xx.o(.text)
    MemManage_Handler                        0x080002d1   Thumb Code     2  startup_stm32f429xx.o(.text)
    BusFault_Handler                         0x080002d3   Thumb Code     2  startup_stm32f429xx.o(.text)
    UsageFault_Handler                       0x080002d5   Thumb Code     2  startup_stm32f429xx.o(.text)
    DebugMon_Handler                         0x080002d9   Thumb Code     2  startup_stm32f429xx.o(.text)
    ADC_IRQHandler                           0x080002df   Thumb Code     0  startup_stm32f429xx.o(.text)
    CAN1_RX0_IRQHandler                      0x080002df   Thumb Code     0  startup_stm32f429xx.o(.text)
    CAN1_RX1_IRQHandler                      0x080002df   Thumb Code     0  startup_stm32f429xx.o(.text)
    CAN1_SCE_IRQHandler                      0x080002df   Thumb Code     0  startup_stm32f429xx.o(.text)
    CAN1_TX_IRQHandler                       0x080002df   Thumb Code     0  startup_stm32f429xx.o(.text)
    CAN2_RX0_IRQHandler                      0x080002df   Thumb Code     0  startup_stm32f429xx.o(.text)
    CAN2_RX1_IRQHandler                      0x080002df   Thumb Code     0  startup_stm32f429xx.o(.text)
    CAN2_SCE_IRQHandler                      0x080002df   Thumb Code     0  startup_stm32f429xx.o(.text)
    CAN2_TX_IRQHandler                       0x080002df   Thumb Code     0  startup_stm32f429xx.o(.text)
    DCMI_IRQHandler                          0x080002df   Thumb Code     0  startup_stm32f429xx.o(.text)
    DMA1_Stream0_IRQHandler                  0x080002df   Thumb Code     0  startup_stm32f429xx.o(.text)
    DMA1_Stream1_IRQHandler                  0x080002df   Thumb Code     0  startup_stm32f429xx.o(.text)
    DMA1_Stream2_IRQHandler                  0x080002df   Thumb Code     0  startup_stm32f429xx.o(.text)
    DMA1_Stream3_IRQHandler                  0x080002df   Thumb Code     0  startup_stm32f429xx.o(.text)
    DMA1_Stream4_IRQHandler                  0x080002df   Thumb Code     0  startup_stm32f429xx.o(.text)
    DMA1_Stream5_IRQHandler                  0x080002df   Thumb Code     0  startup_stm32f429xx.o(.text)
    DMA1_Stream6_IRQHandler                  0x080002df   Thumb Code     0  startup_stm32f429xx.o(.text)
    DMA1_Stream7_IRQHandler                  0x080002df   Thumb Code     0  startup_stm32f429xx.o(.text)
    DMA2D_IRQHandler                         0x080002df   Thumb Code     0  startup_stm32f429xx.o(.text)
    DMA2_Stream0_IRQHandler                  0x080002df   Thumb Code     0  startup_stm32f429xx.o(.text)
    DMA2_Stream1_IRQHandler                  0x080002df   Thumb Code     0  startup_stm32f429xx.o(.text)
    DMA2_Stream2_IRQHandler                  0x080002df   Thumb Code     0  startup_stm32f429xx.o(.text)
    DMA2_Stream3_IRQHandler                  0x080002df   Thumb Code     0  startup_stm32f429xx.o(.text)
    DMA2_Stream4_IRQHandler                  0x080002df   Thumb Code     0  startup_stm32f429xx.o(.text)
    DMA2_Stream5_IRQHandler                  0x080002df   Thumb Code     0  startup_stm32f429xx.o(.text)
    DMA2_Stream6_IRQHandler                  0x080002df   Thumb Code     0  startup_stm32f429xx.o(.text)
    DMA2_Stream7_IRQHandler                  0x080002df   Thumb Code     0  startup_stm32f429xx.o(.text)
    ETH_IRQHandler                           0x080002df   Thumb Code     0  startup_stm32f429xx.o(.text)
    ETH_WKUP_IRQHandler                      0x080002df   Thumb Code     0  startup_stm32f429xx.o(.text)
    EXTI0_IRQHandler                         0x080002df   Thumb Code     0  startup_stm32f429xx.o(.text)
    EXTI15_10_IRQHandler                     0x080002df   Thumb Code     0  startup_stm32f429xx.o(.text)
    EXTI1_IRQHandler                         0x080002df   Thumb Code     0  startup_stm32f429xx.o(.text)
    EXTI2_IRQHandler                         0x080002df   Thumb Code     0  startup_stm32f429xx.o(.text)
    EXTI3_IRQHandler                         0x080002df   Thumb Code     0  startup_stm32f429xx.o(.text)
    EXTI4_IRQHandler                         0x080002df   Thumb Code     0  startup_stm32f429xx.o(.text)
    EXTI9_5_IRQHandler                       0x080002df   Thumb Code     0  startup_stm32f429xx.o(.text)
    FLASH_IRQHandler                         0x080002df   Thumb Code     0  startup_stm32f429xx.o(.text)
    FMC_IRQHandler                           0x080002df   Thumb Code     0  startup_stm32f429xx.o(.text)
    FPU_IRQHandler                           0x080002df   Thumb Code     0  startup_stm32f429xx.o(.text)
    HASH_RNG_IRQHandler                      0x080002df   Thumb Code     0  startup_stm32f429xx.o(.text)
    I2C1_ER_IRQHandler                       0x080002df   Thumb Code     0  startup_stm32f429xx.o(.text)
    I2C1_EV_IRQHandler                       0x080002df   Thumb Code     0  startup_stm32f429xx.o(.text)
    I2C2_ER_IRQHandler                       0x080002df   Thumb Code     0  startup_stm32f429xx.o(.text)
    I2C2_EV_IRQHandler                       0x080002df   Thumb Code     0  startup_stm32f429xx.o(.text)
    I2C3_ER_IRQHandler                       0x080002df   Thumb Code     0  startup_stm32f429xx.o(.text)
    I2C3_EV_IRQHandler                       0x080002df   Thumb Code     0  startup_stm32f429xx.o(.text)
    LTDC_ER_IRQHandler                       0x080002df   Thumb Code     0  startup_stm32f429xx.o(.text)
    LTDC_IRQHandler                          0x080002df   Thumb Code     0  startup_stm32f429xx.o(.text)
    OTG_FS_IRQHandler                        0x080002df   Thumb Code     0  startup_stm32f429xx.o(.text)
    OTG_FS_WKUP_IRQHandler                   0x080002df   Thumb Code     0  startup_stm32f429xx.o(.text)
    OTG_HS_EP1_IN_IRQHandler                 0x080002df   Thumb Code     0  startup_stm32f429xx.o(.text)
    OTG_HS_EP1_OUT_IRQHandler                0x080002df   Thumb Code     0  startup_stm32f429xx.o(.text)
    OTG_HS_IRQHandler                        0x080002df   Thumb Code     0  startup_stm32f429xx.o(.text)
    OTG_HS_WKUP_IRQHandler                   0x080002df   Thumb Code     0  startup_stm32f429xx.o(.text)
    PVD_IRQHandler                           0x080002df   Thumb Code     0  startup_stm32f429xx.o(.text)
    RCC_IRQHandler                           0x080002df   Thumb Code     0  startup_stm32f429xx.o(.text)
    RTC_Alarm_IRQHandler                     0x080002df   Thumb Code     0  startup_stm32f429xx.o(.text)
    RTC_WKUP_IRQHandler                      0x080002df   Thumb Code     0  startup_stm32f429xx.o(.text)
    SAI1_IRQHandler                          0x080002df   Thumb Code     0  startup_stm32f429xx.o(.text)
    SDIO_IRQHandler                          0x080002df   Thumb Code     0  startup_stm32f429xx.o(.text)
    SPI1_IRQHandler                          0x080002df   Thumb Code     0  startup_stm32f429xx.o(.text)
    SPI2_IRQHandler                          0x080002df   Thumb Code     0  startup_stm32f429xx.o(.text)
    SPI3_IRQHandler                          0x080002df   Thumb Code     0  startup_stm32f429xx.o(.text)
    SPI4_IRQHandler                          0x080002df   Thumb Code     0  startup_stm32f429xx.o(.text)
    SPI5_IRQHandler                          0x080002df   Thumb Code     0  startup_stm32f429xx.o(.text)
    SPI6_IRQHandler                          0x080002df   Thumb Code     0  startup_stm32f429xx.o(.text)
    TAMP_STAMP_IRQHandler                    0x080002df   Thumb Code     0  startup_stm32f429xx.o(.text)
    TIM1_BRK_TIM9_IRQHandler                 0x080002df   Thumb Code     0  startup_stm32f429xx.o(.text)
    TIM1_CC_IRQHandler                       0x080002df   Thumb Code     0  startup_stm32f429xx.o(.text)
    TIM1_TRG_COM_TIM11_IRQHandler            0x080002df   Thumb Code     0  startup_stm32f429xx.o(.text)
    TIM1_UP_TIM10_IRQHandler                 0x080002df   Thumb Code     0  startup_stm32f429xx.o(.text)
    TIM2_IRQHandler                          0x080002df   Thumb Code     0  startup_stm32f429xx.o(.text)
    TIM3_IRQHandler                          0x080002df   Thumb Code     0  startup_stm32f429xx.o(.text)
    TIM4_IRQHandler                          0x080002df   Thumb Code     0  startup_stm32f429xx.o(.text)
    TIM5_IRQHandler                          0x080002df   Thumb Code     0  startup_stm32f429xx.o(.text)
    TIM6_DAC_IRQHandler                      0x080002df   Thumb Code     0  startup_stm32f429xx.o(.text)
    TIM7_IRQHandler                          0x080002df   Thumb Code     0  startup_stm32f429xx.o(.text)
    TIM8_BRK_TIM12_IRQHandler                0x080002df   Thumb Code     0  startup_stm32f429xx.o(.text)
    TIM8_CC_IRQHandler                       0x080002df   Thumb Code     0  startup_stm32f429xx.o(.text)
    TIM8_TRG_COM_TIM14_IRQHandler            0x080002df   Thumb Code     0  startup_stm32f429xx.o(.text)
    TIM8_UP_TIM13_IRQHandler                 0x080002df   Thumb Code     0  startup_stm32f429xx.o(.text)
    UART4_IRQHandler                         0x080002df   Thumb Code     0  startup_stm32f429xx.o(.text)
    UART5_IRQHandler                         0x080002df   Thumb Code     0  startup_stm32f429xx.o(.text)
    UART7_IRQHandler                         0x080002df   Thumb Code     0  startup_stm32f429xx.o(.text)
    UART8_IRQHandler                         0x080002df   Thumb Code     0  startup_stm32f429xx.o(.text)
    USART1_IRQHandler                        0x080002df   Thumb Code     0  startup_stm32f429xx.o(.text)
    USART2_IRQHandler                        0x080002df   Thumb Code     0  startup_stm32f429xx.o(.text)
    USART3_IRQHandler                        0x080002df   Thumb Code     0  startup_stm32f429xx.o(.text)
    USART6_IRQHandler                        0x080002df   Thumb Code     0  startup_stm32f429xx.o(.text)
    WWDG_IRQHandler                          0x080002df   Thumb Code     0  startup_stm32f429xx.o(.text)
    __aeabi_uldivmod                         0x080002e9   Thumb Code    98  uldiv.o(.text)
    __aeabi_memcpy                           0x0800034b   Thumb Code    36  memcpya.o(.text)
    __aeabi_memcpy4                          0x0800034b   Thumb Code     0  memcpya.o(.text)
    __aeabi_memcpy8                          0x0800034b   Thumb Code     0  memcpya.o(.text)
    __aeabi_memset                           0x0800036f   Thumb Code    14  memseta.o(.text)
    __aeabi_memset4                          0x0800036f   Thumb Code     0  memseta.o(.text)
    __aeabi_memset8                          0x0800036f   Thumb Code     0  memseta.o(.text)
    __aeabi_memclr                           0x0800037d   Thumb Code     4  memseta.o(.text)
    __aeabi_memclr4                          0x0800037d   Thumb Code     0  memseta.o(.text)
    __aeabi_memclr8                          0x0800037d   Thumb Code     0  memseta.o(.text)
    _memset$wrapper                          0x08000381   Thumb Code    18  memseta.o(.text)
    __aeabi_llsl                             0x08000393   Thumb Code    30  llshl.o(.text)
    _ll_shift_l                              0x08000393   Thumb Code     0  llshl.o(.text)
    __aeabi_llsr                             0x080003b1   Thumb Code    32  llushr.o(.text)
    _ll_ushift_r                             0x080003b1   Thumb Code     0  llushr.o(.text)
    __scatterload                            0x080003d1   Thumb Code    28  init.o(.text)
    __scatterload_rt2                        0x080003d1   Thumb Code     0  init.o(.text)
    Buttons_GetState                         0x080003f5   Thumb Code    24  buttons_f429discovery.o(.text.Buttons_GetState)
    Buttons_Initialize                       0x0800040d   Thumb Code    60  buttons_f429discovery.o(.text.Buttons_Initialize)
    EventRecord2                             0x08000449   Thumb Code   406  eventrecorder.o(.text.EventRecord2)
    EventRecord4                             0x080005e1   Thumb Code   682  eventrecorder.o(.text.EventRecord4)
    EventRecorderDisable                     0x0800088d   Thumb Code   108  eventrecorder.o(.text.EventRecorderDisable)
    EventRecorderEnable                      0x080008f9   Thumb Code   108  eventrecorder.o(.text.EventRecorderEnable)
    EventRecorderInitialize                  0x08000965   Thumb Code   730  eventrecorder.o(.text.EventRecorderInitialize)
    EventRecorderStart                       0x08000c41   Thumb Code   328  eventrecorder.o(.text.EventRecorderStart)
    EventRecorderTimerGetCount               0x08000d89   Thumb Code    12  eventrecorder.o(.text.EventRecorderTimerGetCount)
    EventRecorderTimerGetFreq                0x08000d95   Thumb Code    12  eventrecorder.o(.text.EventRecorderTimerGetFreq)
    EventRecorderTimerSetup                  0x08000da1   Thumb Code    36  eventrecorder.o(.text.EventRecorderTimerSetup)
    EvrRtxDelay                              0x08000dc5   Thumb Code    16  rtx_evr.o(.text.EvrRtxDelay)
    EvrRtxDelayCompleted                     0x08000dd5   Thumb Code    16  rtx_evr.o(.text.EvrRtxDelayCompleted)
    EvrRtxDelayError                         0x08000de5   Thumb Code    12  rtx_evr.o(.text.EvrRtxDelayError)
    EvrRtxDelayStarted                       0x08000df1   Thumb Code    16  rtx_evr.o(.text.EvrRtxDelayStarted)
    EvrRtxEventFlagsWaitTimeout              0x08000e01   Thumb Code    16  rtx_evr.o(.text.EvrRtxEventFlagsWaitTimeout)
    EvrRtxKernelError                        0x08000e11   Thumb Code    12  rtx_evr.o(.text.EvrRtxKernelError)
    EvrRtxKernelErrorNotify                  0x08000e1d   Thumb Code    12  rtx_evr.o(.text.EvrRtxKernelErrorNotify)
    EvrRtxKernelGetTickCount                 0x08000e29   Thumb Code    16  rtx_evr.o(.text.EvrRtxKernelGetTickCount)
    EvrRtxKernelInitialize                   0x08000e39   Thumb Code    16  rtx_evr.o(.text.EvrRtxKernelInitialize)
    EvrRtxKernelInitialized                  0x08000e49   Thumb Code    16  rtx_evr.o(.text.EvrRtxKernelInitialized)
    EvrRtxKernelStart                        0x08000e59   Thumb Code    16  rtx_evr.o(.text.EvrRtxKernelStart)
    EvrRtxKernelStarted                      0x08000e69   Thumb Code    16  rtx_evr.o(.text.EvrRtxKernelStarted)
    EvrRtxMemoryAlloc                        0x08000e79   Thumb Code    32  rtx_evr.o(.text.EvrRtxMemoryAlloc)
    EvrRtxMemoryBlockAlloc                   0x08000e99   Thumb Code    16  rtx_evr.o(.text.EvrRtxMemoryBlockAlloc)
    EvrRtxMemoryBlockFree                    0x08000ea9   Thumb Code    34  rtx_evr.o(.text.EvrRtxMemoryBlockFree)
    EvrRtxMemoryBlockInit                    0x08000ecd   Thumb Code    32  rtx_evr.o(.text.EvrRtxMemoryBlockInit)
    EvrRtxMemoryFree                         0x08000eed   Thumb Code    34  rtx_evr.o(.text.EvrRtxMemoryFree)
    EvrRtxMemoryInit                         0x08000f11   Thumb Code    30  rtx_evr.o(.text.EvrRtxMemoryInit)
    EvrRtxMemoryPoolAllocTimeout             0x08000f31   Thumb Code    16  rtx_evr.o(.text.EvrRtxMemoryPoolAllocTimeout)
    EvrRtxMessageQueueCreated                0x08000f41   Thumb Code    16  rtx_evr.o(.text.EvrRtxMessageQueueCreated)
    EvrRtxMessageQueueError                  0x08000f51   Thumb Code    12  rtx_evr.o(.text.EvrRtxMessageQueueError)
    EvrRtxMessageQueueGet                    0x08000f5d   Thumb Code    32  rtx_evr.o(.text.EvrRtxMessageQueueGet)
    EvrRtxMessageQueueGetPending             0x08000f7d   Thumb Code    34  rtx_evr.o(.text.EvrRtxMessageQueueGetPending)
    EvrRtxMessageQueueGetTimeout             0x08000fa1   Thumb Code    16  rtx_evr.o(.text.EvrRtxMessageQueueGetTimeout)
    EvrRtxMessageQueueInsertPending          0x08000fb1   Thumb Code    16  rtx_evr.o(.text.EvrRtxMessageQueueInsertPending)
    EvrRtxMessageQueueInserted               0x08000fc1   Thumb Code    16  rtx_evr.o(.text.EvrRtxMessageQueueInserted)
    EvrRtxMessageQueueNotInserted            0x08000fd1   Thumb Code    16  rtx_evr.o(.text.EvrRtxMessageQueueNotInserted)
    EvrRtxMessageQueueNotRetrieved           0x08000fe1   Thumb Code    16  rtx_evr.o(.text.EvrRtxMessageQueueNotRetrieved)
    EvrRtxMessageQueuePut                    0x08000ff1   Thumb Code    32  rtx_evr.o(.text.EvrRtxMessageQueuePut)
    EvrRtxMessageQueuePutPending             0x08001011   Thumb Code    34  rtx_evr.o(.text.EvrRtxMessageQueuePutPending)
    EvrRtxMessageQueuePutTimeout             0x08001035   Thumb Code    16  rtx_evr.o(.text.EvrRtxMessageQueuePutTimeout)
    EvrRtxMessageQueueRetrieved              0x08001045   Thumb Code    16  rtx_evr.o(.text.EvrRtxMessageQueueRetrieved)
    EvrRtxMutexAcquireTimeout                0x08001055   Thumb Code    16  rtx_evr.o(.text.EvrRtxMutexAcquireTimeout)
    EvrRtxMutexAcquired                      0x08001065   Thumb Code    16  rtx_evr.o(.text.EvrRtxMutexAcquired)
    EvrRtxMutexReleased                      0x08001075   Thumb Code    16  rtx_evr.o(.text.EvrRtxMutexReleased)
    EvrRtxSemaphoreAcquireTimeout            0x08001085   Thumb Code    16  rtx_evr.o(.text.EvrRtxSemaphoreAcquireTimeout)
    EvrRtxThreadBlocked                      0x08001095   Thumb Code    16  rtx_evr.o(.text.EvrRtxThreadBlocked)
    EvrRtxThreadCreated                      0x080010a5   Thumb Code    24  rtx_evr.o(.text.EvrRtxThreadCreated)
    EvrRtxThreadDestroyed                    0x080010bd   Thumb Code    16  rtx_evr.o(.text.EvrRtxThreadDestroyed)
    EvrRtxThreadError                        0x080010cd   Thumb Code    12  rtx_evr.o(.text.EvrRtxThreadError)
    EvrRtxThreadExit                         0x080010d9   Thumb Code    16  rtx_evr.o(.text.EvrRtxThreadExit)
    EvrRtxThreadFlagsError                   0x080010e9   Thumb Code    12  rtx_evr.o(.text.EvrRtxThreadFlagsError)
    EvrRtxThreadFlagsSet                     0x080010f5   Thumb Code    16  rtx_evr.o(.text.EvrRtxThreadFlagsSet)
    EvrRtxThreadFlagsSetDone                 0x08001105   Thumb Code    16  rtx_evr.o(.text.EvrRtxThreadFlagsSetDone)
    EvrRtxThreadFlagsWait                    0x08001115   Thumb Code    34  rtx_evr.o(.text.EvrRtxThreadFlagsWait)
    EvrRtxThreadFlagsWaitCompleted           0x08001139   Thumb Code    32  rtx_evr.o(.text.EvrRtxThreadFlagsWaitCompleted)
    EvrRtxThreadFlagsWaitNotCompleted        0x08001159   Thumb Code    16  rtx_evr.o(.text.EvrRtxThreadFlagsWaitNotCompleted)
    EvrRtxThreadFlagsWaitPending             0x08001169   Thumb Code    34  rtx_evr.o(.text.EvrRtxThreadFlagsWaitPending)
    EvrRtxThreadFlagsWaitTimeout             0x0800118d   Thumb Code    16  rtx_evr.o(.text.EvrRtxThreadFlagsWaitTimeout)
    EvrRtxThreadJoined                       0x0800119d   Thumb Code    16  rtx_evr.o(.text.EvrRtxThreadJoined)
    EvrRtxThreadNew                          0x080011ad   Thumb Code    34  rtx_evr.o(.text.EvrRtxThreadNew)
    EvrRtxThreadPreempted                    0x080011d1   Thumb Code    16  rtx_evr.o(.text.EvrRtxThreadPreempted)
    EvrRtxThreadSwitched                     0x080011e1   Thumb Code    16  rtx_evr.o(.text.EvrRtxThreadSwitched)
    EvrRtxThreadUnblocked                    0x080011f1   Thumb Code    16  rtx_evr.o(.text.EvrRtxThreadUnblocked)
    EvrRtxTimerCallback                      0x08001201   Thumb Code    16  rtx_evr.o(.text.EvrRtxTimerCallback)
    HAL_GPIO_Init                            0x08001211   Thumb Code   412  stm32f4xx_hal_gpio.o(.text.HAL_GPIO_Init)
    HAL_GPIO_ReadPin                         0x080013ad   Thumb Code    10  stm32f4xx_hal_gpio.o(.text.HAL_GPIO_ReadPin)
    HAL_GPIO_WritePin                        0x080013b9   Thumb Code    10  stm32f4xx_hal_gpio.o(.text.HAL_GPIO_WritePin)
    HAL_GetREVID                             0x080013c5   Thumb Code    14  stm32f4xx_hal.o(.text.HAL_GetREVID)
    HAL_GetTick                              0x080013d5   Thumb Code    76  main.o(.text.HAL_GetTick)
    HAL_Init                                 0x08001421   Thumb Code    46  stm32f4xx_hal.o(.text.HAL_Init)
    HAL_InitTick                             0x08001451   Thumb Code     4  main.o(.text.HAL_InitTick)
    HAL_MspInit                              0x08001455   Thumb Code     2  stm32f4xx_hal.o(.text.HAL_MspInit)
    HAL_NVIC_SetPriorityGrouping             0x08001459   Thumb Code    32  stm32f4xx_hal_cortex.o(.text.HAL_NVIC_SetPriorityGrouping)
    HAL_RCC_ClockConfig                      0x08001479   Thumb Code   352  stm32f4xx_hal_rcc.o(.text.HAL_RCC_ClockConfig)
    HAL_RCC_GetSysClockFreq                  0x080015d9   Thumb Code   106  stm32f4xx_hal_rcc.o(.text.HAL_RCC_GetSysClockFreq)
    HAL_RCC_OscConfig                        0x08001645   Thumb Code   836  stm32f4xx_hal_rcc.o(.text.HAL_RCC_OscConfig)
    LED_Initialize                           0x08001989   Thumb Code    70  led_f429discovery.o(.text.LED_Initialize)
    LED_On                                   0x080019d1   Thumb Code    40  led_f429discovery.o(.text.LED_On)
    OS_Tick_AcknowledgeIRQ                   0x080019f9   Thumb Code    12  os_systick.o(.text.OS_Tick_AcknowledgeIRQ)
    OS_Tick_Enable                           0x08001a05   Thumb Code    50  os_systick.o(.text.OS_Tick_Enable)
    OS_Tick_GetIRQn                          0x08001a39   Thumb Code     6  os_systick.o(.text.OS_Tick_GetIRQn)
    OS_Tick_Setup                            0x08001a41   Thumb Code    72  os_systick.o(.text.OS_Tick_Setup)
    SystemCoreClockUpdate                    0x08001a89   Thumb Code   134  system_stm32f4xx.o(.text.SystemCoreClockUpdate)
    SystemInit                               0x08001b11   Thumb Code    72  system_stm32f4xx.o(.text.SystemInit)
    app_main                                 0x08001b59   Thumb Code    64  blinky.o(.text.app_main)
    main                                     0x08001b99   Thumb Code   198  main.o(.text.main)
    osDelay                                  0x08001c61   Thumb Code    54  rtx_delay.o(.text.osDelay)
    osKernelGetState                         0x08001c99   Thumb Code    50  rtx_kernel.o(.text.osKernelGetState)
    osKernelGetTickCount                     0x08001ccd   Thumb Code    50  rtx_kernel.o(.text.osKernelGetTickCount)
    osKernelInitialize                       0x08001d01   Thumb Code    54  rtx_kernel.o(.text.osKernelInitialize)
    osKernelStart                            0x08001d39   Thumb Code    50  rtx_kernel.o(.text.osKernelStart)
    osMessageQueueGet                        0x08001d6d   Thumb Code   212  rtx_msgqueue.o(.text.osMessageQueueGet)
    osMessageQueuePut                        0x08001e41   Thumb Code   162  rtx_msgqueue.o(.text.osMessageQueuePut)
    osRtxErrorNotify                         0x08001ee5   Thumb Code     2  rtx_config.o(.text.osRtxErrorNotify)
    osRtxIdleThread                          0x08001ee9   Thumb Code     2  rtx_config.o(.text.osRtxIdleThread)
    osRtxKernelErrorNotify                   0x08001eed   Thumb Code    22  rtx_kernel.o(.text.osRtxKernelErrorNotify)
    osRtxKernelPreInit                       0x08001f05   Thumb Code   244  rtx_lib.o(.text.osRtxKernelPreInit)
    osRtxMemoryAlloc                         0x08001ff9   Thumb Code   128  rtx_memory.o(.text.osRtxMemoryAlloc)
    osRtxMemoryFree                          0x08002079   Thumb Code    90  rtx_memory.o(.text.osRtxMemoryFree)
    osRtxMemoryInit                          0x080020d5   Thumb Code    64  rtx_memory.o(.text.osRtxMemoryInit)
    osRtxMemoryPoolAlloc                     0x08002115   Thumb Code    68  rtx_mempool.o(.text.osRtxMemoryPoolAlloc)
    osRtxMemoryPoolFree                      0x08002159   Thumb Code    86  rtx_mempool.o(.text.osRtxMemoryPoolFree)
    osRtxMemoryPoolInit                      0x080021b1   Thumb Code    96  rtx_mempool.o(.text.osRtxMemoryPoolInit)
    osRtxMessageQueueTimerSetup              0x080023cd   Thumb Code    44  rtx_msgqueue.o(.text.osRtxMessageQueueTimerSetup)
    osRtxMutexOwnerRelease                   0x080023f9   Thumb Code   102  rtx_mutex.o(.text.osRtxMutexOwnerRelease)
    osRtxMutexOwnerRestore                   0x08002461   Thumb Code    80  rtx_mutex.o(.text.osRtxMutexOwnerRestore)
    osRtxPendSV_Handler                      0x080024b1   Thumb Code   136  rtx_system.o(.text.osRtxPendSV_Handler)
    osRtxPostProcess                         0x0800255d   Thumb Code   118  rtx_system.o(.text.osRtxPostProcess)
    osRtxThreadDelayTick                     0x080025d5   Thumb Code   356  rtx_thread.o(.text.osRtxThreadDelayTick)
    osRtxThreadDispatch                      0x08002739   Thumb Code   234  rtx_thread.o(.text.osRtxThreadDispatch)
    osRtxThreadListGet                       0x08002889   Thumb Code    20  rtx_thread.o(.text.osRtxThreadListGet)
    osRtxThreadListPut                       0x0800289d   Thumb Code    44  rtx_thread.o(.text.osRtxThreadListPut)
    osRtxThreadListRemove                    0x080028c9   Thumb Code    26  rtx_thread.o(.text.osRtxThreadListRemove)
    osRtxThreadListSort                      0x080028e5   Thumb Code   112  rtx_thread.o(.text.osRtxThreadListSort)
    osRtxThreadReadyPut                      0x080029f5   Thumb Code    60  rtx_thread.o(.text.osRtxThreadReadyPut)
    osRtxThreadRegPtr                        0x08002a31   Thumb Code    20  rtx_thread.o(.text.osRtxThreadRegPtr)
    osRtxThreadStackCheck                    0x08002a45   Thumb Code    32  rtx_thread.o(.text.osRtxThreadStackCheck)
    osRtxThreadStartup                       0x08002a65   Thumb Code    74  rtx_thread.o(.text.osRtxThreadStartup)
    osRtxThreadSwitch                        0x08002ab1   Thumb Code    18  rtx_thread.o(.text.osRtxThreadSwitch)
    osRtxThreadWaitEnter                     0x08002ac5   Thumb Code   216  rtx_thread.o(.text.osRtxThreadWaitEnter)
    osRtxThreadWaitExit                      0x08002b9d   Thumb Code   164  rtx_thread.o(.text.osRtxThreadWaitExit)
    osRtxTick_Handler                        0x08002c41   Thumb Code   132  rtx_system.o(.text.osRtxTick_Handler)
    osRtxTimerSetup                          0x08002cc5   Thumb Code    38  rtx_timer.o(.text.osRtxTimerSetup)
    osRtxTimerThread                         0x08002ced   Thumb Code    42  rtx_timer.o(.text.osRtxTimerThread)
    osThreadExit                             0x08002de1   Thumb Code    26  rtx_thread.o(.text.osThreadExit)
    osThreadFlagsSet                         0x08002dfd   Thumb Code   130  rtx_thread.o(.text.osThreadFlagsSet)
    osThreadFlagsWait                        0x08002e81   Thumb Code    64  rtx_thread.o(.text.osThreadFlagsWait)
    osThreadNew                              0x08002ec1   Thumb Code    64  rtx_thread.o(.text.osThreadNew)
    thrLED                                   0x08003b71   Thumb Code    42  blinky.o(.text.thrLED)
    __scatterload_copy                       0x08003b9b   Thumb Code    14  handlers.o(i.__scatterload_copy)
    __scatterload_null                       0x08003ba9   Thumb Code     2  handlers.o(i.__scatterload_null)
    __scatterload_zeroinit                   0x08003bab   Thumb Code    14  handlers.o(i.__scatterload_zeroinit)
    osRtxConfig                              0x08003bb8   Data         112  rtx_lib.o(.rodata)
    os_cb_sections                           0x08003c28   Data          56  rtx_lib.o(.rodata)
    AHBPrescTable                            0x08003c60   Data          16  system_stm32f4xx.o(.rodata.AHBPrescTable)
    EventRecorderInfo                        0x08003c70   Data          24  eventrecorder.o(.rodata.EventRecorderInfo)
    osRtxUserSVC                             0x08003c98   Data           4  rtx_lib.o(.rodata.osRtxUserSVC)
    Region$$Table$$Base                      0x08003d08   Number         0  anon$$obj.o(Region$$Table)
    Region$$Table$$Limit                     0x08003d28   Number         0  anon$$obj.o(Region$$Table)
    SystemCoreClock                          0x20000000   Data           4  system_stm32f4xx.o(.data.SystemCoreClock)
    osRtxInfo                                0x20000004   Data         164  rtx_kernel.o(.data.os)
    uwTickPrio                               0x200000a8   Data           4  stm32f4xx_hal.o(.data.uwTickPrio)
    .bss.os.msgqueue.cb$$Base                0x200080fc   Number         0  rtx_lib.o(.bss.os.msgqueue.cb)
    .bss.os.msgqueue.cb$$Limit               0x20008130   Number         0  rtx_lib.o(.bss.os.msgqueue.cb)
    .bss.os.thread.cb$$Base                  0x20008180   Number         0  rtx_lib.o(.bss.os.thread.cb)
    .bss.os.thread.cb$$Limit                 0x20008208   Number         0  rtx_lib.o(.bss.os.thread.cb)
    __initial_sp                             0x20008a10   Data           0  startup_stm32f429xx.o(STACK)



==============================================================================

Memory Map of the image

  Image Entry point : 0x080001ad

  Load Region LR_IROM1 (Base: 0x08000000, Size: 0x00003dd8, Max: 0x00200000, ABSOLUTE)

    Execution Region ER_IROM1 (Exec base: 0x08000000, Load base: 0x08000000, Size: 0x00003d28, Max: 0x00200000, ABSOLUTE)

    Exec Addr    Load Addr    Size         Type   Attr      Idx    E Section Name        Object

    0x08000000   0x08000000   0x000001ac   Data   RO         1274    RESET               startup_stm32f429xx.o
    0x080001ac   0x080001ac   0x00000000   Code   RO         1296  * .ARM.Collect$$$$00000000  mc_w.l(entry.o)
    0x080001ac   0x080001ac   0x00000004   Code   RO         1307    .ARM.Collect$$$$00000001  mc_w.l(entry2.o)
    0x080001b0   0x080001b0   0x00000004   Code   RO         1310    .ARM.Collect$$$$00000004  mc_w.l(entry5.o)
    0x080001b4   0x080001b4   0x00000000   Code   RO         1312    .ARM.Collect$$$$00000008  mc_w.l(entry7b.o)
    0x080001b4   0x080001b4   0x00000000   Code   RO         1314    .ARM.Collect$$$$0000000A  mc_w.l(entry8b.o)
    0x080001b4   0x080001b4   0x00000008   Code   RO         1315    .ARM.Collect$$$$0000000B  mc_w.l(entry9a.o)
    0x080001bc   0x080001bc   0x00000000   Code   RO         1317    .ARM.Collect$$$$0000000D  mc_w.l(entry10a.o)
    0x080001bc   0x080001bc   0x00000000   Code   RO         1319    .ARM.Collect$$$$0000000F  mc_w.l(entry11a.o)
    0x080001bc   0x080001bc   0x00000004   Code   RO         1308    .ARM.Collect$$$$00002712  mc_w.l(entry2.o)
    0x080001c0   0x080001c0   0x00000104   Code   RO           70    .text               irq_armv7m.o
    0x080002c4   0x080002c4   0x00000024   Code   RO         1275    .text               startup_stm32f429xx.o
    0x080002e8   0x080002e8   0x00000062   Code   RO         1299    .text               mc_w.l(uldiv.o)
    0x0800034a   0x0800034a   0x00000024   Code   RO         1301    .text               mc_w.l(memcpya.o)
    0x0800036e   0x0800036e   0x00000024   Code   RO         1303    .text               mc_w.l(memseta.o)
    0x08000392   0x08000392   0x0000001e   Code   RO         1321    .text               mc_w.l(llshl.o)
    0x080003b0   0x080003b0   0x00000020   Code   RO         1323    .text               mc_w.l(llushr.o)
    0x080003d0   0x080003d0   0x00000024   Code   RO         1325    .text               mc_w.l(init.o)
    0x080003f4   0x080003f4   0x00000018   Code   RO           38    .text.Buttons_GetState  buttons_f429discovery.o
    0x0800040c   0x0800040c   0x0000003c   Code   RO           34    .text.Buttons_Initialize  buttons_f429discovery.o
    0x08000448   0x08000448   0x00000196   Code   RO          991    .text.EventRecord2  eventrecorder.o
    0x080005de   0x080005de   0x00000002   PAD
    0x080005e0   0x080005e0   0x000002aa   Code   RO          993    .text.EventRecord4  eventrecorder.o
    0x0800088a   0x0800088a   0x00000002   PAD
    0x0800088c   0x0800088c   0x0000006c   Code   RO          983    .text.EventRecorderDisable  eventrecorder.o
    0x080008f8   0x080008f8   0x0000006c   Code   RO          979    .text.EventRecorderEnable  eventrecorder.o
    0x08000964   0x08000964   0x000002da   Code   RO          977    .text.EventRecorderInitialize  eventrecorder.o
    0x08000c3e   0x08000c3e   0x00000002   PAD
    0x08000c40   0x08000c40   0x00000148   Code   RO          981    .text.EventRecorderStart  eventrecorder.o
    0x08000d88   0x08000d88   0x0000000c   Code   RO          975    .text.EventRecorderTimerGetCount  eventrecorder.o
    0x08000d94   0x08000d94   0x0000000c   Code   RO          973    .text.EventRecorderTimerGetFreq  eventrecorder.o
    0x08000da0   0x08000da0   0x00000024   Code   RO          971    .text.EventRecorderTimerSetup  eventrecorder.o
    0x08000dc4   0x08000dc4   0x00000010   Code   RO          272    .text.EvrRtxDelay   rtx_evr.o
    0x08000dd4   0x08000dd4   0x00000010   Code   RO          280    .text.EvrRtxDelayCompleted  rtx_evr.o
    0x08000de4   0x08000de4   0x0000000c   Code   RO          270    .text.EvrRtxDelayError  rtx_evr.o
    0x08000df0   0x08000df0   0x00000010   Code   RO          276    .text.EvrRtxDelayStarted  rtx_evr.o
    0x08000e00   0x08000e00   0x00000010   Code   RO          328    .text.EvrRtxEventFlagsWaitTimeout  rtx_evr.o
    0x08000e10   0x08000e10   0x0000000c   Code   RO          144    .text.EvrRtxKernelError  rtx_evr.o
    0x08000e1c   0x08000e1c   0x0000000c   Code   RO          186    .text.EvrRtxKernelErrorNotify  rtx_evr.o
    0x08000e28   0x08000e28   0x00000010   Code   RO          178    .text.EvrRtxKernelGetTickCount  rtx_evr.o
    0x08000e38   0x08000e38   0x00000010   Code   RO          146    .text.EvrRtxKernelInitialize  rtx_evr.o
    0x08000e48   0x08000e48   0x00000010   Code   RO          148    .text.EvrRtxKernelInitialized  rtx_evr.o
    0x08000e58   0x08000e58   0x00000010   Code   RO          154    .text.EvrRtxKernelStart  rtx_evr.o
    0x08000e68   0x08000e68   0x00000010   Code   RO          156    .text.EvrRtxKernelStarted  rtx_evr.o
    0x08000e78   0x08000e78   0x00000020   Code   RO          134    .text.EvrRtxMemoryAlloc  rtx_evr.o
    0x08000e98   0x08000e98   0x00000010   Code   RO          140    .text.EvrRtxMemoryBlockAlloc  rtx_evr.o
    0x08000ea8   0x08000ea8   0x00000022   Code   RO          142    .text.EvrRtxMemoryBlockFree  rtx_evr.o
    0x08000eca   0x08000eca   0x00000002   PAD
    0x08000ecc   0x08000ecc   0x00000020   Code   RO          138    .text.EvrRtxMemoryBlockInit  rtx_evr.o
    0x08000eec   0x08000eec   0x00000022   Code   RO          136    .text.EvrRtxMemoryFree  rtx_evr.o
    0x08000f0e   0x08000f0e   0x00000002   PAD
    0x08000f10   0x08000f10   0x0000001e   Code   RO          132    .text.EvrRtxMemoryInit  rtx_evr.o
    0x08000f2e   0x08000f2e   0x00000002   PAD
    0x08000f30   0x08000f30   0x00000010   Code   RO          406    .text.EvrRtxMemoryPoolAllocTimeout  rtx_evr.o
    0x08000f40   0x08000f40   0x00000010   Code   RO          434    .text.EvrRtxMessageQueueCreated  rtx_evr.o
    0x08000f50   0x08000f50   0x0000000c   Code   RO          430    .text.EvrRtxMessageQueueError  rtx_evr.o
    0x08000f5c   0x08000f5c   0x00000020   Code   RO          450    .text.EvrRtxMessageQueueGet  rtx_evr.o
    0x08000f7c   0x08000f7c   0x00000022   Code   RO          452    .text.EvrRtxMessageQueueGetPending  rtx_evr.o
    0x08000f9e   0x08000f9e   0x00000002   PAD
    0x08000fa0   0x08000fa0   0x00000010   Code   RO          454    .text.EvrRtxMessageQueueGetTimeout  rtx_evr.o
    0x08000fb0   0x08000fb0   0x00000010   Code   RO          444    .text.EvrRtxMessageQueueInsertPending  rtx_evr.o
    0x08000fc0   0x08000fc0   0x00000010   Code   RO          446    .text.EvrRtxMessageQueueInserted  rtx_evr.o
    0x08000fd0   0x08000fd0   0x00000010   Code   RO          448    .text.EvrRtxMessageQueueNotInserted  rtx_evr.o
    0x08000fe0   0x08000fe0   0x00000010   Code   RO          458    .text.EvrRtxMessageQueueNotRetrieved  rtx_evr.o
    0x08000ff0   0x08000ff0   0x00000020   Code   RO          438    .text.EvrRtxMessageQueuePut  rtx_evr.o
    0x08001010   0x08001010   0x00000022   Code   RO          440    .text.EvrRtxMessageQueuePutPending  rtx_evr.o
    0x08001032   0x08001032   0x00000002   PAD
    0x08001034   0x08001034   0x00000010   Code   RO          442    .text.EvrRtxMessageQueuePutTimeout  rtx_evr.o
    0x08001044   0x08001044   0x00000010   Code   RO          456    .text.EvrRtxMessageQueueRetrieved  rtx_evr.o
    0x08001054   0x08001054   0x00000010   Code   RO          350    .text.EvrRtxMutexAcquireTimeout  rtx_evr.o
    0x08001064   0x08001064   0x00000010   Code   RO          352    .text.EvrRtxMutexAcquired  rtx_evr.o
    0x08001074   0x08001074   0x00000010   Code   RO          358    .text.EvrRtxMutexReleased  rtx_evr.o
    0x08001084   0x08001084   0x00000010   Code   RO          378    .text.EvrRtxSemaphoreAcquireTimeout  rtx_evr.o
    0x08001094   0x08001094   0x00000010   Code   RO          230    .text.EvrRtxThreadBlocked  rtx_evr.o
    0x080010a4   0x080010a4   0x00000018   Code   RO          192    .text.EvrRtxThreadCreated  rtx_evr.o
    0x080010bc   0x080010bc   0x00000010   Code   RO          242    .text.EvrRtxThreadDestroyed  rtx_evr.o
    0x080010cc   0x080010cc   0x0000000c   Code   RO          188    .text.EvrRtxThreadError  rtx_evr.o
    0x080010d8   0x080010d8   0x00000010   Code   RO          238    .text.EvrRtxThreadExit  rtx_evr.o
    0x080010e8   0x080010e8   0x0000000c   Code   RO          248    .text.EvrRtxThreadFlagsError  rtx_evr.o
    0x080010f4   0x080010f4   0x00000010   Code   RO          250    .text.EvrRtxThreadFlagsSet  rtx_evr.o
    0x08001104   0x08001104   0x00000010   Code   RO          252    .text.EvrRtxThreadFlagsSetDone  rtx_evr.o
    0x08001114   0x08001114   0x00000022   Code   RO          260    .text.EvrRtxThreadFlagsWait  rtx_evr.o
    0x08001136   0x08001136   0x00000002   PAD
    0x08001138   0x08001138   0x00000020   Code   RO          266    .text.EvrRtxThreadFlagsWaitCompleted  rtx_evr.o
    0x08001158   0x08001158   0x00000010   Code   RO          268    .text.EvrRtxThreadFlagsWaitNotCompleted  rtx_evr.o
    0x08001168   0x08001168   0x00000022   Code   RO          262    .text.EvrRtxThreadFlagsWaitPending  rtx_evr.o
    0x0800118a   0x0800118a   0x00000002   PAD
    0x0800118c   0x0800118c   0x00000010   Code   RO          264    .text.EvrRtxThreadFlagsWaitTimeout  rtx_evr.o
    0x0800119c   0x0800119c   0x00000010   Code   RO          228    .text.EvrRtxThreadJoined  rtx_evr.o
    0x080011ac   0x080011ac   0x00000022   Code   RO          190    .text.EvrRtxThreadNew  rtx_evr.o
    0x080011ce   0x080011ce   0x00000002   PAD
    0x080011d0   0x080011d0   0x00000010   Code   RO          234    .text.EvrRtxThreadPreempted  rtx_evr.o
    0x080011e0   0x080011e0   0x00000010   Code   RO          236    .text.EvrRtxThreadSwitched  rtx_evr.o
    0x080011f0   0x080011f0   0x00000010   Code   RO          232    .text.EvrRtxThreadUnblocked  rtx_evr.o
    0x08001200   0x08001200   0x00000010   Code   RO          284    .text.EvrRtxTimerCallback  rtx_evr.o
    0x08001210   0x08001210   0x0000019c   Code   RO         1121    .text.HAL_GPIO_Init  stm32f4xx_hal_gpio.o
    0x080013ac   0x080013ac   0x0000000a   Code   RO         1125    .text.HAL_GPIO_ReadPin  stm32f4xx_hal_gpio.o
    0x080013b6   0x080013b6   0x00000002   PAD
    0x080013b8   0x080013b8   0x0000000a   Code   RO         1127    .text.HAL_GPIO_WritePin  stm32f4xx_hal_gpio.o
    0x080013c2   0x080013c2   0x00000002   PAD
    0x080013c4   0x080013c4   0x0000000e   Code   RO         1034    .text.HAL_GetREVID  stm32f4xx_hal.o
    0x080013d2   0x080013d2   0x00000002   PAD
    0x080013d4   0x080013d4   0x0000004c   Code   RO            2    .text.HAL_GetTick   main.o
    0x08001420   0x08001420   0x0000002e   Code   RO         1006    .text.HAL_Init      stm32f4xx_hal.o
    0x0800144e   0x0800144e   0x00000002   PAD
    0x08001450   0x08001450   0x00000004   Code   RO            4    .text.HAL_InitTick  main.o
    0x08001454   0x08001454   0x00000002   Code   RO         1010    .text.HAL_MspInit   stm32f4xx_hal.o
    0x08001456   0x08001456   0x00000002   PAD
    0x08001458   0x08001458   0x00000020   Code   RO         1075    .text.HAL_NVIC_SetPriorityGrouping  stm32f4xx_hal_cortex.o
    0x08001478   0x08001478   0x00000160   Code   RO         1217    .text.HAL_RCC_ClockConfig  stm32f4xx_hal_rcc.o
    0x080015d8   0x080015d8   0x0000006a   Code   RO         1219    .text.HAL_RCC_GetSysClockFreq  stm32f4xx_hal_rcc.o
    0x08001642   0x08001642   0x00000002   PAD
    0x08001644   0x08001644   0x00000344   Code   RO         1215    .text.HAL_RCC_OscConfig  stm32f4xx_hal_rcc.o
    0x08001988   0x08001988   0x00000046   Code   RO           50    .text.LED_Initialize  led_f429discovery.o
    0x080019ce   0x080019ce   0x00000002   PAD
    0x080019d0   0x080019d0   0x00000028   Code   RO           54    .text.LED_On        led_f429discovery.o
    0x080019f8   0x080019f8   0x0000000c   Code   RO          939    .text.OS_Tick_AcknowledgeIRQ  os_systick.o
    0x08001a04   0x08001a04   0x00000032   Code   RO          935    .text.OS_Tick_Enable  os_systick.o
    0x08001a36   0x08001a36   0x00000002   PAD
    0x08001a38   0x08001a38   0x00000006   Code   RO          941    .text.OS_Tick_GetIRQn  os_systick.o
    0x08001a3e   0x08001a3e   0x00000002   PAD
    0x08001a40   0x08001a40   0x00000048   Code   RO          933    .text.OS_Tick_Setup  os_systick.o
    0x08001a88   0x08001a88   0x00000086   Code   RO         1284    .text.SystemCoreClockUpdate  system_stm32f4xx.o
    0x08001b0e   0x08001b0e   0x00000002   PAD
    0x08001b10   0x08001b10   0x00000048   Code   RO         1282    .text.SystemInit    system_stm32f4xx.o
    0x08001b58   0x08001b58   0x00000040   Code   RO           20    .text.app_main      blinky.o
    0x08001b98   0x08001b98   0x000000c6   Code   RO            6    .text.main          main.o
    0x08001c5e   0x08001c5e   0x00000002   PAD
    0x08001c60   0x08001c60   0x00000036   Code   RO           78    .text.osDelay       rtx_delay.o
    0x08001c96   0x08001c96   0x00000002   PAD
    0x08001c98   0x08001c98   0x00000032   Code   RO          494    .text.osKernelGetState  rtx_kernel.o
    0x08001cca   0x08001cca   0x00000002   PAD
    0x08001ccc   0x08001ccc   0x00000032   Code   RO          510    .text.osKernelGetTickCount  rtx_kernel.o
    0x08001cfe   0x08001cfe   0x00000002   PAD
    0x08001d00   0x08001d00   0x00000036   Code   RO          488    .text.osKernelInitialize  rtx_kernel.o
    0x08001d36   0x08001d36   0x00000002   PAD
    0x08001d38   0x08001d38   0x00000032   Code   RO          498    .text.osKernelStart  rtx_kernel.o
    0x08001d6a   0x08001d6a   0x00000002   PAD
    0x08001d6c   0x08001d6c   0x000000d4   Code   RO          647    .text.osMessageQueueGet  rtx_msgqueue.o
    0x08001e40   0x08001e40   0x000000a2   Code   RO          645    .text.osMessageQueuePut  rtx_msgqueue.o
    0x08001ee2   0x08001ee2   0x00000002   PAD
    0x08001ee4   0x08001ee4   0x00000002   Code   RO          962    .text.osRtxErrorNotify  rtx_config.o
    0x08001ee6   0x08001ee6   0x00000002   PAD
    0x08001ee8   0x08001ee8   0x00000002   Code   RO          960    .text.osRtxIdleThread  rtx_config.o
    0x08001eea   0x08001eea   0x00000002   PAD
    0x08001eec   0x08001eec   0x00000016   Code   RO          486    .text.osRtxKernelErrorNotify  rtx_kernel.o
    0x08001f02   0x08001f02   0x00000002   PAD
    0x08001f04   0x08001f04   0x000000f4   Code   RO          550    .text.osRtxKernelPreInit  rtx_lib.o
    0x08001ff8   0x08001ff8   0x00000080   Code   RO          573    .text.osRtxMemoryAlloc  rtx_memory.o
    0x08002078   0x08002078   0x0000005a   Code   RO          575    .text.osRtxMemoryFree  rtx_memory.o
    0x080020d2   0x080020d2   0x00000002   PAD
    0x080020d4   0x080020d4   0x00000040   Code   RO          571    .text.osRtxMemoryInit  rtx_memory.o
    0x08002114   0x08002114   0x00000044   Code   RO          587    .text.osRtxMemoryPoolAlloc  rtx_mempool.o
    0x08002158   0x08002158   0x00000056   Code   RO          589    .text.osRtxMemoryPoolFree  rtx_mempool.o
    0x080021ae   0x080021ae   0x00000002   PAD
    0x080021b0   0x080021b0   0x00000060   Code   RO          585    .text.osRtxMemoryPoolInit  rtx_mempool.o
    0x08002210   0x08002210   0x000001ba   Code   RO          669    .text.osRtxMessageQueuePostProcess  rtx_msgqueue.o
    0x080023ca   0x080023ca   0x00000002   PAD
    0x080023cc   0x080023cc   0x0000002c   Code   RO          637    .text.osRtxMessageQueueTimerSetup  rtx_msgqueue.o
    0x080023f8   0x080023f8   0x00000066   Code   RO          689    .text.osRtxMutexOwnerRelease  rtx_mutex.o
    0x0800245e   0x0800245e   0x00000002   PAD
    0x08002460   0x08002460   0x00000050   Code   RO          691    .text.osRtxMutexOwnerRestore  rtx_mutex.o
    0x080024b0   0x080024b0   0x000000ac   Code   RO          761    .text.osRtxPendSV_Handler  rtx_system.o
    0x0800255c   0x0800255c   0x00000076   Code   RO          763    .text.osRtxPostProcess  rtx_system.o
    0x080025d2   0x080025d2   0x00000002   PAD
    0x080025d4   0x080025d4   0x00000164   Code   RO          783    .text.osRtxThreadDelayTick  rtx_thread.o
    0x08002738   0x08002738   0x000000ea   Code   RO          789    .text.osRtxThreadDispatch  rtx_thread.o
    0x08002822   0x08002822   0x00000002   PAD
    0x08002824   0x08002824   0x00000062   Code   RO          867    .text.osRtxThreadFree  rtx_thread.o
    0x08002886   0x08002886   0x00000002   PAD
    0x08002888   0x08002888   0x00000014   Code   RO          775    .text.osRtxThreadListGet  rtx_thread.o
    0x0800289c   0x0800289c   0x0000002c   Code   RO          773    .text.osRtxThreadListPut  rtx_thread.o
    0x080028c8   0x080028c8   0x0000001a   Code   RO          779    .text.osRtxThreadListRemove  rtx_thread.o
    0x080028e2   0x080028e2   0x00000002   PAD
    0x080028e4   0x080028e4   0x00000070   Code   RO          777    .text.osRtxThreadListSort  rtx_thread.o
    0x08002954   0x08002954   0x0000009e   Code   RO          845    .text.osRtxThreadPostProcess  rtx_thread.o
    0x080029f2   0x080029f2   0x00000002   PAD
    0x080029f4   0x080029f4   0x0000003c   Code   RO          781    .text.osRtxThreadReadyPut  rtx_thread.o
    0x08002a30   0x08002a30   0x00000014   Code   RO          785    .text.osRtxThreadRegPtr  rtx_thread.o
    0x08002a44   0x08002a44   0x00000020   Code   RO          795    .text.osRtxThreadStackCheck  rtx_thread.o
    0x08002a64   0x08002a64   0x0000004a   Code   RO          797    .text.osRtxThreadStartup  rtx_thread.o
    0x08002aae   0x08002aae   0x00000002   PAD
    0x08002ab0   0x08002ab0   0x00000012   Code   RO          787    .text.osRtxThreadSwitch  rtx_thread.o
    0x08002ac2   0x08002ac2   0x00000002   PAD
    0x08002ac4   0x08002ac4   0x000000d8   Code   RO          793    .text.osRtxThreadWaitEnter  rtx_thread.o
    0x08002b9c   0x08002b9c   0x000000a4   Code   RO          791    .text.osRtxThreadWaitExit  rtx_thread.o
    0x08002c40   0x08002c40   0x00000084   Code   RO          759    .text.osRtxTick_Handler  rtx_system.o
    0x08002cc4   0x08002cc4   0x00000026   Code   RO          895    .text.osRtxTimerSetup  rtx_timer.o
    0x08002cea   0x08002cea   0x00000002   PAD
    0x08002cec   0x08002cec   0x0000002a   Code   RO          899    .text.osRtxTimerThread  rtx_timer.o
    0x08002d16   0x08002d16   0x00000002   PAD
    0x08002d18   0x08002d18   0x000000c6   Code   RO          897    .text.osRtxTimerTick  rtx_timer.o
    0x08002dde   0x08002dde   0x00000002   PAD
    0x08002de0   0x08002de0   0x0000001a   Code   RO          829    .text.osThreadExit  rtx_thread.o
    0x08002dfa   0x08002dfa   0x00000002   PAD
    0x08002dfc   0x08002dfc   0x00000082   Code   RO          837    .text.osThreadFlagsSet  rtx_thread.o
    0x08002e7e   0x08002e7e   0x00000002   PAD
    0x08002e80   0x08002e80   0x00000040   Code   RO          843    .text.osThreadFlagsWait  rtx_thread.o
    0x08002ec0   0x08002ec0   0x00000040   Code   RO          801    .text.osThreadNew   rtx_thread.o
    0x08002f00   0x08002f00   0x00000034   Code   RO           82    .text.svcRtxDelay   rtx_delay.o
    0x08002f34   0x08002f34   0x0000000c   Code   RO          496    .text.svcRtxKernelGetState  rtx_kernel.o
    0x08002f40   0x08002f40   0x00000014   Code   RO          512    .text.svcRtxKernelGetTickCount  rtx_kernel.o
    0x08002f54   0x08002f54   0x00000150   Code   RO          526    .text.svcRtxKernelInitialize  rtx_kernel.o
    0x080030a4   0x080030a4   0x000000b0   Code   RO          528    .text.svcRtxKernelStart  rtx_kernel.o
    0x08003154   0x08003154   0x000001c4   Code   RO          675    .text.svcRtxMessageQueueGet  rtx_msgqueue.o
    0x08003318   0x08003318   0x0000018c   Code   RO          639    .text.svcRtxMessageQueueNew  rtx_msgqueue.o
    0x080034a4   0x080034a4   0x00000142   Code   RO          673    .text.svcRtxMessageQueuePut  rtx_msgqueue.o
    0x080035e6   0x080035e6   0x00000002   PAD
    0x080035e8   0x080035e8   0x000000b2   Code   RO          871    .text.svcRtxThreadExit  rtx_thread.o
    0x0800369a   0x0800369a   0x00000002   PAD
    0x0800369c   0x0800369c   0x00000152   Code   RO          879    .text.svcRtxThreadFlagsSet  rtx_thread.o
    0x080037ee   0x080037ee   0x00000002   PAD
    0x080037f0   0x080037f0   0x0000010a   Code   RO          885    .text.svcRtxThreadFlagsWait  rtx_thread.o
    0x080038fa   0x080038fa   0x00000002   PAD
    0x080038fc   0x080038fc   0x00000244   Code   RO          799    .text.svcRtxThreadNew  rtx_thread.o
    0x08003b40   0x08003b40   0x0000002e   Code   RO           22    .text.thrBUT        blinky.o
    0x08003b6e   0x08003b6e   0x00000002   PAD
    0x08003b70   0x08003b70   0x0000002a   Code   RO           18    .text.thrLED        blinky.o
    0x08003b9a   0x08003b9a   0x0000000e   Code   RO         1329    i.__scatterload_copy  mc_w.l(handlers.o)
    0x08003ba8   0x08003ba8   0x00000002   Code   RO         1330    i.__scatterload_null  mc_w.l(handlers.o)
    0x08003baa   0x08003baa   0x0000000e   Code   RO         1331    i.__scatterload_zeroinit  mc_w.l(handlers.o)
    0x08003bb8   0x08003bb8   0x00000070   Data   RO          556    .rodata             rtx_lib.o
    0x08003c28   0x08003c28   0x00000038   Data   RO          559    .rodata             rtx_lib.o
    0x08003c60   0x08003c60   0x00000010   Data   RO         1287    .rodata.AHBPrescTable  system_stm32f4xx.o
    0x08003c70   0x08003c70   0x00000018   Data   RO          996    .rodata.EventRecorderInfo  eventrecorder.o
    0x08003c88   0x08003c88   0x00000010   Data   RO           62    .rodata.cst16       led_f429discovery.o
    0x08003c98   0x08003c98   0x00000004   Data   RO          558    .rodata.osRtxUserSVC  rtx_lib.o
    0x08003c9c   0x08003c9c   0x00000024   Data   RO          553    .rodata.os_idle_thread_attr  rtx_lib.o
    0x08003cc0   0x08003cc0   0x00000018   Data   RO          555    .rodata.os_timer_mq_attr  rtx_lib.o
    0x08003cd8   0x08003cd8   0x00000024   Data   RO          554    .rodata.os_timer_thread_attr  rtx_lib.o
    0x08003cfc   0x08003cfc   0x0000000b   Data   RO          540    .rodata.str1.4      rtx_kernel.o
    0x08003d07   0x08003d07   0x00000001   PAD
    0x08003d08   0x08003d08   0x00000020   Data   RO         1328    Region$$Table       anon$$obj.o


    Execution Region RW_IRAM2 (Exec base: 0x10000000, Load base: 0x08003dd8, Size: 0x000004e4, Max: 0x00010000, ABSOLUTE, UNINIT)

    Exec Addr    Load Addr    Size         Type   Attr      Idx    E Section Name        Object

    0x10000000        -       0x00000001   Zero   RW          997    .bss.TS_OverflowLock  eventrecorder.o
    0x10000001   0x08003dd8   0x0000003f   PAD
    0x10000040        -       0x000004a4   Zero   RW          995    .bss.noinit         eventrecorder.o


    Execution Region RW_IRAM1 (Exec base: 0x20000000, Load base: 0x08003d28, Size: 0x00008a10, Max: 0x00030000, ABSOLUTE)

    Exec Addr    Load Addr    Size         Type   Attr      Idx    E Section Name        Object

    0x20000000   0x08003d28   0x00000004   Data   RW         1286    .data.SystemCoreClock  system_stm32f4xx.o
    0x20000004   0x08003d2c   0x000000a4   Data   RW          541    .data.os            rtx_kernel.o
    0x200000a8   0x08003dd0   0x00000004   Data   RW         1064    .data.uwTickPrio    stm32f4xx_hal.o
    0x200000ac   0x08003dd4   0x00000004   PAD
    0x200000b0        -       0x00000004   Zero   RW            8    .bss.HAL_GetTick.ticks  main.o
    0x200000b4   0x08003dd4   0x00000004   PAD
    0x200000b8        -       0x00008040   Zero   RW          552    .bss.os             rtx_lib.o
    0x200080f8        -       0x00000001   Zero   RW          951    .bss.os             os_systick.o
    0x200080f9   0x08003dd4   0x00000003   PAD
    0x200080fc        -       0x00000034   Zero   RW          563    .bss.os.msgqueue.cb  rtx_lib.o
    0x20008130        -       0x00000050   Zero   RW          564    .bss.os.msgqueue.mem  rtx_lib.o
    0x20008180        -       0x00000088   Zero   RW          560    .bss.os.thread.cb   rtx_lib.o
    0x20008208        -       0x00000200   Zero   RW          561    .bss.os.thread.idle.stack  rtx_lib.o
    0x20008408        -       0x00000200   Zero   RW          562    .bss.os.thread.timer.stack  rtx_lib.o
    0x20008608        -       0x00000004   Zero   RW           25    .bss.tid_thrBUT     blinky.o
    0x2000860c        -       0x00000004   Zero   RW           24    .bss.tid_thrLED     blinky.o
    0x20008610        -       0x00000400   Zero   RW         1272    STACK               startup_stm32f429xx.o


==============================================================================

Image component sizes


      Code (inc. data)   RO Data    RW Data    ZI Data      Debug   Object Name

       152          0          0          0          8       2807   blinky.o
        84          0          0          0          0       2882   buttons_f429discovery.o
      2422          0         24          0       1189      21146   eventrecorder.o
       260         16          0          0          0        858   irq_armv7m.o
       110          0         16          0          0       3586   led_f429discovery.o
       278          0          0          0          4       5289   main.o
       140          0          0          0          1       5019   os_systick.o
         4          0          0          0          0        742   rtx_config.o
       106          0          0          0          0       3234   rtx_delay.o
      1084          0          0          0          0      37362   rtx_evr.o
       770          0         11        164          0      17684   rtx_kernel.o
       244          0        268          0      34124       6232   rtx_lib.o
       282          0          0          0          0       2872   rtx_memory.o
       250          0          0          0          0      19092   rtx_mempool.o
      2030          0          0          0          0      23139   rtx_msgqueue.o
       182          0          0          0          0      10605   rtx_mutex.o
       422         36          0          0          0       5580   rtx_system.o
      3278         10          0          0          0      41773   rtx_thread.o
       278          0          0          0          0      11589   rtx_timer.o
        36          8        428          0       1024        936   startup_stm32f429xx.o
        62          0          0          4          0       8029   stm32f4xx_hal.o
        32          0          0          0          0      11013   stm32f4xx_hal_cortex.o
       432          0          0          0          0       5398   stm32f4xx_hal_gpio.o
      1294          0          0          0          0       7697   stm32f4xx_hal_rcc.o
       206          0         16          4          0       2892   system_stm32f4xx.o

    ----------------------------------------------------------------------
     14542         70        796        172      36424     257456   Object Totals
         0          0         32          0          0          0   (incl. Generated)
       104          0          1          0         74          0   (incl. Padding)

    ----------------------------------------------------------------------

      Code (inc. data)   RO Data    RW Data    ZI Data      Debug   Library Member Name

         0          0          0          0          0          0   entry.o
         0          0          0          0          0          0   entry10a.o
         0          0          0          0          0          0   entry11a.o
         8          4          0          0          0          0   entry2.o
         4          0          0          0          0          0   entry5.o
         0          0          0          0          0          0   entry7b.o
         0          0          0          0          0          0   entry8b.o
         8          4          0          0          0          0   entry9a.o
        30          0          0          0          0          0   handlers.o
        36          8          0          0          0         68   init.o
        30          0          0          0          0         68   llshl.o
        32          0          0          0          0         68   llushr.o
        36          0          0          0          0         68   memcpya.o
        36          0          0          0          0        108   memseta.o
        98          0          0          0          0         92   uldiv.o

    ----------------------------------------------------------------------
       318         16          0          0          0        472   Library Totals
         0          0          0          0          0          0   (incl. Padding)

    ----------------------------------------------------------------------

      Code (inc. data)   RO Data    RW Data    ZI Data      Debug   Library Name

       318         16          0          0          0        472   mc_w.l

    ----------------------------------------------------------------------
       318         16          0          0          0        472   Library Totals

    ----------------------------------------------------------------------

==============================================================================


      Code (inc. data)   RO Data    RW Data    ZI Data      Debug   

     14860         86        796        172      36424     257536   Grand Totals
     14860         86        796        172      36424     257536   ELF Image Totals
     14860         86        796        172          0          0   ROM Totals

==============================================================================

    Total RO  Size (Code + RO Data)                15656 (  15.29kB)
    Total RW  Size (RW Data + ZI Data)             36596 (  35.74kB)
    Total ROM Size (Code + RO Data + RW Data)      15828 (  15.46kB)

==============================================================================

