<html>
<body>
<pre>
<h1>µVision Build Log</h1>
<h2>Tool Versions:</h2>
IDE-Version: µVision V5.38.0.0
Copyright (C) 2022 ARM Ltd and ARM Germany GmbH. All rights reserved.
License Information: Asogwa asogwaemmanuel36@gmail.com, GITAM, LIC=----
 
Tool Versions:
Toolchain:       MDK-Lite  Version: 5.38.0.0
Toolchain Path:  C:\Keil_v5\ARM\ARMCLANG\Bin
C Compiler:      ArmClang.exe V6.19
Assembler:       Armasm.exe V6.19
Linker/Locator:  ArmLink.exe V6.19
Library Manager: ArmAr.exe V6.19
Hex Converter:   FromElf.exe V6.19
CPU DLL:         SARMCM3.DLL V5.38.0.0
Dialog DLL:      DCM.DLL V1.17.5.0
Target DLL:      STLink\ST-LINKIII-KEIL_SWO.dll V3.1.0.0
Dialog DLL:      TCM.DLL V1.56.4.0
 
<h2>Project:</h2>
C:\Users\asogw\Desktop\ESD source files\embedded-systems-design\0x00 see a program running\Blinky\Blinky.uvprojx
Project File Date:  01/12/2023

<h2>Output:</h2>
*** Using Compiler 'V6.19', folder: 'C:\Keil_v5\ARM\ARMCLANG\Bin'
Rebuild target 'Debug'
compiling Blinky.c...
compiling Buttons_F429Discovery.c...
compiling main.c...
compiling LED_F429Discovery.c...
assembling irq_armv7m.S...
compiling rtx_delay.c...
compiling rtx_evflags.c...
compiling rtx_evr.c...
compiling rtx_kernel.c...
compiling rtx_lib.c...
compiling rtx_memory.c...
compiling rtx_mempool.c...
compiling rtx_msgqueue.c...
compiling rtx_mutex.c...
compiling rtx_semaphore.c...
compiling rtx_system.c...
compiling rtx_timer.c...
compiling os_systick.c...
compiling RTX_Config.c...
compiling rtx_thread.c...
compiling stm32f4xx_hal.c...
compiling EventRecorder.c...
compiling stm32f4xx_hal_cortex.c...
compiling stm32f4xx_hal_pwr.c...
compiling stm32f4xx_hal_gpio.c...
compiling stm32f4xx_hal_pwr_ex.c...
assembling startup_stm32f429xx.s...
compiling stm32f4xx_hal_rcc_ex.c...
compiling stm32f4xx_hal_rcc.c...
compiling system_stm32f4xx.c...
linking...
Program Size: Code=14860 RO-data=796 RW-data=172 ZI-data=36424  
".\Debug\Blinky.axf" - 0 Error(s), 0 Warning(s).

<h2>Software Packages used:</h2>

Package Vendor: ARM
                http://www.keil.com/pack/ARM.CMSIS.5.9.0.pack
                ARM.CMSIS.5.9.0
                CMSIS (Common Microcontroller Software Interface Standard)
   * Component: RTOS2 Version: 2.1.3
   * Component: CORE Version: 5.6.0
   * Component: Keil RTX5 Variant: Source Version: 5.5.4

Package Vendor: Keil
                https://www.keil.com/pack/Keil.ARM_Compiler.1.7.2.pack
                Keil.ARM_Compiler.1.7.2
                Keil ARM Compiler extensions for ARM Compiler 5 and ARM Compiler 6
   * Component: Event Recorder Variant: DAP Version: 1.5.1

Package Vendor: Keil
                https://www.keil.com/pack/Keil.MDK-Middleware.7.16.0.pack
                Keil.MDK-Middleware.7.16.0
                Middleware for Keil MDK-Professional and MDK-Plus
   * Component: Buttons Version: 1.0.0
   * Component: LED Version: 1.0.0

Package Vendor: Keil
                http://www.keil.com/pack/Keil.STM32F4xx_DFP.2.16.0.pack
                Keil.STM32F4xx_DFP.2.16.0
                STMicroelectronics STM32F4 Series Device Support, Drivers and Examples
   * Component: STM32Cube Framework Version: 1.0.0
   * Component: Buttons Version: 1.0.0
   * Component: LED Version: 1.0.0
   * Component: Classic Version: 1.7.13
   * Component: Common Version: 1.7.13
   * Component: Cortex Version: 1.7.13
   * Component: GPIO Version: 1.7.13
   * Component: PWR Version: 1.7.13
   * Component: RCC Version: 1.7.13
   * Component: Startup Version: 2.6.3

<h2>Collection of Component include folders:</h2>
  ./RTE/CMSIS
  ./RTE/Compiler
  ./RTE/Device/STM32F429ZITx
  ./RTE/_Debug
  C:/Users/asogw/AppData/Local/Arm/Packs/ARM/CMSIS/5.9.0/CMSIS/Core/Include
  C:/Users/asogw/AppData/Local/Arm/Packs/ARM/CMSIS/5.9.0/CMSIS/RTOS2/Include
  C:/Users/asogw/AppData/Local/Arm/Packs/ARM/CMSIS/5.9.0/CMSIS/RTOS2/RTX/Include
  C:/Users/asogw/AppData/Local/Arm/Packs/Keil/ARM_Compiler/1.7.2/Include
  C:/Users/asogw/AppData/Local/Arm/Packs/Keil/MDK-Middleware/7.16.0/Board
  C:/Users/asogw/AppData/Local/Arm/Packs/Keil/STM32F4xx_DFP/2.16.0/Drivers/CMSIS/Device/ST/STM32F4xx/Include
  C:/Users/asogw/AppData/Local/Arm/Packs/Keil/STM32F4xx_DFP/2.16.0/Drivers/STM32F4xx_HAL_Driver/Inc

<h2>Collection of Component Files used:</h2>

   * Component: ::Board Support:Buttons:1.0.0 (API)
      Include file:  Board/Board_Buttons.h

   * Component: ::Board Support:LED:1.0.0 (API)
      Include file:  Board/Board_LED.h

   * Component: ::CMSIS:RTOS2:2.1.3 (API)
      Include file:  CMSIS/RTOS2/Include/cmsis_os2.h

   * Component: ::Device:STM32Cube Framework:1.0.0 (API)

   * Component: ARM::CMSIS:CORE:5.6.0

   * Component: ARM::CMSIS:RTOS2:Keil RTX5:Source:5.5.4
      Source file:   CMSIS/RTOS2/RTX/Template/Events.c
      Source file:   CMSIS/RTOS2/RTX/Template/main.c
      Source file:   CMSIS/RTOS2/RTX/Template/svc_user.c
      Source file:   CMSIS/RTOS2/RTX/Source/rtx_kernel.c
      Source file:   CMSIS/RTOS2/RTX/Source/rtx_delay.c
      Source file:   CMSIS/RTOS2/RTX/Source/rtx_timer.c
      Source file:   CMSIS/RTOS2/RTX/Template/Timer.c
      Source file:   CMSIS/RTOS2/RTX/Source/rtx_evflags.c
      Source file:   CMSIS/RTOS2/RTX/Source/rtx_mutex.c
      Source file:   CMSIS/RTOS2/RTX/Template/Thread.c
      Include file:  CMSIS/RTOS2/RTX/Config/RTX_Config.h
      Include file:  CMSIS/RTOS2/RTX/Include/rtx_os.h
      Source file:   CMSIS/RTOS2/RTX/Config/RTX_Config.c
      Source file:   CMSIS/RTOS2/RTX/Template/Mutex.c
      Source file:   CMSIS/RTOS2/RTX/Source/rtx_thread.c
      Source file:   CMSIS/RTOS2/RTX/Source/rtx_semaphore.c
      Source file:   CMSIS/RTOS2/RTX/Template/MemPool.c
      Source file:   CMSIS/RTOS2/RTX/Template/MsgQueue.c
      Source file:   CMSIS/RTOS2/RTX/Template/Semaphore.c
      Source file:   CMSIS/RTOS2/RTX/Source/rtx_memory.c
      Source file:   CMSIS/RTOS2/RTX/Source/rtx_evr.c
      Source file:   CMSIS/RTOS2/RTX/Source/rtx_msgqueue.c
      Source file:   CMSIS/RTOS2/Source/os_systick.c
      Source file:   CMSIS/RTOS2/RTX/Source/rtx_lib.c
      Source file:   CMSIS/RTOS2/RTX/Source/rtx_mempool.c
      Source file:   CMSIS/RTOS2/RTX/Source/GCC/irq_armv7m.S
      Source file:   CMSIS/RTOS2/RTX/Source/rtx_system.c

   * Component: Keil.ARM Compiler::Compiler:Event Recorder:DAP:1.5.1
      Include file:  Config/EventRecorderConf.h
      Source file:   Source/EventRecorder.c
      Include file:  Include/EventRecorder.h

   * Component: Keil.STM32F429I-Discovery::Board Support:Buttons:1.0.0
      Source file:   MDK/Boards/ST/STM32F429I-Discovery/Common/Buttons_F429Discovery.c

   * Component: Keil.STM32F429I-Discovery::Board Support:LED:1.0.0
      Source file:   MDK/Boards/ST/STM32F429I-Discovery/Common/LED_F429Discovery.c

   * Component: Keil::Device:STM32Cube Framework:Classic:1.7.13
      Include file:  MDK/Templates/Inc/main.h
      Source file:   MDK/Templates/Src/main.c
      Include file:  MDK/Templates_LL/Inc/main.h
      Include file:  MDK/Templates/Inc/stm32f4xx_hal_conf.h
      Source file:   MDK/Templates/Src/stm32f4xx_hal_msp.c
      Source file:   MDK/Templates/Src/stm32f4xx_it.c
      Include file:  MDK/Templates/Inc/stm32f4xx_it.h
      Source file:   MDK/Templates_LL/Src/main.c
      Include file:  CMSIS/Driver/Config/RTE_Device.h

   * Component: Keil::Device:STM32Cube HAL:Common:1.7.13
      Source file:   Drivers/STM32F4xx_HAL_Driver/Src/stm32f4xx_hal.c
      Include file:  Drivers/STM32F4xx_HAL_Driver/Inc/stm32f4xx_hal.h

   * Component: Keil::Device:STM32Cube HAL:Cortex:1.7.13
      Source file:   Drivers/STM32F4xx_HAL_Driver/Src/stm32f4xx_hal_cortex.c

   * Component: Keil::Device:STM32Cube HAL:GPIO:1.7.13
      Source file:   Drivers/STM32F4xx_HAL_Driver/Src/stm32f4xx_hal_gpio.c

   * Component: Keil::Device:STM32Cube HAL:PWR:1.7.13
      Source file:   Drivers/STM32F4xx_HAL_Driver/Src/stm32f4xx_hal_pwr_ex.c
      Source file:   Drivers/STM32F4xx_HAL_Driver/Src/stm32f4xx_hal_pwr.c

   * Component: Keil::Device:STM32Cube HAL:RCC:1.7.13
      Source file:   Drivers/STM32F4xx_HAL_Driver/Src/stm32f4xx_hal_rcc.c
      Source file:   Drivers/STM32F4xx_HAL_Driver/Src/stm32f4xx_hal_rcc_ex.c

   * Component: Keil::Device:Startup:2.6.3
      Source file:   Drivers/CMSIS/Device/ST/STM32F4xx/Source/Templates/system_stm32f4xx.c
      Source file:   MDK/Device/Source/ARM/STM32F42xxx_43xxx_OPT.s
      Source file:   MDK/Device/Source/ARM/STM32F4xx_OTP.s
      Source file:   Drivers/CMSIS/Device/ST/STM32F4xx/Source/Templates/arm/startup_stm32f429xx.s
      Include file:  Drivers/CMSIS/Device/ST/STM32F4xx/Include/stm32f4xx.h
Build Time Elapsed:  00:00:16
</pre>
</body>
</html>
